Archive member included to satisfy reference by file (symbol)

/usr/local/mcuxpresso-ide/ide/tools/bin/../lib/gcc/arm-none-eabi/7.2.1/../../../../arm-none-eabi/lib/thumb/v7e-m/fpv4-sp/hard/libcr_semihost_nf.a(_cr__main.o)
                              ./startup/startup_mk64f12.o (__main)
/usr/local/mcuxpresso-ide/ide/tools/bin/../lib/gcc/arm-none-eabi/7.2.1/../../../../arm-none-eabi/lib/thumb/v7e-m/fpv4-sp/hard/libcr_semihost_nf.a(_cr_assert.o)
                              ./drivers/fsl_clock.o (__assertion_failed)
/usr/local/mcuxpresso-ide/ide/tools/bin/../lib/gcc/arm-none-eabi/7.2.1/../../../../arm-none-eabi/lib/thumb/v7e-m/fpv4-sp/hard/libcr_semihost_nf.a(__ciob.o)
                              /usr/local/mcuxpresso-ide/ide/tools/bin/../lib/gcc/arm-none-eabi/7.2.1/../../../../arm-none-eabi/lib/thumb/v7e-m/fpv4-sp/hard/libcr_semihost_nf.a(_cr_assert.o) (__Ciob)
/usr/local/mcuxpresso-ide/ide/tools/bin/../lib/gcc/arm-none-eabi/7.2.1/../../../../arm-none-eabi/lib/thumb/v7e-m/fpv4-sp/hard/libcr_semihost_nf.a(__sys_appexit.o)
                              /usr/local/mcuxpresso-ide/ide/tools/bin/../lib/gcc/arm-none-eabi/7.2.1/../../../../arm-none-eabi/lib/thumb/v7e-m/fpv4-sp/hard/libcr_semihost_nf.a(_cr_assert.o) (__sys_appexit)
/usr/local/mcuxpresso-ide/ide/tools/bin/../lib/gcc/arm-none-eabi/7.2.1/../../../../arm-none-eabi/lib/thumb/v7e-m/fpv4-sp/hard/libcr_c.a(memcpy.o)
                              ./amazon-freertos/TraceRecorder/streamports/Jlink_RTT/SEGGER_RTT.o (memcpy)
/usr/local/mcuxpresso-ide/ide/tools/bin/../lib/gcc/arm-none-eabi/7.2.1/../../../../arm-none-eabi/lib/thumb/v7e-m/fpv4-sp/hard/libcr_c.a(memset.o)
                              ./drivers/fsl_uart.o (memset)
/usr/local/mcuxpresso-ide/ide/tools/bin/../lib/gcc/arm-none-eabi/7.2.1/../../../../arm-none-eabi/lib/thumb/v7e-m/fpv4-sp/hard/libcr_c.a(_deferredlazyseek.o)
                              /usr/local/mcuxpresso-ide/ide/tools/bin/../lib/gcc/arm-none-eabi/7.2.1/../../../../arm-none-eabi/lib/thumb/v7e-m/fpv4-sp/hard/libcr_semihost_nf.a(_cr_assert.o) (__flsbuf)
/usr/local/mcuxpresso-ide/ide/tools/bin/../lib/gcc/arm-none-eabi/7.2.1/../../../../arm-none-eabi/lib/thumb/v7e-m/fpv4-sp/hard/libcr_c.a(_fflush.o)
                              /usr/local/mcuxpresso-ide/ide/tools/bin/../lib/gcc/arm-none-eabi/7.2.1/../../../../arm-none-eabi/lib/thumb/v7e-m/fpv4-sp/hard/libcr_c.a(_deferredlazyseek.o) (_fflush)
/usr/local/mcuxpresso-ide/ide/tools/bin/../lib/gcc/arm-none-eabi/7.2.1/../../../../arm-none-eabi/lib/thumb/v7e-m/fpv4-sp/hard/libcr_c.a(_writebuf.o)
                              /usr/local/mcuxpresso-ide/ide/tools/bin/../lib/gcc/arm-none-eabi/7.2.1/../../../../arm-none-eabi/lib/thumb/v7e-m/fpv4-sp/hard/libcr_c.a(_deferredlazyseek.o) (_Cwritebuf)
/usr/local/mcuxpresso-ide/ide/tools/bin/../lib/gcc/arm-none-eabi/7.2.1/../../../../arm-none-eabi/lib/thumb/v7e-m/fpv4-sp/hard/libcr_c.a(alloc.o)
                              ./drivers/fsl_common.o (malloc)
/usr/local/mcuxpresso-ide/ide/tools/bin/../lib/gcc/arm-none-eabi/7.2.1/../../../../arm-none-eabi/lib/thumb/v7e-m/fpv4-sp/hard/libcr_c.a(fputs.o)
                              /usr/local/mcuxpresso-ide/ide/tools/bin/../lib/gcc/arm-none-eabi/7.2.1/../../../../arm-none-eabi/lib/thumb/v7e-m/fpv4-sp/hard/libcr_semihost_nf.a(_cr_assert.o) (fputs)
/usr/local/mcuxpresso-ide/ide/tools/bin/../lib/gcc/arm-none-eabi/7.2.1/../../../../arm-none-eabi/lib/thumb/v7e-m/fpv4-sp/hard/libcr_c.a(fseek.o)
                              /usr/local/mcuxpresso-ide/ide/tools/bin/../lib/gcc/arm-none-eabi/7.2.1/../../../../arm-none-eabi/lib/thumb/v7e-m/fpv4-sp/hard/libcr_c.a(_deferredlazyseek.o) (fseek)
/usr/local/mcuxpresso-ide/ide/tools/bin/../lib/gcc/arm-none-eabi/7.2.1/../../../../arm-none-eabi/lib/thumb/v7e-m/fpv4-sp/hard/libcr_c.a(ftell.o)
                              /usr/local/mcuxpresso-ide/ide/tools/bin/../lib/gcc/arm-none-eabi/7.2.1/../../../../arm-none-eabi/lib/thumb/v7e-m/fpv4-sp/hard/libcr_c.a(fseek.o) (ftell)
/usr/local/mcuxpresso-ide/ide/tools/bin/../lib/gcc/arm-none-eabi/7.2.1/../../../../arm-none-eabi/lib/thumb/v7e-m/fpv4-sp/hard/libcr_c.a(initio.o)
                              /usr/local/mcuxpresso-ide/ide/tools/bin/../lib/gcc/arm-none-eabi/7.2.1/../../../../arm-none-eabi/lib/thumb/v7e-m/fpv4-sp/hard/libcr_semihost_nf.a(_cr__main.o) (_initio)
/usr/local/mcuxpresso-ide/ide/tools/bin/../lib/gcc/arm-none-eabi/7.2.1/../../../../arm-none-eabi/lib/thumb/v7e-m/fpv4-sp/hard/libcr_c.a(itoa.o)
                              ./source/TP4_SO2.o (itoa)
/usr/local/mcuxpresso-ide/ide/tools/bin/../lib/gcc/arm-none-eabi/7.2.1/../../../../arm-none-eabi/lib/thumb/v7e-m/fpv4-sp/hard/libcr_c.a(printf.o)
                              ./source/TP4_SO2.o (_printf)
/usr/local/mcuxpresso-ide/ide/tools/bin/../lib/gcc/arm-none-eabi/7.2.1/../../../../arm-none-eabi/lib/thumb/v7e-m/fpv4-sp/hard/libcr_c.a(setvbuf.o)
[...]
Memory Configuration

Name             Origin             Length             Attributes
PROGRAM_FLASH    0x0000000000000000 0x0000000000100000 xr
SRAM_UPPER       0x0000000020000000 0x0000000000030000 xrw
SRAM_LOWER       0x000000001fff0000 0x0000000000010000 xrw
FLEX_RAM         0x0000000014000000 0x0000000000001000 xrw
*default*        0x0000000000000000 0xffffffffffffffff

Linker script and memory map

LOAD ./startup/startup_mk64f12.o
LOAD ./source/TP4_SO2.o
LOAD ./source/semihost_hardfault.o
LOAD ./drivers/freertos/fsl_uart_freertos.o
LOAD ./drivers/fsl_clock.o
LOAD ./drivers/fsl_common.o
LOAD ./drivers/fsl_uart.o
LOAD ./board/board.o
LOAD ./board/clock_config.o
LOAD ./board/peripherals.o
LOAD ./board/pin_mux.o
LOAD ./amazon-freertos/portable/fsl_tickless_systick.o
LOAD ./amazon-freertos/portable/heap_4.o
LOAD ./amazon-freertos/TraceRecorder/streamports/Jlink_RTT/SEGGER_RTT.o
LOAD ./amazon-freertos/TraceRecorder/streamports/Jlink_RTT/trcStreamingPort.o
LOAD ./amazon-freertos/TraceRecorder/streamports/File/trcStreamingPort.o
LOAD ./amazon-freertos/TraceRecorder/streamports/ARM_ITM/trcStreamingPort.o
LOAD ./amazon-freertos/TraceRecorder/trcKernelPort.o
LOAD ./amazon-freertos/TraceRecorder/trcSnapshotRecorder.o
LOAD ./amazon-freertos/TraceRecorder/trcStreamingRecorder.o
LOAD ./amazon-freertos/FreeRTOS/portable/port.o
LOAD ./amazon-freertos/FreeRTOS/event_groups.o
LOAD ./amazon-freertos/FreeRTOS/list.o
LOAD ./amazon-freertos/FreeRTOS/queue.o
LOAD ./amazon-freertos/FreeRTOS/stream_buffer.o
LOAD ./amazon-freertos/FreeRTOS/tasks.o
LOAD ./amazon-freertos/FreeRTOS/timers.o
LOAD ./CMSIS/system_MK64F12.o
START GROUP
LOAD /usr/local/mcuxpresso-ide/ide/tools/bin/../lib/gcc/arm-none-eabi/7.2.1/../../../../arm-none-eabi/lib/thumb/v7e-m/fpv4-sp/hard/libcr_semihost_nf.a
LOAD /usr/local/mcuxpresso-ide/ide/tools/bin/../lib/gcc/arm-none-eabi/7.2.1/../../../../arm-none-eabi/lib/thumb/v7e-m/fpv4-sp/hard/libcr_c.a
LOAD /usr/local/mcuxpresso-ide/ide/tools/bin/../lib/gcc/arm-none-eabi/7.2.1/thumb/v7e-m/fpv4-sp/hard/libcr_eabihelpers.a
END GROUP
                0x0000000000000000                __base_PROGRAM_FLASH = 0x0
                0x0000000000000000                __base_Flash = 0x0
                0x0000000000100000                __top_PROGRAM_FLASH = 0x100000
                0x0000000000100000                __top_Flash = 0x100000
                0x0000000020000000                __base_SRAM_UPPER = 0x20000000
                0x0000000020000000                __base_RAM = 0x20000000
                0x0000000020030000                __top_SRAM_UPPER = 0x20030000
                0x0000000020030000                __top_RAM = 0x20030000
                0x000000001fff0000                __base_SRAM_LOWER = 0x1fff0000
                0x000000001fff0000                __base_RAM2 = 0x1fff0000
                0x0000000020000000                __top_SRAM_LOWER = 0x20000000
                0x0000000020000000                __top_RAM2 = 0x20000000
                0x0000000014000000                __base_FLEX_RAM = 0x14000000
                0x0000000014000000                __base_RAM3 = 0x14000000
                0x0000000014001000                __top_FLEX_RAM = 0x14001000
                0x0000000014001000                __top_RAM3 = 0x14001000

.text           0x0000000000000000     0x8088
 FILL mask 0xff
                0x0000000000000000                __vectors_start__ = ABSOLUTE (.)
 *(SORT_BY_ALIGNMENT(.isr_vector))
 .isr_vector    0x0000000000000000      0x198 ./startup/startup_mk64f12.o
                0x0000000000000000                __Vectors
                0x0000000000000000                g_pfnVectors
                0x0000000000000198                . = ALIGN (0x4)
                0x0000000000000198                __section_table_start = .
                0x0000000000000198                __data_section_table = .
                0x0000000000000198        0x4 LONG 0x8088 LOADADDR (.data)
                0x000000000000019c        0x4 LONG 0x20000000 ADDR (.data)
                0x00000000000001a0        0x4 LONG 0x100 SIZEOF (.data)
                0x00000000000001a4        0x4 LONG 0x8088 LOADADDR (.data_RAM2)
                0x00000000000001a8        0x4 LONG 0x1fff0000 ADDR (.data_RAM2)
                0x00000000000001ac        0x4 LONG 0x0 SIZEOF (.data_RAM2)
                0x00000000000001b0        0x4 LONG 0x8088 LOADADDR (.data_RAM3)
                0x00000000000001b4        0x4 LONG 0x14000000 ADDR (.data_RAM3)
                0x00000000000001b8        0x4 LONG 0x0 SIZEOF (.data_RAM3)
                0x00000000000001bc                __data_section_table_end = .
                0x00000000000001bc                __bss_section_table = .
                0x00000000000001bc        0x4 LONG 0x20000100 ADDR (.bss)
                0x00000000000001c0        0x4 LONG 0x1bb68 SIZEOF (.bss)
                0x00000000000001c4        0x4 LONG 0x1fff0000 ADDR (.bss_RAM2)
                0x00000000000001c8        0x4 LONG 0x0 SIZEOF (.bss_RAM2)
                0x00000000000001cc        0x4 LONG 0x14000000 ADDR (.bss_RAM3)
                0x00000000000001d0        0x4 LONG 0x0 SIZEOF (.bss_RAM3)
                0x00000000000001d4                __bss_section_table_end = .
                0x00000000000001d4                __section_table_end = .
 *(SORT_BY_ALIGNMENT(.after_vectors*))
 .after_vectors.reset
                0x00000000000001d4       0x4c ./startup/startup_mk64f12.o
                0x00000000000001d4                ResetISR
 .after_vectors.init_data
                0x0000000000000220       0x1e ./startup/startup_mk64f12.o
                0x0000000000000220                data_init
 .after_vectors.init_bss
                0x000000000000023e       0x12 ./startup/startup_mk64f12.o
                0x000000000000023e                bss_init
 .after_vectors
                0x0000000000000250       0x14 ./startup/startup_mk64f12.o
                0x0000000000000250                NMI_Handler
                0x0000000000000254                MemManage_Handler
                0x0000000000000256                BusFault_Handler
                0x0000000000000258                UsageFault_Handler
                0x000000000000025c                DebugMon_Handler
                0x0000000000000262                DMA0_DriverIRQHandler
                0x0000000000000262                PORTB_DriverIRQHandler
                0x0000000000000262                DMA12_DriverIRQHandler
                0x0000000000000262                SPI1_DriverIRQHandler
                0x0000000000000262                LPTMR0_DriverIRQHandler
                0x0000000000000262                DMA_Error_DriverIRQHandler
                0x0000000000000262                FTM1_DriverIRQHandler
                0x0000000000000262                FTM2_DriverIRQHandler
                0x0000000000000262                PIT2_DriverIRQHandler
                0x0000000000000262                SDHC_DriverIRQHandler
                0x0000000000000262                I2S0_Tx_DriverIRQHandler
                0x0000000000000262                RTC_Seconds_DriverIRQHandler
                0x0000000000000262                DMA6_DriverIRQHandler
                0x0000000000000262                LLWU_DriverIRQHandler
                0x0000000000000262                MCM_DriverIRQHandler
                0x0000000000000262                MCG_DriverIRQHandler
                0x0000000000000262                ENET_1588_Timer_DriverIRQHandler
                0x0000000000000262                I2C2_DriverIRQHandler
                0x0000000000000262                DAC1_DriverIRQHandler
                0x0000000000000262                CMP1_DriverIRQHandler
                0x0000000000000262                FTM0_DriverIRQHandler
                0x0000000000000262                IntDefaultHandler
                0x0000000000000262                USB0_DriverIRQHandler
                0x0000000000000262                UART5_ERR_DriverIRQHandler
                0x0000000000000262                PORTC_DriverIRQHandler
                0x0000000000000262                DMA11_DriverIRQHandler
                0x0000000000000262                DAC0_DriverIRQHandler
                0x0000000000000262                DMA10_DriverIRQHandler
                0x0000000000000262                CMP2_DriverIRQHandler
                0x0000000000000262                UART2_ERR_DriverIRQHandler
                0x0000000000000262                SPI2_DriverIRQHandler
                0x0000000000000262                LVD_LVW_DriverIRQHandler
                0x0000000000000262                PIT0_DriverIRQHandler
                0x0000000000000262                RNG_DriverIRQHandler
                0x0000000000000262                DMA5_DriverIRQHandler
                0x0000000000000262                DMA4_DriverIRQHandler
                0x0000000000000262                USBDCD_DriverIRQHandler
                0x0000000000000262                UART3_ERR_DriverIRQHandler
                0x0000000000000262                DMA3_DriverIRQHandler
                0x0000000000000262                DMA8_DriverIRQHandler
                0x0000000000000262                DMA9_DriverIRQHandler
                0x0000000000000262                UART0_ERR_DriverIRQHandler
                0x0000000000000262                CMT_DriverIRQHandler
                0x0000000000000262                Reserved71_DriverIRQHandler
                0x0000000000000262                ADC1_DriverIRQHandler
                0x0000000000000262                PORTA_DriverIRQHandler
                0x0000000000000262                DMA14_DriverIRQHandler
                0x0000000000000262                PIT3_DriverIRQHandler
                0x0000000000000262                PIT1_DriverIRQHandler
                0x0000000000000262                WDOG_EWM_DriverIRQHandler
                0x0000000000000262                PDB0_DriverIRQHandler
                0x0000000000000262                RTC_DriverIRQHandler
                0x0000000000000262                I2S0_Rx_DriverIRQHandler
                0x0000000000000262                Read_Collision_DriverIRQHandler
                0x0000000000000262                SWI_DriverIRQHandler
                0x0000000000000262                UART4_ERR_DriverIRQHandler
                0x0000000000000262                UART0_LON_DriverIRQHandler
                0x0000000000000262                DMA1_DriverIRQHandler
                0x0000000000000262                I2C1_DriverIRQHandler
                0x0000000000000262                ENET_Receive_DriverIRQHandler
                0x0000000000000262                DMA13_DriverIRQHandler
                0x0000000000000262                ENET_Error_DriverIRQHandler
                0x0000000000000262                DMA15_DriverIRQHandler
                0x0000000000000262                SPI0_DriverIRQHandler
                0x0000000000000262                ADC0_DriverIRQHandler
                0x0000000000000262                CMP0_DriverIRQHandler
                0x0000000000000262                CAN0_DriverIRQHandler
                0x0000000000000262                FTM3_DriverIRQHandler
                0x0000000000000262                UART1_ERR_DriverIRQHandler
                0x0000000000000262                DMA2_DriverIRQHandler
                0x0000000000000262                ENET_Transmit_DriverIRQHandler
                0x0000000000000262                PORTD_DriverIRQHandler
                0x0000000000000262                PORTE_DriverIRQHandler
                0x0000000000000262                FTFE_DriverIRQHandler
                0x0000000000000262                I2C0_DriverIRQHandler
                0x0000000000000262                DMA7_DriverIRQHandler
                0x0000000000000400                . = 0x400
 *fill*         0x0000000000000264      0x19c ff
                0x0000000000000400                PROVIDE (__FLASH_CONFIG_START__, .)
 *(SORT_BY_ALIGNMENT(.FlashConfig))
 .FlashConfig   0x0000000000000400       0x10 ./startup/startup_mk64f12.o
                0x0000000000000400                Flash_Config
                0x0000000000000410                PROVIDE (__FLASH_CONFIG_END__, .)
                0x0000000000000001                ASSERT (! ((__FLASH_CONFIG_START__ == __FLASH_CONFIG_END__)), Linker Flash Config Support Enabled, but no .FlashConfig section provided within application)
 *(SORT_BY_ALIGNMENT(.text*))
 .text.SVC_Handler
                0x0000000000000410       0x28 ./amazon-freertos/FreeRTOS/portable/port.o
                0x0000000000000410                SVC_Handler
 *fill*         0x0000000000000438        0x8 ff
 .text.PendSV_Handler
                0x0000000000000440       0x68 ./amazon-freertos/FreeRTOS/portable/port.o
                0x0000000000000440                PendSV_Handler
 .text.vTeclado
                0x00000000000004a8      0x104 ./source/TP4_SO2.o
                0x00000000000004a8                vTeclado
 .text.vSensor  0x00000000000005ac       0x7c ./source/TP4_SO2.o
                0x00000000000005ac                vSensor
 .text.vConsumidor
                0x0000000000000628       0x40 ./source/TP4_SO2.o
                0x0000000000000628                vConsumidor
 .text.main     0x0000000000000668       0x8c ./source/TP4_SO2.o
                0x0000000000000668                main
 .text.UART0_DriverIRQHandler
                0x00000000000006f4       0x28 ./drivers/fsl_uart.o
                0x00000000000006f4                UART0_DriverIRQHandler
 .text.UART1_DriverIRQHandler
                0x000000000000071c       0x28 ./drivers/fsl_uart.o
                0x000000000000071c                UART1_DriverIRQHandler
 .text.UART2_DriverIRQHandler
                0x0000000000000744       0x28 ./drivers/fsl_uart.o
                0x0000000000000744                UART2_DriverIRQHandler
 .text.UART3_DriverIRQHandler
                0x000000000000076c       0x28 ./drivers/fsl_uart.o
                0x000000000000076c                UART3_DriverIRQHandler
 .text.UART4_DriverIRQHandler
                0x0000000000000794       0x28 ./drivers/fsl_uart.o
                0x0000000000000794                UART4_DriverIRQHandler
 .text.UART5_DriverIRQHandler
                0x00000000000007bc       0x28 ./drivers/fsl_uart.o
                0x00000000000007bc                UART5_DriverIRQHandler
 .text.vPortSetupTimerInterrupt
                0x00000000000007e4       0x48 ./amazon-freertos/portable/fsl_tickless_systick.o
                0x00000000000007e4                vPortSetupTimerInterrupt
 .text.pvPortMalloc
                0x000000000000082c      0x1a4 ./amazon-freertos/portable/heap_4.o
                0x000000000000082c                pvPortMalloc
 .text.vPortFree
                0x00000000000009d0       0xc0 ./amazon-freertos/portable/heap_4.o
                0x00000000000009d0                vPortFree
 .text.prvHeapInit
                0x0000000000000a90       0xc4 ./amazon-freertos/portable/heap_4.o
 .text.prvInsertBlockIntoFreeList
                0x0000000000000b54       0xb4 ./amazon-freertos/portable/heap_4.o
 .text.vTraceInitObjectPropertyTable
                0x0000000000000c08      0x19c ./amazon-freertos/TraceRecorder/trcKernelPort.o
                0x0000000000000c08                vTraceInitObjectPropertyTable
 .text.vTraceInitObjectHandleStack
                0x0000000000000da4       0xc8 ./amazon-freertos/TraceRecorder/trcKernelPort.o
                0x0000000000000da4                vTraceInitObjectHandleStack
 .text.pszTraceGetErrorNotEnoughHandles
                0x0000000000000e6c       0x98 ./amazon-freertos/TraceRecorder/trcKernelPort.o
                0x0000000000000e6c                pszTraceGetErrorNotEnoughHandles
 .text.vTraceEnable
                0x0000000000000f04       0x44 ./amazon-freertos/TraceRecorder/trcSnapshotRecorder.o
                0x0000000000000f04                vTraceEnable
 .text.uiTraceStart
                0x0000000000000f48       0xdc ./amazon-freertos/TraceRecorder/trcSnapshotRecorder.o
                0x0000000000000f48                uiTraceStart
 .text.vTraceStop
                0x0000000000001024       0x30 ./amazon-freertos/TraceRecorder/trcSnapshotRecorder.o
                0x0000000000001024                vTraceStop
 .text.prvTraceStoreTaskReady
                0x0000000000001054       0xc8 ./amazon-freertos/TraceRecorder/trcSnapshotRecorder.o
                0x0000000000001054                prvTraceStoreTaskReady
 .text.vTraceStoreMemMangEvent
                0x000000000000111c      0x118 ./amazon-freertos/TraceRecorder/trcSnapshotRecorder.o
                0x000000000000111c                vTraceStoreMemMangEvent
 .text.prvTraceStoreKernelCall
                0x0000000000001234       0xf8 ./amazon-freertos/TraceRecorder/trcSnapshotRecorder.o
                0x0000000000001234                prvTraceStoreKernelCall
 .text.prvTraceStoreKernelCallWithParam
                0x000000000000132c      0x110 ./amazon-freertos/TraceRecorder/trcSnapshotRecorder.o
                0x000000000000132c                prvTraceStoreKernelCallWithParam
 .text.prvTraceGetParam
                0x000000000000143c       0x78 ./amazon-freertos/TraceRecorder/trcSnapshotRecorder.o
 .text.prvTraceStoreKernelCallWithNumericParamOnly
                0x00000000000014b4       0xc8 ./amazon-freertos/TraceRecorder/trcSnapshotRecorder.o
                0x00000000000014b4                prvTraceStoreKernelCallWithNumericParamOnly
 .text.prvTraceStoreTaskswitch
                0x000000000000157c       0xe0 ./amazon-freertos/TraceRecorder/trcSnapshotRecorder.o
                0x000000000000157c                prvTraceStoreTaskswitch
 .text.prvTraceSetPriorityProperty
                0x000000000000165c       0x78 ./amazon-freertos/TraceRecorder/trcSnapshotRecorder.o
                0x000000000000165c                prvTraceSetPriorityProperty
 .text.prvTraceGetPriorityProperty
                0x00000000000016d4       0x7c ./amazon-freertos/TraceRecorder/trcSnapshotRecorder.o
                0x00000000000016d4                prvTraceGetPriorityProperty
 .text.prvTraceSetObjectState
                0x0000000000001750       0x78 ./amazon-freertos/TraceRecorder/trcSnapshotRecorder.o
                0x0000000000001750                prvTraceSetObjectState
 .text.prvTraceGetObjectState
                0x00000000000017c8       0x78 ./amazon-freertos/TraceRecorder/trcSnapshotRecorder.o
 .text.prvTraceSetTaskInstanceFinished
                0x0000000000001840       0x54 ./amazon-freertos/TraceRecorder/trcSnapshotRecorder.o
                0x0000000000001840                prvTraceSetTaskInstanceFinished
 .text.prvTraceInitTraceData
                0x0000000000001894      0x22c ./amazon-freertos/TraceRecorder/trcSnapshotRecorder.o
 .text.prvTraceNextFreeEventBufferSlot
                0x0000000000001ac0       0x48 ./amazon-freertos/TraceRecorder/trcSnapshotRecorder.o
 .text.uiIndexOfObject
                0x0000000000001b08       0xb0 ./amazon-freertos/TraceRecorder/trcSnapshotRecorder.o
                0x0000000000001b08                uiIndexOfObject
 .text.prvTraceGetObjectHandle
                0x0000000000001bb8      0x158 ./amazon-freertos/TraceRecorder/trcSnapshotRecorder.o
                0x0000000000001bb8                prvTraceGetObjectHandle
 .text.prvMarkObjectAsUsed
                0x0000000000001d10       0x3c ./amazon-freertos/TraceRecorder/trcSnapshotRecorder.o
                0x0000000000001d10                prvMarkObjectAsUsed
 .text.prvTraceSetObjectName
                0x0000000000001d4c       0xbc ./amazon-freertos/TraceRecorder/trcSnapshotRecorder.o
                0x0000000000001d4c                prvTraceSetObjectName
 .text.prvTraceError
                0x0000000000001e08       0x58 ./amazon-freertos/TraceRecorder/trcSnapshotRecorder.o
                0x0000000000001e08                prvTraceError
 .text.prvCheckDataToBeOverwrittenForMultiEntryEvents
                0x0000000000001e60      0x114 ./amazon-freertos/TraceRecorder/trcSnapshotRecorder.o
 .text.prvTraceUpdateCounters
                0x0000000000001f74       0x50 ./amazon-freertos/TraceRecorder/trcSnapshotRecorder.o
 .text.prvTraceGetDTS
                0x0000000000001fc4      0x1b0 ./amazon-freertos/TraceRecorder/trcSnapshotRecorder.o
 .text.prvTraceInitCortexM
                0x0000000000002174       0x6c ./amazon-freertos/TraceRecorder/trcSnapshotRecorder.o
                0x0000000000002174                prvTraceInitCortexM
 .text.prvTracePortGetTimeStamp
                0x00000000000021e0       0x94 ./amazon-freertos/TraceRecorder/trcSnapshotRecorder.o
                0x00000000000021e0                prvTracePortGetTimeStamp
 .text.pxPortInitialiseStack
                0x0000000000002274       0x68 ./amazon-freertos/FreeRTOS/portable/port.o
                0x0000000000002274                pxPortInitialiseStack
 .text.prvTaskExitError
                0x00000000000022dc       0x54 ./amazon-freertos/FreeRTOS/portable/port.o
 .text.prvPortStartFirstTask
                0x0000000000002330       0x28 ./amazon-freertos/FreeRTOS/portable/port.o
 .text.xPortStartScheduler
                0x0000000000002358      0x15c ./amazon-freertos/FreeRTOS/portable/port.o
                0x0000000000002358                xPortStartScheduler
 .text.vPortEnterCritical
                0x00000000000024b4       0x5c ./amazon-freertos/FreeRTOS/portable/port.o
                0x00000000000024b4                vPortEnterCritical
 .text.vPortExitCritical
                0x0000000000002510       0x50 ./amazon-freertos/FreeRTOS/portable/port.o
                0x0000000000002510                vPortExitCritical
 .text.SysTick_Handler
                0x0000000000002560       0x40 ./amazon-freertos/FreeRTOS/portable/port.o
                0x0000000000002560                SysTick_Handler
 .text.vPortEnableVFP
                0x00000000000025a0       0x14 ./amazon-freertos/FreeRTOS/portable/port.o
 .text.vPortValidateInterruptPriority
                0x00000000000025b4       0x7c ./amazon-freertos/FreeRTOS/portable/port.o
                0x00000000000025b4                vPortValidateInterruptPriority
 .text.xQueueGenericReset
                0x0000000000002630       0xd0 ./amazon-freertos/FreeRTOS/queue.o
                0x0000000000002630                xQueueGenericReset
 .text.xQueueGenericCreate
                0x0000000000002700       0xac ./amazon-freertos/FreeRTOS/queue.o
                0x0000000000002700                xQueueGenericCreate
 .text.prvInitialiseNewQueue
                0x00000000000027ac      0x128 ./amazon-freertos/FreeRTOS/queue.o
 .text.xQueueGenericSend
                0x00000000000028d4      0x414 ./amazon-freertos/FreeRTOS/queue.o
                0x00000000000028d4                xQueueGenericSend
 .text.xQueueGenericSendFromISR
                0x0000000000002ce8      0x208 ./amazon-freertos/FreeRTOS/queue.o
                0x0000000000002ce8                xQueueGenericSendFromISR
 .text.xQueueReceive
                0x0000000000002ef0      0x404 ./amazon-freertos/FreeRTOS/queue.o
                0x0000000000002ef0                xQueueReceive
 .text.vQueueAddToRegistry
                0x00000000000032f4       0x74 ./amazon-freertos/FreeRTOS/queue.o
                0x00000000000032f4                vQueueAddToRegistry
 .text.prvAddNewTaskToReadyList
                0x0000000000003368      0x1a4 ./amazon-freertos/FreeRTOS/tasks.o
 .text.vTaskDelay
                0x000000000000350c       0xd8 ./amazon-freertos/FreeRTOS/tasks.o
                0x000000000000350c                vTaskDelay
 .text.vTaskStartScheduler
                0x00000000000035e4       0x98 ./amazon-freertos/FreeRTOS/tasks.o
                0x00000000000035e4                vTaskStartScheduler
 .text.vTaskSuspendAll
                0x000000000000367c       0x1c ./amazon-freertos/FreeRTOS/tasks.o
                0x000000000000367c                vTaskSuspendAll
 .text.xTaskResumeAll
                0x0000000000003698      0x160 ./amazon-freertos/FreeRTOS/tasks.o
                0x0000000000003698                xTaskResumeAll
 .text.xTaskGetTickCount
                0x00000000000037f8       0x20 ./amazon-freertos/FreeRTOS/tasks.o
                0x00000000000037f8                xTaskGetTickCount
 .text.xTaskIncrementTick
                0x0000000000003818      0x1c0 ./amazon-freertos/FreeRTOS/tasks.o
                0x0000000000003818                xTaskIncrementTick
 .text.vTaskSwitchContext
                0x00000000000039d8       0xe8 ./amazon-freertos/FreeRTOS/tasks.o
                0x00000000000039d8                vTaskSwitchContext
 .text.vTaskPlaceOnEventList
                0x0000000000003ac0       0x48 ./amazon-freertos/FreeRTOS/tasks.o
                0x0000000000003ac0                vTaskPlaceOnEventList
 .text.vTaskPlaceOnEventListRestricted
                0x0000000000003b08       0xcc ./amazon-freertos/FreeRTOS/tasks.o
                0x0000000000003b08                vTaskPlaceOnEventListRestricted
 .text.xTaskRemoveFromEventList
                0x0000000000003bd4       0xec ./amazon-freertos/FreeRTOS/tasks.o
                0x0000000000003bd4                xTaskRemoveFromEventList
 .text.vTaskInternalSetTimeOutState
                0x0000000000003cc0       0x2c ./amazon-freertos/FreeRTOS/tasks.o
                0x0000000000003cc0                vTaskInternalSetTimeOutState
 .text.xTaskCheckForTimeOut
                0x0000000000003cec       0xc0 ./amazon-freertos/FreeRTOS/tasks.o
                0x0000000000003cec                xTaskCheckForTimeOut
 .text.vTaskMissedYield
                0x0000000000003dac       0x18 ./amazon-freertos/FreeRTOS/tasks.o
                0x0000000000003dac                vTaskMissedYield
 .text.prvIdleTask
                0x0000000000003dc4       0x30 ./amazon-freertos/FreeRTOS/tasks.o
 .text.prvInitialiseTaskLists
                0x0000000000003df4       0x80 ./amazon-freertos/FreeRTOS/tasks.o
 .text.prvCheckTasksWaitingTermination
                0x0000000000003e74       0x58 ./amazon-freertos/FreeRTOS/tasks.o
 .text.prvResetNextTaskUnblockTime
                0x0000000000003ecc       0x4c ./amazon-freertos/FreeRTOS/tasks.o
 .text.xTaskGetCurrentTaskHandle
                0x0000000000003f18       0x20 ./amazon-freertos/FreeRTOS/tasks.o
                0x0000000000003f18                xTaskGetCurrentTaskHandle
 .text.xTaskGetSchedulerState
                0x0000000000003f38       0x3c ./amazon-freertos/FreeRTOS/tasks.o
                0x0000000000003f38                xTaskGetSchedulerState
 .text.xTaskPriorityDisinherit
                0x0000000000003f74      0x18c ./amazon-freertos/FreeRTOS/tasks.o
                0x0000000000003f74                xTaskPriorityDisinherit
 .text.prvAddCurrentTaskToDelayedList
                0x0000000000004100       0xcc ./amazon-freertos/FreeRTOS/tasks.o
 .text.xTimerCreateTimerTask
                0x00000000000041cc       0x60 ./amazon-freertos/FreeRTOS/timers.o
                0x00000000000041cc                xTimerCreateTimerTask
 .text.xTimerGenericCommand
                0x000000000000422c       0x98 ./amazon-freertos/FreeRTOS/timers.o
                0x000000000000422c                xTimerGenericCommand
 .text.prvProcessExpiredTimer
                0x00000000000042c4       0x80 ./amazon-freertos/FreeRTOS/timers.o
 .text.prvProcessTimerOrBlockTask
                0x0000000000004344       0x9c ./amazon-freertos/FreeRTOS/timers.o
 .text.prvGetNextExpireTime
                0x00000000000043e0       0x48 ./amazon-freertos/FreeRTOS/timers.o
 .text.prvSampleTimeNow
                0x0000000000004428       0x40 ./amazon-freertos/FreeRTOS/timers.o
 .text.prvInsertTimerInActiveList
                0x0000000000004468       0x84 ./amazon-freertos/FreeRTOS/timers.o
 .text.prvProcessReceivedCommands
                0x00000000000044ec      0x154 ./amazon-freertos/FreeRTOS/timers.o
 .text.prvSwitchTimerLists
                0x0000000000004640       0xc0 ./amazon-freertos/FreeRTOS/timers.o
 .text.prvCheckForValidListAndQueue
                0x0000000000004700       0x6c ./amazon-freertos/FreeRTOS/timers.o
 .text.SystemInit
                0x000000000000476c       0x3c ./CMSIS/system_MK64F12.o
                0x000000000000476c                SystemInit
 .text.SystemCoreClockUpdate
                0x00000000000047a8      0x278 ./CMSIS/system_MK64F12.o
                0x00000000000047a8                SystemCoreClockUpdate
 .text.__sys_appexit
                0x0000000000004a20        0xc /usr/local/mcuxpresso-ide/ide/tools/bin/../lib/gcc/arm-none-eabi/7.2.1/../../../../arm-none-eabi/lib/thumb/v7e-m/fpv4-sp/hard/libcr_semihost_nf.a(__sys_appexit.o)
                0x0000000000004a20                __exit
                0x0000000000004a20                __sys_appexit
 .text._Cwritebuf
                0x0000000000004a2c       0x6c /usr/local/mcuxpresso-ide/ide/tools/bin/../lib/gcc/arm-none-eabi/7.2.1/../../../../arm-none-eabi/lib/thumb/v7e-m/fpv4-sp/hard/libcr_c.a(_writebuf.o)
                0x0000000000004a2c                _Cwritebuf
 .text.malloc   0x0000000000004a98       0xc8 /usr/local/mcuxpresso-ide/ide/tools/bin/../lib/gcc/arm-none-eabi/7.2.1/../../../../arm-none-eabi/lib/thumb/v7e-m/fpv4-sp/hard/libcr_c.a(alloc.o)
                0x0000000000004a98                malloc
 .text._Csys_alloc
                0x0000000000004b60       0x20 /usr/local/mcuxpresso-ide/ide/tools/bin/../lib/gcc/arm-none-eabi/7.2.1/../../../../arm-none-eabi/lib/thumb/v7e-m/fpv4-sp/hard/libcr_c.a(alloc.o)
                0x0000000000004b60                _Csys_alloc
 .text.fseek    0x0000000000004b80      0x100 /usr/local/mcuxpresso-ide/ide/tools/bin/../lib/gcc/arm-none-eabi/7.2.1/../../../../arm-none-eabi/lib/thumb/v7e-m/fpv4-sp/hard/libcr_c.a(fseek.o)
                0x0000000000004b80                fseek
 .text.ftell    0x0000000000004c80       0x44 /usr/local/mcuxpresso-ide/ide/tools/bin/../lib/gcc/arm-none-eabi/7.2.1/../../../../arm-none-eabi/lib/thumb/v7e-m/fpv4-sp/hard/libcr_c.a(ftell.o)
                0x0000000000004c80                ftell
 .text._initio  0x0000000000004cc4       0x78 /usr/local/mcuxpresso-ide/ide/tools/bin/../lib/gcc/arm-none-eabi/7.2.1/../../../../arm-none-eabi/lib/thumb/v7e-m/fpv4-sp/hard/libcr_c.a(initio.o)
                0x0000000000004cc4                _initio
 .text.itoa     0x0000000000004d3c       0x5c /usr/local/mcuxpresso-ide/ide/tools/bin/../lib/gcc/arm-none-eabi/7.2.1/../../../../arm-none-eabi/lib/thumb/v7e-m/fpv4-sp/hard/libcr_c.a(itoa.o)
                0x0000000000004d3c                itoa
 .text.__vfprintf
                0x0000000000004d98      0xb98 /usr/local/mcuxpresso-ide/ide/tools/bin/../lib/gcc/arm-none-eabi/7.2.1/../../../../arm-none-eabi/lib/thumb/v7e-m/fpv4-sp/hard/libcr_c.a(printf.o)
                0x0000000000004d98                __vfprintf
 .text._vsnprintf
                0x0000000000005930       0x5c /usr/local/mcuxpresso-ide/ide/tools/bin/../lib/gcc/arm-none-eabi/7.2.1/../../../../arm-none-eabi/lib/thumb/v7e-m/fpv4-sp/hard/libcr_c.a(printf.o)
                0x0000000000005930                _vsnprintf
 .text._printf  0x000000000000598c       0x54 /usr/local/mcuxpresso-ide/ide/tools/bin/../lib/gcc/arm-none-eabi/7.2.1/../../../../arm-none-eabi/lib/thumb/v7e-m/fpv4-sp/hard/libcr_c.a(printf.o)
                0x000000000000598c                _printf
 .text.setvbuf  0x00000000000059e0       0x40 /usr/local/mcuxpresso-ide/ide/tools/bin/../lib/gcc/arm-none-eabi/7.2.1/../../../../arm-none-eabi/lib/thumb/v7e-m/fpv4-sp/hard/libcr_c.a(setvbuf.o)
                0x00000000000059e0                setvbuf
 .text.rand     0x0000000000005a20       0x3c /usr/local/mcuxpresso-ide/ide/tools/bin/../lib/gcc/arm-none-eabi/7.2.1/../../../../arm-none-eabi/lib/thumb/v7e-m/fpv4-sp/hard/libcr_c.a(stdlib.o)
                0x0000000000005a20                rand
 .text._sbrk    0x0000000000005a5c       0x3c /usr/local/mcuxpresso-ide/ide/tools/bin/../lib/gcc/arm-none-eabi/7.2.1/../../../../arm-none-eabi/lib/thumb/v7e-m/fpv4-sp/hard/libcr_c.a(_cr_sbrk.o)
                0x0000000000005a5c                _sbrk
 .text.fflush   0x0000000000005a98       0x44 /usr/local/mcuxpresso-ide/ide/tools/bin/../lib/gcc/arm-none-eabi/7.2.1/../../../../arm-none-eabi/lib/thumb/v7e-m/fpv4-sp/hard/libcr_c.a(fflush.o)
                0x0000000000005a98                fflush
 .text.__check_heap_overflow
                0x0000000000005adc       0x18 /usr/local/mcuxpresso-ide/ide/tools/bin/../lib/gcc/arm-none-eabi/7.2.1/../../../../arm-none-eabi/lib/thumb/v7e-m/fpv4-sp/hard/libcr_c.a(_cr_check_heap.o)
                0x0000000000005adc                __check_heap_overflow
 .text.DMA0_IRQHandler
                0x0000000000005af4        0x8 ./startup/startup_mk64f12.o
                0x0000000000005af4                DMA0_IRQHandler
 .text.DMA1_IRQHandler
                0x0000000000005afc        0x8 ./startup/startup_mk64f12.o
                0x0000000000005afc                DMA1_IRQHandler
 .text.DMA2_IRQHandler
                0x0000000000005b04        0x8 ./startup/startup_mk64f12.o
                0x0000000000005b04                DMA2_IRQHandler
 .text.DMA3_IRQHandler
                0x0000000000005b0c        0x8 ./startup/startup_mk64f12.o
                0x0000000000005b0c                DMA3_IRQHandler
 .text.DMA4_IRQHandler
                0x0000000000005b14        0x8 ./startup/startup_mk64f12.o
                0x0000000000005b14                DMA4_IRQHandler
 .text.DMA5_IRQHandler
                0x0000000000005b1c        0x8 ./startup/startup_mk64f12.o
                0x0000000000005b1c                DMA5_IRQHandler
 .text.DMA6_IRQHandler
                0x0000000000005b24        0x8 ./startup/startup_mk64f12.o
                0x0000000000005b24                DMA6_IRQHandler
 .text.DMA7_IRQHandler
                0x0000000000005b2c        0x8 ./startup/startup_mk64f12.o
                0x0000000000005b2c                DMA7_IRQHandler
 .text.DMA8_IRQHandler
                0x0000000000005b34        0x8 ./startup/startup_mk64f12.o
                0x0000000000005b34                DMA8_IRQHandler
 .text.DMA9_IRQHandler
                0x0000000000005b3c        0x8 ./startup/startup_mk64f12.o
                0x0000000000005b3c                DMA9_IRQHandler
 .text.DMA10_IRQHandler
                0x0000000000005b44        0x8 ./startup/startup_mk64f12.o
                0x0000000000005b44                DMA10_IRQHandler
 .text.DMA11_IRQHandler
                0x0000000000005b4c        0x8 ./startup/startup_mk64f12.o
                0x0000000000005b4c                DMA11_IRQHandler
 .text.DMA12_IRQHandler
                0x0000000000005b54        0x8 ./startup/startup_mk64f12.o
                0x0000000000005b54                DMA12_IRQHandler
 .text.DMA13_IRQHandler
                0x0000000000005b5c        0x8 ./startup/startup_mk64f12.o
                0x0000000000005b5c                DMA13_IRQHandler
 .text.DMA14_IRQHandler
                0x0000000000005b64        0x8 ./startup/startup_mk64f12.o
                0x0000000000005b64                DMA14_IRQHandler
 .text.DMA15_IRQHandler
                0x0000000000005b6c        0x8 ./startup/startup_mk64f12.o
                0x0000000000005b6c                DMA15_IRQHandler
 .text.DMA_Error_IRQHandler
                0x0000000000005b74        0x8 ./startup/startup_mk64f12.o
                0x0000000000005b74                DMA_Error_IRQHandler
 .text.MCM_IRQHandler
                0x0000000000005b7c        0x8 ./startup/startup_mk64f12.o
                0x0000000000005b7c                MCM_IRQHandler
 .text.FTFE_IRQHandler
                0x0000000000005b84        0x8 ./startup/startup_mk64f12.o
                0x0000000000005b84                FTFE_IRQHandler
 .text.Read_Collision_IRQHandler
                0x0000000000005b8c        0x8 ./startup/startup_mk64f12.o
                0x0000000000005b8c                Read_Collision_IRQHandler
 .text.LVD_LVW_IRQHandler
                0x0000000000005b94        0x8 ./startup/startup_mk64f12.o
                0x0000000000005b94                LVD_LVW_IRQHandler
 .text.LLWU_IRQHandler
                0x0000000000005b9c        0x8 ./startup/startup_mk64f12.o
                0x0000000000005b9c                LLWU_IRQHandler
 .text.WDOG_EWM_IRQHandler
                0x0000000000005ba4        0x8 ./startup/startup_mk64f12.o
                0x0000000000005ba4                WDOG_EWM_IRQHandler
 .text.RNG_IRQHandler
                0x0000000000005bac        0x8 ./startup/startup_mk64f12.o
                0x0000000000005bac                RNG_IRQHandler
 .text.I2C0_IRQHandler
                0x0000000000005bb4        0x8 ./startup/startup_mk64f12.o
                0x0000000000005bb4                I2C0_IRQHandler
 .text.I2C1_IRQHandler
                0x0000000000005bbc        0x8 ./startup/startup_mk64f12.o
                0x0000000000005bbc                I2C1_IRQHandler
 .text.SPI0_IRQHandler
                0x0000000000005bc4        0x8 ./startup/startup_mk64f12.o
                0x0000000000005bc4                SPI0_IRQHandler
 .text.SPI1_IRQHandler
                0x0000000000005bcc        0x8 ./startup/startup_mk64f12.o
                0x0000000000005bcc                SPI1_IRQHandler
 .text.I2S0_Tx_IRQHandler
                0x0000000000005bd4        0x8 ./startup/startup_mk64f12.o
                0x0000000000005bd4                I2S0_Tx_IRQHandler
 .text.I2S0_Rx_IRQHandler
                0x0000000000005bdc        0x8 ./startup/startup_mk64f12.o
                0x0000000000005bdc                I2S0_Rx_IRQHandler
 .text.UART0_LON_IRQHandler
                0x0000000000005be4        0x8 ./startup/startup_mk64f12.o
                0x0000000000005be4                UART0_LON_IRQHandler
 .text.UART0_RX_TX_IRQHandler
                0x0000000000005bec        0x8 ./startup/startup_mk64f12.o
                0x0000000000005bec                UART0_RX_TX_IRQHandler
 .text.UART0_ERR_IRQHandler
                0x0000000000005bf4        0x8 ./startup/startup_mk64f12.o
                0x0000000000005bf4                UART0_ERR_IRQHandler
 .text.UART1_RX_TX_IRQHandler
                0x0000000000005bfc        0x8 ./startup/startup_mk64f12.o
                0x0000000000005bfc                UART1_RX_TX_IRQHandler
 .text.UART1_ERR_IRQHandler
                0x0000000000005c04        0x8 ./startup/startup_mk64f12.o
                0x0000000000005c04                UART1_ERR_IRQHandler
 .text.UART2_RX_TX_IRQHandler
                0x0000000000005c0c        0x8 ./startup/startup_mk64f12.o
                0x0000000000005c0c                UART2_RX_TX_IRQHandler
 .text.UART2_ERR_IRQHandler
                0x0000000000005c14        0x8 ./startup/startup_mk64f12.o
                0x0000000000005c14                UART2_ERR_IRQHandler
 .text.UART3_RX_TX_IRQHandler
                0x0000000000005c1c        0x8 ./startup/startup_mk64f12.o
                0x0000000000005c1c                UART3_RX_TX_IRQHandler
 .text.UART3_ERR_IRQHandler
                0x0000000000005c24        0x8 ./startup/startup_mk64f12.o
                0x0000000000005c24                UART3_ERR_IRQHandler
 .text.ADC0_IRQHandler
                0x0000000000005c2c        0x8 ./startup/startup_mk64f12.o
                0x0000000000005c2c                ADC0_IRQHandler
 .text.CMP0_IRQHandler
                0x0000000000005c34        0x8 ./startup/startup_mk64f12.o
                0x0000000000005c34                CMP0_IRQHandler
 .text.CMP1_IRQHandler
                0x0000000000005c3c        0x8 ./startup/startup_mk64f12.o
                0x0000000000005c3c                CMP1_IRQHandler
 .text.FTM0_IRQHandler
                0x0000000000005c44        0x8 ./startup/startup_mk64f12.o
                0x0000000000005c44                FTM0_IRQHandler
 .text.FTM1_IRQHandler
                0x0000000000005c4c        0x8 ./startup/startup_mk64f12.o
                0x0000000000005c4c                FTM1_IRQHandler
 .text.FTM2_IRQHandler
                0x0000000000005c54        0x8 ./startup/startup_mk64f12.o
                0x0000000000005c54                FTM2_IRQHandler
 .text.CMT_IRQHandler
                0x0000000000005c5c        0x8 ./startup/startup_mk64f12.o
                0x0000000000005c5c                CMT_IRQHandler
 .text.RTC_IRQHandler
                0x0000000000005c64        0x8 ./startup/startup_mk64f12.o
                0x0000000000005c64                RTC_IRQHandler
 .text.RTC_Seconds_IRQHandler
                0x0000000000005c6c        0x8 ./startup/startup_mk64f12.o
                0x0000000000005c6c                RTC_Seconds_IRQHandler
 .text.PIT0_IRQHandler
                0x0000000000005c74        0x8 ./startup/startup_mk64f12.o
                0x0000000000005c74                PIT0_IRQHandler
 .text.PIT1_IRQHandler
                0x0000000000005c7c        0x8 ./startup/startup_mk64f12.o
                0x0000000000005c7c                PIT1_IRQHandler
 .text.PIT2_IRQHandler
                0x0000000000005c84        0x8 ./startup/startup_mk64f12.o
                0x0000000000005c84                PIT2_IRQHandler
 .text.PIT3_IRQHandler
                0x0000000000005c8c        0x8 ./startup/startup_mk64f12.o
                0x0000000000005c8c                PIT3_IRQHandler
 .text.PDB0_IRQHandler
                0x0000000000005c94        0x8 ./startup/startup_mk64f12.o
                0x0000000000005c94                PDB0_IRQHandler
 .text.USB0_IRQHandler
                0x0000000000005c9c        0x8 ./startup/startup_mk64f12.o
                0x0000000000005c9c                USB0_IRQHandler
 .text.USBDCD_IRQHandler
                0x0000000000005ca4        0x8 ./startup/startup_mk64f12.o
                0x0000000000005ca4                USBDCD_IRQHandler
 .text.Reserved71_IRQHandler
                0x0000000000005cac        0x8 ./startup/startup_mk64f12.o
                0x0000000000005cac                Reserved71_IRQHandler
 .text.DAC0_IRQHandler
                0x0000000000005cb4        0x8 ./startup/startup_mk64f12.o
                0x0000000000005cb4                DAC0_IRQHandler
 .text.MCG_IRQHandler
                0x0000000000005cbc        0x8 ./startup/startup_mk64f12.o
                0x0000000000005cbc                MCG_IRQHandler
 .text.LPTMR0_IRQHandler
                0x0000000000005cc4        0x8 ./startup/startup_mk64f12.o
                0x0000000000005cc4                LPTMR0_IRQHandler
 .text.PORTA_IRQHandler
                0x0000000000005ccc        0x8 ./startup/startup_mk64f12.o
                0x0000000000005ccc                PORTA_IRQHandler
 .text.PORTB_IRQHandler
                0x0000000000005cd4        0x8 ./startup/startup_mk64f12.o
                0x0000000000005cd4                PORTB_IRQHandler
 .text.PORTC_IRQHandler
                0x0000000000005cdc        0x8 ./startup/startup_mk64f12.o
                0x0000000000005cdc                PORTC_IRQHandler
 .text.PORTD_IRQHandler
                0x0000000000005ce4        0x8 ./startup/startup_mk64f12.o
                0x0000000000005ce4                PORTD_IRQHandler
 .text.PORTE_IRQHandler
                0x0000000000005cec        0x8 ./startup/startup_mk64f12.o
                0x0000000000005cec                PORTE_IRQHandler
 .text.SWI_IRQHandler
                0x0000000000005cf4        0x8 ./startup/startup_mk64f12.o
                0x0000000000005cf4                SWI_IRQHandler
 .text.SPI2_IRQHandler
                0x0000000000005cfc        0x8 ./startup/startup_mk64f12.o
                0x0000000000005cfc                SPI2_IRQHandler
 .text.UART4_RX_TX_IRQHandler
                0x0000000000005d04        0x8 ./startup/startup_mk64f12.o
                0x0000000000005d04                UART4_RX_TX_IRQHandler
 .text.UART4_ERR_IRQHandler
                0x0000000000005d0c        0x8 ./startup/startup_mk64f12.o
                0x0000000000005d0c                UART4_ERR_IRQHandler
 .text.UART5_RX_TX_IRQHandler
                0x0000000000005d14        0x8 ./startup/startup_mk64f12.o
                0x0000000000005d14                UART5_RX_TX_IRQHandler
 .text.UART5_ERR_IRQHandler
                0x0000000000005d1c        0x8 ./startup/startup_mk64f12.o
                0x0000000000005d1c                UART5_ERR_IRQHandler
 .text.CMP2_IRQHandler
                0x0000000000005d24        0x8 ./startup/startup_mk64f12.o
                0x0000000000005d24                CMP2_IRQHandler
 .text.FTM3_IRQHandler
                0x0000000000005d2c        0x8 ./startup/startup_mk64f12.o
                0x0000000000005d2c                FTM3_IRQHandler
 .text.DAC1_IRQHandler
                0x0000000000005d34        0x8 ./startup/startup_mk64f12.o
                0x0000000000005d34                DAC1_IRQHandler
 .text.ADC1_IRQHandler
                0x0000000000005d3c        0x8 ./startup/startup_mk64f12.o
                0x0000000000005d3c                ADC1_IRQHandler
 .text.I2C2_IRQHandler
                0x0000000000005d44        0x8 ./startup/startup_mk64f12.o
                0x0000000000005d44                I2C2_IRQHandler
 .text.CAN0_ORed_Message_buffer_IRQHandler
                0x0000000000005d4c        0x8 ./startup/startup_mk64f12.o
                0x0000000000005d4c                CAN0_ORed_Message_buffer_IRQHandler
 .text.CAN0_Bus_Off_IRQHandler
                0x0000000000005d54        0x8 ./startup/startup_mk64f12.o
                0x0000000000005d54                CAN0_Bus_Off_IRQHandler
 .text.CAN0_Error_IRQHandler
                0x0000000000005d5c        0x8 ./startup/startup_mk64f12.o
                0x0000000000005d5c                CAN0_Error_IRQHandler
 .text.CAN0_Tx_Warning_IRQHandler
                0x0000000000005d64        0x8 ./startup/startup_mk64f12.o
                0x0000000000005d64                CAN0_Tx_Warning_IRQHandler
 .text.CAN0_Rx_Warning_IRQHandler
                0x0000000000005d6c        0x8 ./startup/startup_mk64f12.o
                0x0000000000005d6c                CAN0_Rx_Warning_IRQHandler
 .text.CAN0_Wake_Up_IRQHandler
                0x0000000000005d74        0x8 ./startup/startup_mk64f12.o
                0x0000000000005d74                CAN0_Wake_Up_IRQHandler
 .text.SDHC_IRQHandler
                0x0000000000005d7c        0x8 ./startup/startup_mk64f12.o
                0x0000000000005d7c                SDHC_IRQHandler
 .text.ENET_1588_Timer_IRQHandler
                0x0000000000005d84        0x8 ./startup/startup_mk64f12.o
                0x0000000000005d84                ENET_1588_Timer_IRQHandler
 .text.ENET_Transmit_IRQHandler
                0x0000000000005d8c        0x8 ./startup/startup_mk64f12.o
                0x0000000000005d8c                ENET_Transmit_IRQHandler
 .text.ENET_Receive_IRQHandler
                0x0000000000005d94        0x8 ./startup/startup_mk64f12.o
                0x0000000000005d94                ENET_Receive_IRQHandler
 .text.ENET_Error_IRQHandler
                0x0000000000005d9c        0x8 ./startup/startup_mk64f12.o
                0x0000000000005d9c                ENET_Error_IRQHandler
 .text.HardFault_Handler
                0x0000000000005da4       0x2c ./source/semihost_hardfault.o
                0x0000000000005da4                HardFault_Handler
 .text.UART0_RX_TX_DriverIRQHandler
                0x0000000000005dd0       0x10 ./drivers/fsl_uart.o
                0x0000000000005dd0                UART0_RX_TX_DriverIRQHandler
 .text.UART1_RX_TX_DriverIRQHandler
                0x0000000000005de0       0x10 ./drivers/fsl_uart.o
                0x0000000000005de0                UART1_RX_TX_DriverIRQHandler
 .text.UART2_RX_TX_DriverIRQHandler
                0x0000000000005df0       0x10 ./drivers/fsl_uart.o
                0x0000000000005df0                UART2_RX_TX_DriverIRQHandler
 .text.UART3_RX_TX_DriverIRQHandler
                0x0000000000005e00       0x10 ./drivers/fsl_uart.o
                0x0000000000005e00                UART3_RX_TX_DriverIRQHandler
 .text.UART4_RX_TX_DriverIRQHandler
                0x0000000000005e10       0x10 ./drivers/fsl_uart.o
                0x0000000000005e10                UART4_RX_TX_DriverIRQHandler
 .text.UART5_RX_TX_DriverIRQHandler
                0x0000000000005e20       0x10 ./drivers/fsl_uart.o
                0x0000000000005e20                UART5_RX_TX_DriverIRQHandler
 .text.BOARD_InitBootClocks
                0x0000000000005e30        0xc ./board/clock_config.o
                0x0000000000005e30                BOARD_InitBootClocks
 .text.BOARD_InitBootPeripherals
                0x0000000000005e3c        0xe ./board/peripherals.o
                0x0000000000005e3c                BOARD_InitBootPeripherals
 .text.BOARD_InitBootPins
                0x0000000000005e4a        0xe ./board/pin_mux.o
                0x0000000000005e4a                BOARD_InitBootPins
 .text.prvTraceGetQueueNumber
                0x0000000000005e58       0x18 ./amazon-freertos/TraceRecorder/trcKernelPort.o
                0x0000000000005e58                prvTraceGetQueueNumber
 .text.prvTraceGetQueueType
                0x0000000000005e70       0x18 ./amazon-freertos/TraceRecorder/trcKernelPort.o
                0x0000000000005e70                prvTraceGetQueueType
 .text.prvTraceGetTaskNumberLow16
                0x0000000000005e88       0x1a ./amazon-freertos/TraceRecorder/trcKernelPort.o
                0x0000000000005e88                prvTraceGetTaskNumberLow16
 .text.prvTraceGetTaskNumberHigh16
                0x0000000000005ea2       0x1c ./amazon-freertos/TraceRecorder/trcKernelPort.o
                0x0000000000005ea2                prvTraceGetTaskNumberHigh16
 .text.prvTraceSetTaskNumberLow16
                0x0000000000005ebe       0x2c ./amazon-freertos/TraceRecorder/trcKernelPort.o
                0x0000000000005ebe                prvTraceSetTaskNumberLow16
 .text.prvTraceSetTaskNumberHigh16
                0x0000000000005eea       0x2c ./amazon-freertos/TraceRecorder/trcKernelPort.o
                0x0000000000005eea                prvTraceSetTaskNumberHigh16
 .text.prvTraceGetQueueNumberLow16
                0x0000000000005f16       0x1a ./amazon-freertos/TraceRecorder/trcKernelPort.o
                0x0000000000005f16                prvTraceGetQueueNumberLow16
 .text.prvTraceGetQueueNumberHigh16
                0x0000000000005f30       0x1c ./amazon-freertos/TraceRecorder/trcKernelPort.o
                0x0000000000005f30                prvTraceGetQueueNumberHigh16
 .text.prvTraceSetQueueNumberLow16
                0x0000000000005f4c       0x2c ./amazon-freertos/TraceRecorder/trcKernelPort.o
                0x0000000000005f4c                prvTraceSetQueueNumberLow16
 .text.prvTraceSetQueueNumberHigh16
                0x0000000000005f78       0x2c ./amazon-freertos/TraceRecorder/trcKernelPort.o
                0x0000000000005f78                prvTraceSetQueueNumberHigh16
 .text.prvTraceGetCurrentTaskHandle
                0x0000000000005fa4        0xe ./amazon-freertos/TraceRecorder/trcKernelPort.o
                0x0000000000005fa4                prvTraceGetCurrentTaskHandle
 .text.vTraceStart
                0x0000000000005fb2        0xc ./amazon-freertos/TraceRecorder/trcSnapshotRecorder.o
                0x0000000000005fb2                vTraceStart
 .text.prvStrncpy
                0x0000000000005fbe       0x4c ./amazon-freertos/TraceRecorder/trcSnapshotRecorder.o
 .text.vListInitialise
                0x000000000000600a       0x40 ./amazon-freertos/FreeRTOS/list.o
                0x000000000000600a                vListInitialise
 .text.vListInitialiseItem
                0x000000000000604a       0x1a ./amazon-freertos/FreeRTOS/list.o
                0x000000000000604a                vListInitialiseItem
 .text.vListInsertEnd
                0x0000000000006064       0x48 ./amazon-freertos/FreeRTOS/list.o
                0x0000000000006064                vListInsertEnd
 .text.vListInsert
                0x00000000000060ac       0x72 ./amazon-freertos/FreeRTOS/list.o
                0x00000000000060ac                vListInsert
 .text.uxListRemove
                0x000000000000611e       0x54 ./amazon-freertos/FreeRTOS/list.o
                0x000000000000611e                uxListRemove
 .text.uxQueueGetQueueNumber
                0x0000000000006172       0x18 ./amazon-freertos/FreeRTOS/queue.o
                0x0000000000006172                uxQueueGetQueueNumber
 .text.vQueueSetQueueNumber
                0x000000000000618a       0x1c ./amazon-freertos/FreeRTOS/queue.o
                0x000000000000618a                vQueueSetQueueNumber
 .text.ucQueueGetQueueType
                0x00000000000061a6       0x1a ./amazon-freertos/FreeRTOS/queue.o
                0x00000000000061a6                ucQueueGetQueueType
 .text.prvCopyDataToQueue
                0x00000000000061c0       0xd4 ./amazon-freertos/FreeRTOS/queue.o
 .text.prvCopyDataFromQueue
                0x0000000000006294       0x4c ./amazon-freertos/FreeRTOS/queue.o
 .text.prvUnlockQueue
                0x00000000000062e0       0xa4 ./amazon-freertos/FreeRTOS/queue.o
 .text.prvIsQueueEmpty
                0x0000000000006384       0x2c ./amazon-freertos/FreeRTOS/queue.o
 .text.prvIsQueueFull
                0x00000000000063b0       0x30 ./amazon-freertos/FreeRTOS/queue.o
 .text.vQueueWaitForMessageRestricted
                0x00000000000063e0       0x68 ./amazon-freertos/FreeRTOS/queue.o
                0x00000000000063e0                vQueueWaitForMessageRestricted
 .text.xTaskCreate
                0x0000000000006448       0x82 ./amazon-freertos/FreeRTOS/tasks.o
                0x0000000000006448                xTaskCreate
 .text.prvInitialiseNewTask
                0x00000000000064ca      0x12a ./amazon-freertos/FreeRTOS/tasks.o
 .text.uxTaskGetTaskNumber
                0x00000000000065f4       0x2c ./amazon-freertos/FreeRTOS/tasks.o
                0x00000000000065f4                uxTaskGetTaskNumber
 .text.vTaskSetTaskNumber
                0x0000000000006620       0x26 ./amazon-freertos/FreeRTOS/tasks.o
                0x0000000000006620                vTaskSetTaskNumber
 .text.prvDeleteTCB
                0x0000000000006646       0x20 ./amazon-freertos/FreeRTOS/tasks.o
 .text.prvTimerTask
                0x0000000000006666       0x24 ./amazon-freertos/FreeRTOS/timers.o
 .text.SystemInitHook
                0x000000000000668a        0xe ./CMSIS/system_MK64F12.o
                0x000000000000668a                SystemInitHook
 .text.__main   0x0000000000006698        0xe /usr/local/mcuxpresso-ide/ide/tools/bin/../lib/gcc/arm-none-eabi/7.2.1/../../../../arm-none-eabi/lib/thumb/v7e-m/fpv4-sp/hard/libcr_semihost_nf.a(_cr__main.o)
                0x0000000000006698                __main
                0x0000000000006698                __CR_SEMIHOST
 .text.memcpy   0x00000000000066a6        0x4 /usr/local/mcuxpresso-ide/ide/tools/bin/../lib/gcc/arm-none-eabi/7.2.1/../../../../arm-none-eabi/lib/thumb/v7e-m/fpv4-sp/hard/libcr_c.a(memcpy.o)
                0x00000000000066a6                memcpy
 .text.memset   0x00000000000066aa        0x4 /usr/local/mcuxpresso-ide/ide/tools/bin/../lib/gcc/arm-none-eabi/7.2.1/../../../../arm-none-eabi/lib/thumb/v7e-m/fpv4-sp/hard/libcr_c.a(memset.o)
                0x00000000000066aa                memset
 .text._deferredlazyseek
                0x00000000000066ae       0x40 /usr/local/mcuxpresso-ide/ide/tools/bin/../lib/gcc/arm-none-eabi/7.2.1/../../../../arm-none-eabi/lib/thumb/v7e-m/fpv4-sp/hard/libcr_c.a(_deferredlazyseek.o)
                0x00000000000066ae                _deferredlazyseek
 .text.__flsbuf
                0x00000000000066ee      0x140 /usr/local/mcuxpresso-ide/ide/tools/bin/../lib/gcc/arm-none-eabi/7.2.1/../../../../arm-none-eabi/lib/thumb/v7e-m/fpv4-sp/hard/libcr_c.a(_deferredlazyseek.o)
                0x00000000000066ee                __flsbuf
 .text._fflush  0x000000000000682e       0x52 /usr/local/mcuxpresso-ide/ide/tools/bin/../lib/gcc/arm-none-eabi/7.2.1/../../../../arm-none-eabi/lib/thumb/v7e-m/fpv4-sp/hard/libcr_c.a(_fflush.o)
                0x000000000000682e                _fflush
 .text.free     0x0000000000006880       0x30 /usr/local/mcuxpresso-ide/ide/tools/bin/../lib/gcc/arm-none-eabi/7.2.1/../../../../arm-none-eabi/lib/thumb/v7e-m/fpv4-sp/hard/libcr_c.a(alloc.o)
                0x0000000000006880                free
 .text.no_fp_display
                0x00000000000068b0        0x4 /usr/local/mcuxpresso-ide/ide/tools/bin/../lib/gcc/arm-none-eabi/7.2.1/../../../../arm-none-eabi/lib/thumb/v7e-m/fpv4-sp/hard/libcr_c.a(printf.o)
 .text.strlen   0x00000000000068b4       0x4a /usr/local/mcuxpresso-ide/ide/tools/bin/../lib/gcc/arm-none-eabi/7.2.1/../../../../arm-none-eabi/lib/thumb/v7e-m/fpv4-sp/hard/libcr_c.a(strlen.o)
                0x00000000000068b4                strlen
 .text._fdopen  0x00000000000068fe       0x68 /usr/local/mcuxpresso-ide/ide/tools/bin/../lib/gcc/arm-none-eabi/7.2.1/../../../../arm-none-eabi/lib/thumb/v7e-m/fpv4-sp/hard/libcr_c.a(_fdopen.o)
                0x00000000000068fe                _fdopen
 .text.fclose   0x0000000000006966       0x58 /usr/local/mcuxpresso-ide/ide/tools/bin/../lib/gcc/arm-none-eabi/7.2.1/../../../../arm-none-eabi/lib/thumb/v7e-m/fpv4-sp/hard/libcr_c.a(fclose.o)
                0x0000000000006966                fclose
 .text.remove   0x00000000000069be       0x14 /usr/local/mcuxpresso-ide/ide/tools/bin/../lib/gcc/arm-none-eabi/7.2.1/../../../../arm-none-eabi/lib/thumb/v7e-m/fpv4-sp/hard/libcr_c.a(remove.o)
                0x00000000000069be                remove
 .text._do_fflush
                0x00000000000069d2       0x40 /usr/local/mcuxpresso-ide/ide/tools/bin/../lib/gcc/arm-none-eabi/7.2.1/../../../../arm-none-eabi/lib/thumb/v7e-m/fpv4-sp/hard/libcr_c.a(_do_fflush.o)
                0x00000000000069d2                _do_fflush
 .text.__aeabi_memcpy
                0x0000000000006a12       0x34 /usr/local/mcuxpresso-ide/ide/tools/bin/../lib/gcc/arm-none-eabi/7.2.1/thumb/v7e-m/fpv4-sp/hard/libcr_eabihelpers.a(memcpy.o)
                0x0000000000006a12                __aeabi_memcpy
                0x0000000000006a1c                __aeabi_memcpy4
                0x0000000000006a1c                __aeabi_memcpy8
 .text.__aeabi_memset_lowlevel
                0x0000000000006a46       0x32 /usr/local/mcuxpresso-ide/ide/tools/bin/../lib/gcc/arm-none-eabi/7.2.1/thumb/v7e-m/fpv4-sp/hard/libcr_eabihelpers.a(memcpy.o)
                0x0000000000006a46                __aeabi_lowlevel_memset
 .text.__sys_close
                0x0000000000006a78        0xc /usr/local/mcuxpresso-ide/ide/tools/bin/../lib/gcc/arm-none-eabi/7.2.1/../../../../arm-none-eabi/lib/thumb/v7e-m/fpv4-sp/hard/libcr_semihost_nf.a(__sys_close.o)
                0x0000000000006a78                __sys_close
 .text.__sys_flen
                0x0000000000006a84        0xc /usr/local/mcuxpresso-ide/ide/tools/bin/../lib/gcc/arm-none-eabi/7.2.1/../../../../arm-none-eabi/lib/thumb/v7e-m/fpv4-sp/hard/libcr_semihost_nf.a(__sys_flen.o)
                0x0000000000006a84                __sys_flen
 .text.__sys_istty
                0x0000000000006a90        0xc /usr/local/mcuxpresso-ide/ide/tools/bin/../lib/gcc/arm-none-eabi/7.2.1/../../../../arm-none-eabi/lib/thumb/v7e-m/fpv4-sp/hard/libcr_semihost_nf.a(__sys_istty.o)
                0x0000000000006a90                __sys_istty
 .text.__sys_remove
                0x0000000000006a9c        0xc /usr/local/mcuxpresso-ide/ide/tools/bin/../lib/gcc/arm-none-eabi/7.2.1/../../../../arm-none-eabi/lib/thumb/v7e-m/fpv4-sp/hard/libcr_semihost_nf.a(__sys_remove.o)
                0x0000000000006a9c                __sys_remove
 .text.__sys_seek
                0x0000000000006aa8        0xc /usr/local/mcuxpresso-ide/ide/tools/bin/../lib/gcc/arm-none-eabi/7.2.1/../../../../arm-none-eabi/lib/thumb/v7e-m/fpv4-sp/hard/libcr_semihost_nf.a(__sys_seek.o)
                0x0000000000006aa8                __sys_seek
 .text.__sys_tmpnam
                0x0000000000006ab4        0xc /usr/local/mcuxpresso-ide/ide/tools/bin/../lib/gcc/arm-none-eabi/7.2.1/../../../../arm-none-eabi/lib/thumb/v7e-m/fpv4-sp/hard/libcr_semihost_nf.a(__sys_tmpnam.o)
                0x0000000000006ab4                __sys_tmpnam
 .text.__sys_write
                0x0000000000006ac0        0xc /usr/local/mcuxpresso-ide/ide/tools/bin/../lib/gcc/arm-none-eabi/7.2.1/../../../../arm-none-eabi/lib/thumb/v7e-m/fpv4-sp/hard/libcr_semihost_nf.a(__sys_write.o)
                0x0000000000006ac0                __sys_write
 *(SORT_BY_ALIGNMENT(.rodata) SORT_BY_ALIGNMENT(.rodata.*) SORT_BY_ALIGNMENT(.constdata) SORT_BY_ALIGNMENT(.constdata.*))
 .rodata        0x0000000000006acc       0xe7 ./source/TP4_SO2.o
 *fill*         0x0000000000006bb3        0x1 ff
 .rodata        0x0000000000006bb4      0x2fe ./amazon-freertos/TraceRecorder/trcKernelPort.o
 *fill*         0x0000000000006eb2        0x2 ff
 .rodata        0x0000000000006eb4     0x1150 ./amazon-freertos/TraceRecorder/trcSnapshotRecorder.o
 .rodata        0x0000000000008004        0x5 ./amazon-freertos/FreeRTOS/tasks.o
 *fill*         0x0000000000008009        0x3 ff
 .rodata        0x000000000000800c        0xd ./amazon-freertos/FreeRTOS/timers.o
 *fill*         0x0000000000008019        0x3 ff
 .rodata.__num_Ciob_streams
                0x000000000000801c        0x4 /usr/local/mcuxpresso-ide/ide/tools/bin/../lib/gcc/arm-none-eabi/7.2.1/../../../../arm-none-eabi/lib/thumb/v7e-m/fpv4-sp/hard/libcr_semihost_nf.a(__ciob.o)
                0x000000000000801c                __num_Ciob_streams
 .rodata._Csys_alloc.str1.1
                0x0000000000008020       0x18 /usr/local/mcuxpresso-ide/ide/tools/bin/../lib/gcc/arm-none-eabi/7.2.1/../../../../arm-none-eabi/lib/thumb/v7e-m/fpv4-sp/hard/libcr_c.a(alloc.o)
 .rodata._initio.str1.1
                0x0000000000008038        0x4 /usr/local/mcuxpresso-ide/ide/tools/bin/../lib/gcc/arm-none-eabi/7.2.1/../../../../arm-none-eabi/lib/thumb/v7e-m/fpv4-sp/hard/libcr_c.a(initio.o)
 .rodata.digits
                0x000000000000803c       0x11 /usr/local/mcuxpresso-ide/ide/tools/bin/../lib/gcc/arm-none-eabi/7.2.1/../../../../arm-none-eabi/lib/thumb/v7e-m/fpv4-sp/hard/libcr_c.a(itoa.o)
 .rodata.__vfprintf.str1.1
                0x000000000000804d       0x37 /usr/local/mcuxpresso-ide/ide/tools/bin/../lib/gcc/arm-none-eabi/7.2.1/../../../../arm-none-eabi/lib/thumb/v7e-m/fpv4-sp/hard/libcr_c.a(printf.o)
                                         0x38 (size before relaxing)
                0x0000000000008088                . = ALIGN (0x8)
 *fill*         0x0000000000008084        0x4 ff

.glue_7         0x0000000000008088        0x0
 .glue_7        0x0000000000008088        0x0 linker stubs

.glue_7t        0x0000000000008088        0x0
 .glue_7t       0x0000000000008088        0x0 linker stubs

.vfp11_veneer   0x0000000000008088        0x0
 .vfp11_veneer  0x0000000000008088        0x0 linker stubs

.v4_bx          0x0000000000008088        0x0
 .v4_bx         0x0000000000008088        0x0 linker stubs

.iplt           0x0000000000008088        0x0
 .iplt          0x0000000000008088        0x0 ./startup/startup_mk64f12.o

.rel.dyn        0x0000000000008088        0x0
 .rel.iplt      0x0000000000008088        0x0 ./startup/startup_mk64f12.o

.ARM.extab
 *(SORT_BY_ALIGNMENT(.ARM.extab*) SORT_BY_ALIGNMENT(.gnu.linkonce.armextab.*))
                0x0000000000008088                __exidx_start = .

.ARM.exidx
 *(SORT_BY_ALIGNMENT(.ARM.exidx*) SORT_BY_ALIGNMENT(.gnu.linkonce.armexidx.*))
                0x0000000000008088                __exidx_end = .
                0x0000000000008088                _etext = .

.m_usb_data
 *(SORT_BY_ALIGNMENT(m_usb_bdt))

.data_RAM2      0x000000001fff0000        0x0 load address 0x0000000000008088
 FILL mask 0xff
                [!provide]                        PROVIDE (__start_data_RAM2, .)
 *(SORT_BY_ALIGNMENT(.ramfunc.$RAM2))
 *(SORT_BY_ALIGNMENT(.ramfunc.$SRAM_LOWER))
 *(SORT_BY_ALIGNMENT(.data.$RAM2*))
 *(SORT_BY_ALIGNMENT(.data.$SRAM_LOWER*))
                0x000000001fff0000                . = ALIGN (0x8)
                [!provide]                        PROVIDE (__end_data_RAM2, .)

.data_RAM3      0x0000000014000000        0x0 load address 0x0000000000008088
 FILL mask 0xff
                [!provide]                        PROVIDE (__start_data_RAM3, .)
 *(SORT_BY_ALIGNMENT(.ramfunc.$RAM3))
 *(SORT_BY_ALIGNMENT(.ramfunc.$FLEX_RAM))
 *(SORT_BY_ALIGNMENT(.data.$RAM3*))
 *(SORT_BY_ALIGNMENT(.data.$FLEX_RAM*))
                0x0000000014000000                . = ALIGN (0x8)
                [!provide]                        PROVIDE (__end_data_RAM3, .)

.uninit_RESERVED
                0x0000000020000000        0x0
 *(SORT_BY_ALIGNMENT(.bss.$RESERVED*))
                0x0000000020000000                . = ALIGN (0x4)
                0x0000000020000000                _end_uninit_RESERVED = .

.data           0x0000000020000000      0x100 load address 0x0000000000008088
 FILL mask 0xff
                0x0000000020000000                _data = .
 *(SORT_BY_ALIGNMENT(vtable))
 *(SORT_BY_ALIGNMENT(.ramfunc*))
 *(SORT_BY_ALIGNMENT(.data*))
 .data.TraceQueueClassTable
                0x0000000020000000        0x5 ./amazon-freertos/TraceRecorder/trcKernelPort.o
                0x0000000020000000                TraceQueueClassTable
 *fill*         0x0000000020000005        0x3 ff
 .data.readyEventsEnabled
                0x0000000020000008        0x4 ./amazon-freertos/TraceRecorder/trcSnapshotRecorder.o
 .data.uxCriticalNesting
                0x000000002000000c        0x4 ./amazon-freertos/FreeRTOS/portable/port.o
 .data.SystemCoreClock
                0x0000000020000010        0x4 ./CMSIS/system_MK64F12.o
                0x0000000020000010                SystemCoreClock
 .data._random_j
                0x0000000020000014        0x4 /usr/local/mcuxpresso-ide/ide/tools/bin/../lib/gcc/arm-none-eabi/7.2.1/../../../../arm-none-eabi/lib/thumb/v7e-m/fpv4-sp/hard/libcr_c.a(stdlib.o)
 .data._random_k
                0x0000000020000018        0x4 /usr/local/mcuxpresso-ide/ide/tools/bin/../lib/gcc/arm-none-eabi/7.2.1/../../../../arm-none-eabi/lib/thumb/v7e-m/fpv4-sp/hard/libcr_c.a(stdlib.o)
 .data._random_number_seed
                0x000000002000001c       0xdc /usr/local/mcuxpresso-ide/ide/tools/bin/../lib/gcc/arm-none-eabi/7.2.1/../../../../arm-none-eabi/lib/thumb/v7e-m/fpv4-sp/hard/libcr_c.a(stdlib.o)
 .data.CurrentFilterMask
                0x00000000200000f8        0x2 ./amazon-freertos/TraceRecorder/trcSnapshotRecorder.o
                0x00000000200000f8                CurrentFilterMask
 .data.CurrentFilterGroup
                0x00000000200000fa        0x2 ./amazon-freertos/TraceRecorder/trcSnapshotRecorder.o
                0x00000000200000fa                CurrentFilterGroup
                0x0000000020000100                . = ALIGN (0x8)
 *fill*         0x00000000200000fc        0x4 ff
                0x0000000020000100                _edata = .

.igot.plt       0x0000000020000100        0x0 load address 0x0000000000008188
 .igot.plt      0x0000000020000100        0x0 ./startup/startup_mk64f12.o

.bss_RAM2       0x000000001fff0000        0x0
                [!provide]                        PROVIDE (__start_bss_RAM2, .)
 *(SORT_BY_ALIGNMENT(.bss.$RAM2*))
 *(SORT_BY_ALIGNMENT(.bss.$SRAM_LOWER*))
                0x000000001fff0000                . = ALIGN ((. != 0x0)?0x8:0x1)
                [!provide]                        PROVIDE (__end_bss_RAM2, .)

.bss_RAM3       0x0000000014000000        0x0
                [!provide]                        PROVIDE (__start_bss_RAM3, .)
 *(SORT_BY_ALIGNMENT(.bss.$RAM3*))
 *(SORT_BY_ALIGNMENT(.bss.$FLEX_RAM*))
                0x0000000014000000                . = ALIGN ((. != 0x0)?0x8:0x1)
                [!provide]                        PROVIDE (__end_bss_RAM3, .)

.bss            0x0000000020000100    0x1bb68
                0x0000000020000100                _bss = .
 *(SORT_BY_ALIGNMENT(.bss*))
 .bss.i.8019    0x0000000020000100        0x4 ./source/TP4_SO2.o
 .bss.s_uartHandle
                0x0000000020000104       0x18 ./drivers/fsl_uart.o
 .bss.s_uartIsr
                0x000000002000011c        0x4 ./drivers/fsl_uart.o
 .bss.ucHeap    0x0000000020000120     0x2800 ./amazon-freertos/portable/heap_4.o
 .bss.xStart    0x0000000020002920        0x8 ./amazon-freertos/portable/heap_4.o
 .bss.pxEnd     0x0000000020002928        0x4 ./amazon-freertos/portable/heap_4.o
 .bss.xFreeBytesRemaining
                0x000000002000292c        0x4 ./amazon-freertos/portable/heap_4.o
 .bss.xMinimumEverFreeBytesRemaining
                0x0000000020002930        0x4 ./amazon-freertos/portable/heap_4.o
 .bss.xBlockAllocatedBit
                0x0000000020002934        0x4 ./amazon-freertos/portable/heap_4.o
 .bss.isPendingContextSwitch
                0x0000000020002938        0x4 ./amazon-freertos/TraceRecorder/trcSnapshotRecorder.o
                0x0000000020002938                isPendingContextSwitch
 .bss.uiTraceTickCount
                0x000000002000293c        0x4 ./amazon-freertos/TraceRecorder/trcSnapshotRecorder.o
                0x000000002000293c                uiTraceTickCount
 .bss.trace_disable_timestamp
                0x0000000020002940        0x4 ./amazon-freertos/TraceRecorder/trcSnapshotRecorder.o
                0x0000000020002940                trace_disable_timestamp
 .bss.last_timestamp
                0x0000000020002944        0x4 ./amazon-freertos/TraceRecorder/trcSnapshotRecorder.o
 .bss.recorder_busy
                0x0000000020002948        0x4 ./amazon-freertos/TraceRecorder/trcSnapshotRecorder.o
                0x0000000020002948                recorder_busy
 .bss.timestampFrequency
                0x000000002000294c        0x4 ./amazon-freertos/TraceRecorder/trcSnapshotRecorder.o
                0x000000002000294c                timestampFrequency
 .bss.traceErrorMessage
                0x0000000020002950        0x4 ./amazon-freertos/TraceRecorder/trcSnapshotRecorder.o
                0x0000000020002950                traceErrorMessage
 .bss.vTraceStopHookPtr
                0x0000000020002954        0x4 ./amazon-freertos/TraceRecorder/trcSnapshotRecorder.o
                0x0000000020002954                vTraceStopHookPtr
 .bss.heapMemUsage
                0x0000000020002958        0x4 ./amazon-freertos/TraceRecorder/trcSnapshotRecorder.o
 .bss.objectHandleStacks
                0x000000002000295c       0x8e ./amazon-freertos/TraceRecorder/trcSnapshotRecorder.o
                0x000000002000295c                objectHandleStacks
 *fill*         0x00000000200029ea        0x2 
 .bss.init_hwtc_count
                0x00000000200029ec        0x4 ./amazon-freertos/TraceRecorder/trcSnapshotRecorder.o
                0x00000000200029ec                init_hwtc_count
 .bss.RecorderData
                0x00000000200029f0    0x19018 ./amazon-freertos/TraceRecorder/trcSnapshotRecorder.o
                0x00000000200029f0                RecorderData
 .bss.RecorderDataPtr
                0x000000002001ba08        0x4 ./amazon-freertos/TraceRecorder/trcSnapshotRecorder.o
                0x000000002001ba08                RecorderDataPtr
 .bss.indexOfHandle.7763
                0x000000002001ba0c        0x4 ./amazon-freertos/TraceRecorder/trcSnapshotRecorder.o
 .bss.old_timestamp.7826
                0x000000002001ba10        0x4 ./amazon-freertos/TraceRecorder/trcSnapshotRecorder.o
 .bss.last_hwtc_count.7864
                0x000000002001ba14        0x4 ./amazon-freertos/TraceRecorder/trcSnapshotRecorder.o
 .bss.last_hwtc_rest.7866
                0x000000002001ba18        0x4 ./amazon-freertos/TraceRecorder/trcSnapshotRecorder.o
 .bss.ulMaxPRIGROUPValue
                0x000000002001ba1c        0x4 ./amazon-freertos/FreeRTOS/portable/port.o
 .bss.xQueueRegistry
                0x000000002001ba20       0x40 ./amazon-freertos/FreeRTOS/queue.o
                0x000000002001ba20                xQueueRegistry
 .bss.pxCurrentTCB
                0x000000002001ba60        0x4 ./amazon-freertos/FreeRTOS/tasks.o
                0x000000002001ba60                pxCurrentTCB
 .bss.pxReadyTasksLists
                0x000000002001ba64       0x64 ./amazon-freertos/FreeRTOS/tasks.o
 .bss.xDelayedTaskList1
                0x000000002001bac8       0x14 ./amazon-freertos/FreeRTOS/tasks.o
 .bss.xDelayedTaskList2
                0x000000002001badc       0x14 ./amazon-freertos/FreeRTOS/tasks.o
 .bss.pxDelayedTaskList
                0x000000002001baf0        0x4 ./amazon-freertos/FreeRTOS/tasks.o
 .bss.pxOverflowDelayedTaskList
                0x000000002001baf4        0x4 ./amazon-freertos/FreeRTOS/tasks.o
 .bss.xPendingReadyList
                0x000000002001baf8       0x14 ./amazon-freertos/FreeRTOS/tasks.o
 .bss.xTasksWaitingTermination
                0x000000002001bb0c       0x14 ./amazon-freertos/FreeRTOS/tasks.o
 .bss.uxDeletedTasksWaitingCleanUp
                0x000000002001bb20        0x4 ./amazon-freertos/FreeRTOS/tasks.o
 .bss.xSuspendedTaskList
                0x000000002001bb24       0x14 ./amazon-freertos/FreeRTOS/tasks.o
 .bss.uxCurrentNumberOfTasks
                0x000000002001bb38        0x4 ./amazon-freertos/FreeRTOS/tasks.o
 .bss.xTickCount
                0x000000002001bb3c        0x4 ./amazon-freertos/FreeRTOS/tasks.o
 .bss.uxTopReadyPriority
                0x000000002001bb40        0x4 ./amazon-freertos/FreeRTOS/tasks.o
 .bss.xSchedulerRunning
                0x000000002001bb44        0x4 ./amazon-freertos/FreeRTOS/tasks.o
 .bss.uxPendedTicks
                0x000000002001bb48        0x4 ./amazon-freertos/FreeRTOS/tasks.o
 .bss.xYieldPending
                0x000000002001bb4c        0x4 ./amazon-freertos/FreeRTOS/tasks.o
 .bss.xNumOfOverflows
                0x000000002001bb50        0x4 ./amazon-freertos/FreeRTOS/tasks.o
 .bss.uxTaskNumber
                0x000000002001bb54        0x4 ./amazon-freertos/FreeRTOS/tasks.o
 .bss.xNextTaskUnblockTime
                0x000000002001bb58        0x4 ./amazon-freertos/FreeRTOS/tasks.o
 .bss.xIdleTaskHandle
                0x000000002001bb5c        0x4 ./amazon-freertos/FreeRTOS/tasks.o
 .bss.uxSchedulerSuspended
                0x000000002001bb60        0x4 ./amazon-freertos/FreeRTOS/tasks.o
 .bss.xActiveTimerList1
                0x000000002001bb64       0x14 ./amazon-freertos/FreeRTOS/timers.o
 .bss.xActiveTimerList2
                0x000000002001bb78       0x14 ./amazon-freertos/FreeRTOS/timers.o
 .bss.pxCurrentTimerList
                0x000000002001bb8c        0x4 ./amazon-freertos/FreeRTOS/timers.o
 .bss.pxOverflowTimerList
                0x000000002001bb90        0x4 ./amazon-freertos/FreeRTOS/timers.o
 .bss.xTimerQueue
                0x000000002001bb94        0x4 ./amazon-freertos/FreeRTOS/timers.o
 .bss.xTimerTaskHandle
                0x000000002001bb98        0x4 ./amazon-freertos/FreeRTOS/timers.o
 .bss.xLastTime.8001
                0x000000002001bb9c        0x4 ./amazon-freertos/FreeRTOS/timers.o
 .bss.__Ciob    0x000000002001bba0       0xb4 /usr/local/mcuxpresso-ide/ide/tools/bin/../lib/gcc/arm-none-eabi/7.2.1/../../../../arm-none-eabi/lib/thumb/v7e-m/fpv4-sp/hard/libcr_semihost_nf.a(__ciob.o)
                0x000000002001bba0                __Ciob
 .bss.__end_of_heap
                0x000000002001bc54        0x4 /usr/local/mcuxpresso-ide/ide/tools/bin/../lib/gcc/arm-none-eabi/7.2.1/../../../../arm-none-eabi/lib/thumb/v7e-m/fpv4-sp/hard/libcr_c.a(__init_alloc.o)
                0x000000002001bc54                __end_of_heap
 .bss.__heaps   0x000000002001bc58        0x4 /usr/local/mcuxpresso-ide/ide/tools/bin/../lib/gcc/arm-none-eabi/7.2.1/../../../../arm-none-eabi/lib/thumb/v7e-m/fpv4-sp/hard/libcr_c.a(__init_alloc.o)
                0x000000002001bc58                __heaps
 .bss.errno     0x000000002001bc5c        0x4 /usr/local/mcuxpresso-ide/ide/tools/bin/../lib/gcc/arm-none-eabi/7.2.1/../../../../arm-none-eabi/lib/thumb/v7e-m/fpv4-sp/hard/libcr_c.a(errno.o)
                0x000000002001bc5c                errno
 .bss.idx.7790  0x000000002001bc60        0x2 ./amazon-freertos/TraceRecorder/trcSnapshotRecorder.o
 .bss.handle_of_last_logged_task
                0x000000002001bc62        0x1 ./amazon-freertos/TraceRecorder/trcSnapshotRecorder.o
                0x000000002001bc62                handle_of_last_logged_task
 .bss.ucMaxSysCallPriority
                0x000000002001bc63        0x1 ./amazon-freertos/FreeRTOS/portable/port.o
 *(SORT_BY_ALIGNMENT(COMMON))
                0x000000002001bc68                . = ALIGN (0x8)
 *fill*         0x000000002001bc64        0x4 
                0x000000002001bc68                _ebss = .
                [!provide]                        PROVIDE (end, .)

.noinit_RAM2    0x000000001fff0000        0x0
 *(SORT_BY_ALIGNMENT(.noinit.$RAM2*))
 *(SORT_BY_ALIGNMENT(.noinit.$SRAM_LOWER*))
                0x000000001fff0000                . = ALIGN (0x8)

.noinit_RAM3    0x0000000014000000        0x0
 *(SORT_BY_ALIGNMENT(.noinit.$RAM3*))
 *(SORT_BY_ALIGNMENT(.noinit.$FLEX_RAM*))
                0x0000000014000000                . = ALIGN (0x8)

.noinit         0x000000002001bc68        0x0
                0x000000002001bc68                _noinit = .
 *(SORT_BY_ALIGNMENT(.noinit*))
                0x000000002001bc68                . = ALIGN (0x8)
                0x000000002001bc68                _end_noinit = .
                0x0000000000001000                _HeapSize = 0x1000

.heap           0x000000002001bc68     0x1000
                0x000000002001bc68                _pvHeapStart = .
                0x000000002001cc68                . = (. + _HeapSize)
 *fill*         0x000000002001bc68     0x1000 
                0x000000002001cc68                . = ALIGN (0x8)
                0x000000002001cc68                _pvHeapLimit = .
                0x0000000000001000                _StackSize = 0x1000

.heap2stackfill
                0x000000002001cc68     0x1000
                0x000000002001dc68                . = (. + _StackSize)
 *fill*         0x000000002001cc68     0x1000 

.stack          0x000000002002f000        0x0
                0x000000002002f000                _vStackBase = .
                0x000000002002f000                . = ALIGN (0x8)
                0x0000000020030000                _vStackTop = (. + _StackSize)
                0x0000000000000000                _image_start = LOADADDR (.text)
                0x0000000000008188                _image_end = (LOADADDR (.data) + SIZEOF (.data))
                0x0000000000008188                _image_size = (_image_end - _image_start)
OUTPUT(TP4_SO2.axf elf32-littlearm)

.debug_info     0x0000000000000000     0xd895
 .debug_info    0x0000000000000000      0x8b0 ./startup/startup_mk64f12.o
 .debug_info    0x00000000000008b0      0x982 ./source/TP4_SO2.o
 .debug_info    0x0000000000001232       0x3b ./source/semihost_hardfault.o
 .debug_info    0x000000000000126d     0x19df ./drivers/fsl_uart.o
 .debug_info    0x0000000000002c4c       0xe8 ./board/clock_config.o
 .debug_info    0x0000000000002d34       0x3b ./board/peripherals.o
 .debug_info    0x0000000000002d6f       0x3b ./board/pin_mux.o
 .debug_info    0x0000000000002daa      0x667 ./amazon-freertos/portable/fsl_tickless_systick.o
 .debug_info    0x0000000000003411      0x96c ./amazon-freertos/portable/heap_4.o
 .debug_info    0x0000000000003d7d      0x94c ./amazon-freertos/TraceRecorder/trcKernelPort.o
 .debug_info    0x00000000000046c9     0x22a7 ./amazon-freertos/TraceRecorder/trcSnapshotRecorder.o
 .debug_info    0x0000000000006970      0xac2 ./amazon-freertos/FreeRTOS/portable/port.o
 .debug_info    0x0000000000007432      0x85d ./amazon-freertos/FreeRTOS/list.o
 .debug_info    0x0000000000007c8f     0x1d17 ./amazon-freertos/FreeRTOS/queue.o
 .debug_info    0x00000000000099a6     0x2597 ./amazon-freertos/FreeRTOS/tasks.o
 .debug_info    0x000000000000bf3d     0x1327 ./amazon-freertos/FreeRTOS/timers.o
 .debug_info    0x000000000000d264      0x631 ./CMSIS/system_MK64F12.o

.debug_abbrev   0x0000000000000000     0x1f80
 .debug_abbrev  0x0000000000000000      0x15c ./startup/startup_mk64f12.o
 .debug_abbrev  0x000000000000015c      0x1dc ./source/TP4_SO2.o
 .debug_abbrev  0x0000000000000338       0x2f ./source/semihost_hardfault.o
 .debug_abbrev  0x0000000000000367      0x303 ./drivers/fsl_uart.o
 .debug_abbrev  0x000000000000066a       0x99 ./board/clock_config.o
 .debug_abbrev  0x0000000000000703       0x2f ./board/peripherals.o
 .debug_abbrev  0x0000000000000732       0x2f ./board/pin_mux.o
 .debug_abbrev  0x0000000000000761      0x115 ./amazon-freertos/portable/fsl_tickless_systick.o
 .debug_abbrev  0x0000000000000876      0x262 ./amazon-freertos/portable/heap_4.o
 .debug_abbrev  0x0000000000000ad8      0x1ee ./amazon-freertos/TraceRecorder/trcKernelPort.o
 .debug_abbrev  0x0000000000000cc6      0x37f ./amazon-freertos/TraceRecorder/trcSnapshotRecorder.o
 .debug_abbrev  0x0000000000001045      0x2c8 ./amazon-freertos/FreeRTOS/portable/port.o
 .debug_abbrev  0x000000000000130d      0x195 ./amazon-freertos/FreeRTOS/list.o
 .debug_abbrev  0x00000000000014a2      0x356 ./amazon-freertos/FreeRTOS/queue.o
 .debug_abbrev  0x00000000000017f8      0x362 ./amazon-freertos/FreeRTOS/tasks.o
 .debug_abbrev  0x0000000000001b5a      0x2d2 ./amazon-freertos/FreeRTOS/timers.o
 .debug_abbrev  0x0000000000001e2c      0x154 ./CMSIS/system_MK64F12.o

.debug_aranges  0x0000000000000000      0xd78
 .debug_aranges
                0x0000000000000000      0x330 ./startup/startup_mk64f12.o
 .debug_aranges
                0x0000000000000330       0x48 ./source/TP4_SO2.o
 .debug_aranges
                0x0000000000000378       0x20 ./source/semihost_hardfault.o
 .debug_aranges
                0x0000000000000398      0x170 ./drivers/fsl_uart.o
 .debug_aranges
                0x0000000000000508       0x20 ./board/clock_config.o
 .debug_aranges
                0x0000000000000528       0x20 ./board/peripherals.o
 .debug_aranges
                0x0000000000000548       0x20 ./board/pin_mux.o
 .debug_aranges
                0x0000000000000568       0x20 ./amazon-freertos/portable/fsl_tickless_systick.o
 .debug_aranges
                0x0000000000000588       0x50 ./amazon-freertos/portable/heap_4.o
 .debug_aranges
                0x00000000000005d8       0xa8 ./amazon-freertos/TraceRecorder/trcKernelPort.o
 .debug_aranges
                0x0000000000000680      0x208 ./amazon-freertos/TraceRecorder/trcSnapshotRecorder.o
 .debug_aranges
                0x0000000000000888       0x78 ./amazon-freertos/FreeRTOS/portable/port.o
 .debug_aranges
                0x0000000000000900       0x40 ./amazon-freertos/FreeRTOS/list.o
 .debug_aranges
                0x0000000000000940      0x138 ./amazon-freertos/FreeRTOS/queue.o
 .debug_aranges
                0x0000000000000a78      0x1f8 ./amazon-freertos/FreeRTOS/tasks.o
 .debug_aranges
                0x0000000000000c70       0xd8 ./amazon-freertos/FreeRTOS/timers.o
 .debug_aranges
                0x0000000000000d48       0x30 ./CMSIS/system_MK64F12.o

.debug_ranges   0x0000000000000000      0xc68
 .debug_ranges  0x0000000000000000      0x320 ./startup/startup_mk64f12.o
 .debug_ranges  0x0000000000000320       0x38 ./source/TP4_SO2.o
 .debug_ranges  0x0000000000000358       0x10 ./source/semihost_hardfault.o
 .debug_ranges  0x0000000000000368      0x160 ./drivers/fsl_uart.o
 .debug_ranges  0x00000000000004c8       0x10 ./board/clock_config.o
 .debug_ranges  0x00000000000004d8       0x10 ./board/peripherals.o
 .debug_ranges  0x00000000000004e8       0x10 ./board/pin_mux.o
 .debug_ranges  0x00000000000004f8       0x10 ./amazon-freertos/portable/fsl_tickless_systick.o
 .debug_ranges  0x0000000000000508       0x40 ./amazon-freertos/portable/heap_4.o
 .debug_ranges  0x0000000000000548       0x98 ./amazon-freertos/TraceRecorder/trcKernelPort.o
 .debug_ranges  0x00000000000005e0      0x1f8 ./amazon-freertos/TraceRecorder/trcSnapshotRecorder.o
 .debug_ranges  0x00000000000007d8       0x68 ./amazon-freertos/FreeRTOS/portable/port.o
 .debug_ranges  0x0000000000000840       0x30 ./amazon-freertos/FreeRTOS/list.o
 .debug_ranges  0x0000000000000870      0x128 ./amazon-freertos/FreeRTOS/queue.o
 .debug_ranges  0x0000000000000998      0x1e8 ./amazon-freertos/FreeRTOS/tasks.o
 .debug_ranges  0x0000000000000b80       0xc8 ./amazon-freertos/FreeRTOS/timers.o
 .debug_ranges  0x0000000000000c48       0x20 ./CMSIS/system_MK64F12.o

.debug_macro    0x0000000000000000    0x12df0
 .debug_macro   0x0000000000000000       0x29 ./startup/startup_mk64f12.o
 .debug_macro   0x0000000000000029      0xa9c ./startup/startup_mk64f12.o
 .debug_macro   0x0000000000000ac5      0x1ac ./source/TP4_SO2.o
 .debug_macro   0x0000000000000c71       0x10 ./source/TP4_SO2.o
 .debug_macro   0x0000000000000c81      0x12d ./source/TP4_SO2.o
 .debug_macro   0x0000000000000dae       0xd8 ./source/TP4_SO2.o
 .debug_macro   0x0000000000000e86       0x10 ./source/TP4_SO2.o
 .debug_macro   0x0000000000000e96       0x5c ./source/TP4_SO2.o
 .debug_macro   0x0000000000000ef2      0x5b2 ./source/TP4_SO2.o
 .debug_macro   0x00000000000014a4       0x1c ./source/TP4_SO2.o
 .debug_macro   0x00000000000014c0       0x22 ./source/TP4_SO2.o
 .debug_macro   0x00000000000014e2       0xdf ./source/TP4_SO2.o
 .debug_macro   0x00000000000015c1      0xecf ./source/TP4_SO2.o
 .debug_macro   0x0000000000002490       0x48 ./source/TP4_SO2.o
 .debug_macro   0x00000000000024d8     0xe07b ./source/TP4_SO2.o
 .debug_macro   0x0000000000010553       0x10 ./source/TP4_SO2.o
 .debug_macro   0x0000000000010563      0x189 ./source/TP4_SO2.o
 .debug_macro   0x00000000000106ec      0x13f ./source/TP4_SO2.o
 .debug_macro   0x000000000001082b       0x6a ./source/TP4_SO2.o
 .debug_macro   0x0000000000010895       0xdd ./source/TP4_SO2.o
 .debug_macro   0x0000000000010972       0x88 ./source/TP4_SO2.o
 .debug_macro   0x00000000000109fa      0x98d ./source/TP4_SO2.o
 .debug_macro   0x0000000000011387      0x1f0 ./source/TP4_SO2.o
 .debug_macro   0x0000000000011577      0x15a ./source/TP4_SO2.o
 .debug_macro   0x00000000000116d1       0xdd ./source/TP4_SO2.o
 .debug_macro   0x00000000000117ae       0x10 ./source/TP4_SO2.o
 .debug_macro   0x00000000000117be       0x1f ./source/TP4_SO2.o
 .debug_macro   0x00000000000117dd      0x2ce ./source/TP4_SO2.o
 .debug_macro   0x0000000000011aab       0xb5 ./source/TP4_SO2.o
 .debug_macro   0x0000000000011b60       0x8c ./source/TP4_SO2.o
 .debug_macro   0x0000000000011bec       0x86 ./source/TP4_SO2.o
 .debug_macro   0x0000000000011c72       0x11 ./source/semihost_hardfault.o
 .debug_macro   0x0000000000011c83      0x10f ./drivers/fsl_uart.o
 .debug_macro   0x0000000000011d92       0x90 ./board/clock_config.o
 .debug_macro   0x0000000000011e22       0x1b ./board/peripherals.o
 .debug_macro   0x0000000000011e3d       0x1b ./board/pin_mux.o
 .debug_macro   0x0000000000011e58      0x158 ./amazon-freertos/portable/fsl_tickless_systick.o
 .debug_macro   0x0000000000011fb0       0x7c ./amazon-freertos/portable/fsl_tickless_systick.o
 .debug_macro   0x000000000001202c      0x17b ./amazon-freertos/portable/heap_4.o
 .debug_macro   0x00000000000121a7       0x28 ./amazon-freertos/portable/heap_4.o
 .debug_macro   0x00000000000121cf      0x158 ./amazon-freertos/TraceRecorder/trcKernelPort.o
 .debug_macro   0x0000000000012327      0x162 ./amazon-freertos/TraceRecorder/trcSnapshotRecorder.o
 .debug_macro   0x0000000000012489       0x1c ./amazon-freertos/TraceRecorder/trcSnapshotRecorder.o
 .debug_macro   0x00000000000124a5      0x1d0 ./amazon-freertos/FreeRTOS/portable/port.o
 .debug_macro   0x0000000000012675      0x154 ./amazon-freertos/FreeRTOS/list.o
 .debug_macro   0x00000000000127c9      0x1bd ./amazon-freertos/FreeRTOS/queue.o
 .debug_macro   0x0000000000012986      0x22b ./amazon-freertos/FreeRTOS/tasks.o
 .debug_macro   0x0000000000012bb1       0x10 ./amazon-freertos/FreeRTOS/tasks.o
 .debug_macro   0x0000000000012bc1      0x197 ./amazon-freertos/FreeRTOS/timers.o
 .debug_macro   0x0000000000012d58       0x98 ./CMSIS/system_MK64F12.o

.debug_line     0x0000000000000000     0x6661
 .debug_line    0x0000000000000000      0x6d4 ./startup/startup_mk64f12.o
 .debug_line    0x00000000000006d4      0x42e ./source/TP4_SO2.o
 .debug_line    0x0000000000000b02       0x54 ./source/semihost_hardfault.o
 .debug_line    0x0000000000000b56      0x9f6 ./drivers/fsl_uart.o
 .debug_line    0x000000000000154c      0x175 ./board/clock_config.o
 .debug_line    0x00000000000016c1       0x58 ./board/peripherals.o
 .debug_line    0x0000000000001719       0x50 ./board/pin_mux.o
 .debug_line    0x0000000000001769      0x347 ./amazon-freertos/portable/fsl_tickless_systick.o
 .debug_line    0x0000000000001ab0      0x46f ./amazon-freertos/portable/heap_4.o
 .debug_line    0x0000000000001f1f      0x4a4 ./amazon-freertos/TraceRecorder/trcKernelPort.o
 .debug_line    0x00000000000023c3      0xecb ./amazon-freertos/TraceRecorder/trcSnapshotRecorder.o
 .debug_line    0x000000000000328e      0x53e ./amazon-freertos/FreeRTOS/portable/port.o
 .debug_line    0x00000000000037cc      0x38c ./amazon-freertos/FreeRTOS/list.o
 .debug_line    0x0000000000003b58      0xf88 ./amazon-freertos/FreeRTOS/queue.o
 .debug_line    0x0000000000004ae0     0x127d ./amazon-freertos/FreeRTOS/tasks.o
 .debug_line    0x0000000000005d5d      0x6ff ./amazon-freertos/FreeRTOS/timers.o
 .debug_line    0x000000000000645c      0x205 ./CMSIS/system_MK64F12.o

.debug_str      0x0000000000000000    0x8e1ed
 .debug_str     0x0000000000000000     0x35d1 ./startup/startup_mk64f12.o
                                       0x3654 (size before relaxing)
 .debug_str     0x00000000000035d1    0x7ca38 ./source/TP4_SO2.o
                                      0x7f913 (size before relaxing)
 .debug_str     0x0000000000080009       0x1f ./source/semihost_hardfault.o
                                       0x2de5 (size before relaxing)
 .debug_str     0x0000000000080028     0x968e ./drivers/fsl_uart.o
                                      0x7a88b (size before relaxing)
 .debug_str     0x00000000000896b6       0x2d ./board/clock_config.o
                                      0x7116a (size before relaxing)
 .debug_str     0x00000000000896e3       0x31 ./board/peripherals.o
                                       0x2df6 (size before relaxing)
 .debug_str     0x0000000000089714       0x26 ./board/pin_mux.o
                                       0x2de7 (size before relaxing)
 .debug_str     0x000000000008973a      0x3dd ./amazon-freertos/portable/fsl_tickless_systick.o
                                      0x7f105 (size before relaxing)
 .debug_str     0x0000000000089b17      0x2ad ./amazon-freertos/portable/heap_4.o
                                      0x7f051 (size before relaxing)
 .debug_str     0x0000000000089dc4      0x228 ./amazon-freertos/TraceRecorder/trcKernelPort.o
                                      0x7f687 (size before relaxing)
 .debug_str     0x0000000000089fec     0x1087 ./amazon-freertos/TraceRecorder/trcSnapshotRecorder.o
                                      0x7f110 (size before relaxing)
 .debug_str     0x000000000008b073      0x58a ./amazon-freertos/FreeRTOS/portable/port.o
                                      0x7f6ad (size before relaxing)
 .debug_str     0x000000000008b5fd      0x12e ./amazon-freertos/FreeRTOS/list.o
                                      0x7e951 (size before relaxing)
 .debug_str     0x000000000008b72b      0x829 ./amazon-freertos/FreeRTOS/queue.o
                                      0x7feea (size before relaxing)
 .debug_str     0x000000000008bf54     0x1bcc ./amazon-freertos/FreeRTOS/tasks.o
                                      0x80cdc (size before relaxing)
 .debug_str     0x000000000008db20      0x501 ./amazon-freertos/FreeRTOS/timers.o
                                      0x80373 (size before relaxing)
 .debug_str     0x000000000008e021      0x1cc ./CMSIS/system_MK64F12.o
                                      0x77e2a (size before relaxing)

.comment        0x0000000000000000       0x7e
 .comment       0x0000000000000000       0x7e ./startup/startup_mk64f12.o
                                         0x7f (size before relaxing)
 .comment       0x000000000000007e       0x7f ./source/TP4_SO2.o
 .comment       0x000000000000007e       0x7f ./source/semihost_hardfault.o
 .comment       0x000000000000007e       0x7f ./drivers/fsl_uart.o
 .comment       0x000000000000007e       0x7f ./board/clock_config.o
 .comment       0x000000000000007e       0x7f ./board/peripherals.o
 .comment       0x000000000000007e       0x7f ./board/pin_mux.o
 .comment       0x000000000000007e       0x7f ./amazon-freertos/portable/fsl_tickless_systick.o
 .comment       0x000000000000007e       0x7f ./amazon-freertos/portable/heap_4.o
 .comment       0x000000000000007e       0x7f ./amazon-freertos/TraceRecorder/trcKernelPort.o
 .comment       0x000000000000007e       0x7f ./amazon-freertos/TraceRecorder/trcSnapshotRecorder.o
 .comment       0x000000000000007e       0x7f ./amazon-freertos/FreeRTOS/portable/port.o
 .comment       0x000000000000007e       0x7f ./amazon-freertos/FreeRTOS/list.o
 .comment       0x000000000000007e       0x7f ./amazon-freertos/FreeRTOS/queue.o
 .comment       0x000000000000007e       0x7f ./amazon-freertos/FreeRTOS/tasks.o
 .comment       0x000000000000007e       0x7f ./amazon-freertos/FreeRTOS/timers.o
 .comment       0x000000000000007e       0x7f ./CMSIS/system_MK64F12.o
 .comment       0x000000000000007e       0x7f /usr/local/mcuxpresso-ide/ide/tools/bin/../lib/gcc/arm-none-eabi/7.2.1/../../../../arm-none-eabi/lib/thumb/v7e-m/fpv4-sp/hard/libcr_semihost_nf.a(_cr__main.o)
 .comment       0x000000000000007e       0x7f /usr/local/mcuxpresso-ide/ide/tools/bin/../lib/gcc/arm-none-eabi/7.2.1/../../../../arm-none-eabi/lib/thumb/v7e-m/fpv4-sp/hard/libcr_semihost_nf.a(__ciob.o)
 .comment       0x000000000000007e       0x7f /usr/local/mcuxpresso-ide/ide/tools/bin/../lib/gcc/arm-none-eabi/7.2.1/../../../../arm-none-eabi/lib/thumb/v7e-m/fpv4-sp/hard/libcr_c.a(memcpy.o)
 .comment       0x000000000000007e       0x7f /usr/local/mcuxpresso-ide/ide/tools/bin/../lib/gcc/arm-none-eabi/7.2.1/../../../../arm-none-eabi/lib/thumb/v7e-m/fpv4-sp/hard/libcr_c.a(memset.o)
 .comment       0x000000000000007e       0x7f /usr/local/mcuxpresso-ide/ide/tools/bin/../lib/gcc/arm-none-eabi/7.2.1/../../../../arm-none-eabi/lib/thumb/v7e-m/fpv4-sp/hard/libcr_c.a(_deferredlazyseek.o)
 .comment       0x000000000000007e       0x7f /usr/local/mcuxpresso-ide/ide/tools/bin/../lib/gcc/arm-none-eabi/7.2.1/../../../../arm-none-eabi/lib/thumb/v7e-m/fpv4-sp/hard/libcr_c.a(_fflush.o)