Archive member included to satisfy reference by file (symbol)

/usr/local/mcuxpresso-ide/ide/tools/bin/../lib/gcc/arm-none-eabi/7.2.1/../../../../arm-none-eabi/lib/thumb/v7e-m/fpv4-sp/hard/libcr_semihost_nf.a(_cr__main.o)
                              ./startup/startup_mk64f12.o (__main)
/usr/local/mcuxpresso-ide/ide/tools/bin/../lib/gcc/arm-none-eabi/7.2.1/../../../../arm-none-eabi/lib/thumb/v7e-m/fpv4-sp/hard/libcr_semihost_nf.a(_cr_assert.o)
                              ./drivers/fsl_clock.o (__assertion_failed)
/usr/local/mcuxpresso-ide/ide/tools/bin/../lib/gcc/arm-none-eabi/7.2.1/../../../../arm-none-eabi/lib/thumb/v7e-m/fpv4-sp/hard/libcr_semihost_nf.a(__ciob.o)
                              /usr/local/mcuxpresso-ide/ide/tools/bin/../lib/gcc/arm-none-eabi/7.2.1/../../../../arm-none-eabi/lib/thumb/v7e-m/fpv4-sp/hard/libcr_semihost_nf.a(_cr_assert.o) (__Ciob)
/usr/local/mcuxpresso-ide/ide/tools/bin/../lib/gcc/arm-none-eabi/7.2.1/../../../../arm-none-eabi/lib/thumb/v7e-m/fpv4-sp/hard/libcr_semihost_nf.a(__sys_appexit.o)
                              /usr/local/mcuxpresso-ide/ide/tools/bin/../lib/gcc/arm-none-eabi/7.2.1/../../../../arm-none-eabi/lib/thumb/v7e-m/fpv4-sp/hard/libcr_semihost_nf.a(_cr_assert.o) (__sys_appexit)
/usr/local/mcuxpresso-ide/ide/tools/bin/../lib/gcc/arm-none-eabi/7.2.1/../../../../arm-none-eabi/lib/thumb/v7e-m/fpv4-sp/hard/libcr_c.a(memcpy.o)
                              ./amazon-freertos/TraceRecorder/streamports/Jlink_RTT/SEGGER_RTT.o (memcpy)
/usr/local/mcuxpresso-ide/ide/tools/bin/../lib/gcc/arm-none-eabi/7.2.1/../../../../arm-none-eabi/lib/thumb/v7e-m/fpv4-sp/hard/libcr_c.a(memset.o)
                              ./drivers/fsl_uart.o (memset)
/usr/local/mcuxpresso-ide/ide/tools/bin/../lib/gcc/arm-none-eabi/7.2.1/../../../../arm-none-eabi/lib/thumb/v7e-m/fpv4-sp/hard/libcr_c.a(_deferredlazyseek.o)
                              /usr/local/mcuxpresso-ide/ide/tools/bin/../lib/gcc/arm-none-eabi/7.2.1/../../../../arm-none-eabi/lib/thumb/v7e-m/fpv4-sp/hard/libcr_semihost_nf.a(_cr_assert.o) (__flsbuf)
/usr/local/mcuxpresso-ide/ide/tools/bin/../lib/gcc/arm-none-eabi/7.2.1/../../../../arm-none-eabi/lib/thumb/v7e-m/fpv4-sp/hard/libcr_c.a(_fflush.o)
                              /usr/local/mcuxpresso-ide/ide/tools/bin/../lib/gcc/arm-none-eabi/7.2.1/../../../../arm-none-eabi/lib/thumb/v7e-m/fpv4-sp/hard/libcr_c.a(_deferredlazyseek.o) (_fflush)
/usr/local/mcuxpresso-ide/ide/tools/bin/../lib/gcc/arm-none-eabi/7.2.1/../../../../arm-none-eabi/lib/thumb/v7e-m/fpv4-sp/hard/libcr_c.a(_writebuf.o)
                              /usr/local/mcuxpresso-ide/ide/tools/bin/../lib/gcc/arm-none-eabi/7.2.1/../../../../arm-none-eabi/lib/thumb/v7e-m/fpv4-sp/hard/libcr_c.a(_deferredlazyseek.o) (_Cwritebuf)
/usr/local/mcuxpresso-ide/ide/tools/bin/../lib/gcc/arm-none-eabi/7.2.1/../../../../arm-none-eabi/lib/thumb/v7e-m/fpv4-sp/hard/libcr_c.a(alloc.o)
                              ./drivers/fsl_common.o (malloc)
/usr/local/mcuxpresso-ide/ide/tools/bin/../lib/gcc/arm-none-eabi/7.2.1/../../../../arm-none-eabi/lib/thumb/v7e-m/fpv4-sp/hard/libcr_c.a(fputs.o)
                              /usr/local/mcuxpresso-ide/ide/tools/bin/../lib/gcc/arm-none-eabi/7.2.1/../../../../arm-none-eabi/lib/thumb/v7e-m/fpv4-sp/hard/libcr_semihost_nf.a(_cr_assert.o) (fputs)
/usr/local/mcuxpresso-ide/ide/tools/bin/../lib/gcc/arm-none-eabi/7.2.1/../../../../arm-none-eabi/lib/thumb/v7e-m/fpv4-sp/hard/libcr_c.a(fseek.o)
                              /usr/local/mcuxpresso-ide/ide/tools/bin/../lib/gcc/arm-none-eabi/7.2.1/../../../../arm-none-eabi/lib/thumb/v7e-m/fpv4-sp/hard/libcr_c.a(_deferredlazyseek.o) (fseek)
/usr/local/mcuxpresso-ide/ide/tools/bin/../lib/gcc/arm-none-eabi/7.2.1/../../../../arm-none-eabi/lib/thumb/v7e-m/fpv4-sp/hard/libcr_c.a(ftell.o)
                              /usr/local/mcuxpresso-ide/ide/tools/bin/../lib/gcc/arm-none-eabi/7.2.1/../../../../arm-none-eabi/lib/thumb/v7e-m/fpv4-sp/hard/libcr_c.a(fseek.o) (ftell)
/usr/local/mcuxpresso-ide/ide/tools/bin/../lib/gcc/arm-none-eabi/7.2.1/../../../../arm-none-eabi/lib/thumb/v7e-m/fpv4-sp/hard/libcr_c.a(initio.o)
                              /usr/local/mcuxpresso-ide/ide/tools/bin/../lib/gcc/arm-none-eabi/7.2.1/../../../../arm-none-eabi/lib/thumb/v7e-m/fpv4-sp/hard/libcr_semihost_nf.a(_cr__main.o) (_initio)
/usr/local/mcuxpresso-ide/ide/tools/bin/../lib/gcc/arm-none-eabi/7.2.1/../../../../arm-none-eabi/lib/thumb/v7e-m/fpv4-sp/hard/libcr_c.a(printf.o)
                              ./source/TP4_SO2.o (_printf)
/usr/local/mcuxpresso-ide/ide/tools/bin/../lib/gcc/arm-none-eabi/7.2.1/../../../../arm-none-eabi/lib/thumb/v7e-m/fpv4-sp/hard/libcr_c.a(setvbuf.o)
                              /usr/local/mcuxpresso-ide/ide/tools/bin/../lib/gcc/arm-none-eabi/7.2.1/../../../../arm-none-eabi/lib/thumb/v7e-m/fpv4-sp/hard/libcr_c.a(initio.o) (setvbuf)
[...]
Memory Configuration

Name             Origin             Length             Attributes
PROGRAM_FLASH    0x0000000000000000 0x0000000000100000 xr
SRAM_UPPER       0x0000000020000000 0x0000000000030000 xrw
SRAM_LOWER       0x000000001fff0000 0x0000000000010000 xrw
FLEX_RAM         0x0000000014000000 0x0000000000001000 xrw
*default*        0x0000000000000000 0xffffffffffffffff

Linker script and memory map

LOAD ./startup/startup_mk64f12.o
LOAD ./source/TP4_SO2.o
LOAD ./source/semihost_hardfault.o
LOAD ./drivers/freertos/fsl_uart_freertos.o
LOAD ./drivers/fsl_clock.o
LOAD ./drivers/fsl_common.o
LOAD ./drivers/fsl_uart.o
LOAD ./board/board.o
LOAD ./board/clock_config.o
LOAD ./board/peripherals.o
LOAD ./board/pin_mux.o
LOAD ./amazon-freertos/portable/fsl_tickless_systick.o
LOAD ./amazon-freertos/portable/heap_4.o
LOAD ./amazon-freertos/TraceRecorder/streamports/Jlink_RTT/SEGGER_RTT.o
LOAD ./amazon-freertos/TraceRecorder/streamports/Jlink_RTT/trcStreamingPort.o
LOAD ./amazon-freertos/TraceRecorder/streamports/File/trcStreamingPort.o
LOAD ./amazon-freertos/TraceRecorder/streamports/ARM_ITM/trcStreamingPort.o
LOAD ./amazon-freertos/TraceRecorder/trcKernelPort.o
LOAD ./amazon-freertos/TraceRecorder/trcSnapshotRecorder.o
LOAD ./amazon-freertos/TraceRecorder/trcStreamingRecorder.o
LOAD ./amazon-freertos/FreeRTOS/portable/port.o
LOAD ./amazon-freertos/FreeRTOS/event_groups.o
LOAD ./amazon-freertos/FreeRTOS/list.o
LOAD ./amazon-freertos/FreeRTOS/queue.o
LOAD ./amazon-freertos/FreeRTOS/stream_buffer.o
LOAD ./amazon-freertos/FreeRTOS/tasks.o
LOAD ./amazon-freertos/FreeRTOS/timers.o
LOAD ./CMSIS/system_MK64F12.o
START GROUP
LOAD /usr/local/mcuxpresso-ide/ide/tools/bin/../lib/gcc/arm-none-eabi/7.2.1/../../../../arm-none-eabi/lib/thumb/v7e-m/fpv4-sp/hard/libcr_semihost_nf.a
LOAD /usr/local/mcuxpresso-ide/ide/tools/bin/../lib/gcc/arm-none-eabi/7.2.1/../../../../arm-none-eabi/lib/thumb/v7e-m/fpv4-sp/hard/libcr_c.a
LOAD /usr/local/mcuxpresso-ide/ide/tools/bin/../lib/gcc/arm-none-eabi/7.2.1/thumb/v7e-m/fpv4-sp/hard/libcr_eabihelpers.a
END GROUP
                0x0000000000000000                __base_PROGRAM_FLASH = 0x0
                0x0000000000000000                __base_Flash = 0x0
                0x0000000000100000                __top_PROGRAM_FLASH = 0x100000
                0x0000000000100000                __top_Flash = 0x100000
                0x0000000020000000                __base_SRAM_UPPER = 0x20000000
                0x0000000020000000                __base_RAM = 0x20000000
                0x0000000020030000                __top_SRAM_UPPER = 0x20030000
                0x0000000020030000                __top_RAM = 0x20030000
                0x000000001fff0000                __base_SRAM_LOWER = 0x1fff0000
                0x000000001fff0000                __base_RAM2 = 0x1fff0000
                0x0000000020000000                __top_SRAM_LOWER = 0x20000000
                0x0000000020000000                __top_RAM2 = 0x20000000
                0x0000000014000000                __base_FLEX_RAM = 0x14000000
                0x0000000014000000                __base_RAM3 = 0x14000000
                0x0000000014001000                __top_FLEX_RAM = 0x14001000
                0x0000000014001000                __top_RAM3 = 0x14001000

.text           0x0000000000000000     0x8088
 FILL mask 0xff
                0x0000000000000000                __vectors_start__ = ABSOLUTE (.)
 *(SORT_BY_ALIGNMENT(.isr_vector))
 .isr_vector    0x0000000000000000      0x198 ./startup/startup_mk64f12.o
                0x0000000000000000                __Vectors
                0x0000000000000000                g_pfnVectors
                0x0000000000000198                . = ALIGN (0x4)
                0x0000000000000198                __section_table_start = .
                0x0000000000000198                __data_section_table = .
                0x0000000000000198        0x4 LONG 0x8088 LOADADDR (.data)
                0x000000000000019c        0x4 LONG 0x20000000 ADDR (.data)
                0x00000000000001a0        0x4 LONG 0x100 SIZEOF (.data)
                0x00000000000001a4        0x4 LONG 0x8088 LOADADDR (.data_RAM2)
                0x00000000000001a8        0x4 LONG 0x1fff0000 ADDR (.data_RAM2)
                0x00000000000001ac        0x4 LONG 0x0 SIZEOF (.data_RAM2)
                0x00000000000001b0        0x4 LONG 0x8088 LOADADDR (.data_RAM3)
                0x00000000000001b4        0x4 LONG 0x14000000 ADDR (.data_RAM3)
                0x00000000000001b8        0x4 LONG 0x0 SIZEOF (.data_RAM3)
                0x00000000000001bc                __data_section_table_end = .
                0x00000000000001bc                __bss_section_table = .
                0x00000000000001bc        0x4 LONG 0x20000100 ADDR (.bss)
                0x00000000000001c0        0x4 LONG 0x1bb68 SIZEOF (.bss)
                0x00000000000001c4        0x4 LONG 0x1fff0000 ADDR (.bss_RAM2)
                0x00000000000001c8        0x4 LONG 0x0 SIZEOF (.bss_RAM2)
                0x00000000000001cc        0x4 LONG 0x14000000 ADDR (.bss_RAM3)
                0x00000000000001d0        0x4 LONG 0x0 SIZEOF (.bss_RAM3)
                0x00000000000001d4                __bss_section_table_end = .
                0x00000000000001d4                __section_table_end = .
 *(SORT_BY_ALIGNMENT(.after_vectors*))
 .after_vectors.reset
                0x00000000000001d4       0x4c ./startup/startup_mk64f12.o
                0x00000000000001d4                ResetISR
 .after_vectors.init_data
                0x0000000000000220       0x1e ./startup/startup_mk64f12.o
                0x0000000000000220                data_init
 .after_vectors.init_bss
                0x000000000000023e       0x12 ./startup/startup_mk64f12.o
                0x000000000000023e                bss_init
 .after_vectors
                0x0000000000000250       0x14 ./startup/startup_mk64f12.o
                0x0000000000000250                NMI_Handler
                0x0000000000000254                MemManage_Handler
                0x0000000000000256                BusFault_Handler
                0x0000000000000258                UsageFault_Handler
                0x000000000000025c                DebugMon_Handler
                0x0000000000000262                DMA0_DriverIRQHandler
                0x0000000000000262                PORTB_DriverIRQHandler
                0x0000000000000262                DMA12_DriverIRQHandler
                0x0000000000000262                SPI1_DriverIRQHandler
                0x0000000000000262                LPTMR0_DriverIRQHandler
                0x0000000000000262                DMA_Error_DriverIRQHandler
                0x0000000000000262                FTM1_DriverIRQHandler
                0x0000000000000262                FTM2_DriverIRQHandler
                0x0000000000000262                PIT2_DriverIRQHandler
                0x0000000000000262                SDHC_DriverIRQHandler
                0x0000000000000262                I2S0_Tx_DriverIRQHandler
                0x0000000000000262                RTC_Seconds_DriverIRQHandler
                0x0000000000000262                DMA6_DriverIRQHandler
                0x0000000000000262                LLWU_DriverIRQHandler
                0x0000000000000262                MCM_DriverIRQHandler
                0x0000000000000262                MCG_DriverIRQHandler
                0x0000000000000262                ENET_1588_Timer_DriverIRQHandler
                0x0000000000000262                I2C2_DriverIRQHandler
                0x0000000000000262                DAC1_DriverIRQHandler
                0x0000000000000262                CMP1_DriverIRQHandler
                0x0000000000000262                FTM0_DriverIRQHandler
                0x0000000000000262                IntDefaultHandler
                0x0000000000000262                USB0_DriverIRQHandler
                0x0000000000000262                UART5_ERR_DriverIRQHandler
                0x0000000000000262                PORTC_DriverIRQHandler
                0x0000000000000262                DMA11_DriverIRQHandler
                0x0000000000000262                DAC0_DriverIRQHandler
                0x0000000000000262                DMA10_DriverIRQHandler
                0x0000000000000262                CMP2_DriverIRQHandler
                0x0000000000000262                UART2_ERR_DriverIRQHandler
                0x0000000000000262                SPI2_DriverIRQHandler
                0x0000000000000262                LVD_LVW_DriverIRQHandler
                0x0000000000000262                PIT0_DriverIRQHandler
                0x0000000000000262                RNG_DriverIRQHandler
                0x0000000000000262                DMA5_DriverIRQHandler
                0x0000000000000262                DMA4_DriverIRQHandler
                0x0000000000000262                USBDCD_DriverIRQHandler
                0x0000000000000262                UART3_ERR_DriverIRQHandler
                0x0000000000000262                DMA3_DriverIRQHandler
                0x0000000000000262                DMA8_DriverIRQHandler
                0x0000000000000262                DMA9_DriverIRQHandler
                0x0000000000000262                UART0_ERR_DriverIRQHandler
                0x0000000000000262                CMT_DriverIRQHandler
                0x0000000000000262                Reserved71_DriverIRQHandler
                0x0000000000000262                ADC1_DriverIRQHandler
                0x0000000000000262                PORTA_DriverIRQHandler
                0x0000000000000262                DMA14_DriverIRQHandler
                0x0000000000000262                PIT3_DriverIRQHandler
                0x0000000000000262                PIT1_DriverIRQHandler
                0x0000000000000262                WDOG_EWM_DriverIRQHandler
                0x0000000000000262                PDB0_DriverIRQHandler
                0x0000000000000262                RTC_DriverIRQHandler
                0x0000000000000262                I2S0_Rx_DriverIRQHandler
                0x0000000000000262                Read_Collision_DriverIRQHandler
                0x0000000000000262                SWI_DriverIRQHandler
                0x0000000000000262                UART4_ERR_DriverIRQHandler
                0x0000000000000262                UART0_LON_DriverIRQHandler
                0x0000000000000262                DMA1_DriverIRQHandler
                0x0000000000000262                I2C1_DriverIRQHandler
                0x0000000000000262                ENET_Receive_DriverIRQHandler
                0x0000000000000262                DMA13_DriverIRQHandler
                0x0000000000000262                ENET_Error_DriverIRQHandler
                0x0000000000000262                DMA15_DriverIRQHandler
                0x0000000000000262                SPI0_DriverIRQHandler
                0x0000000000000262                ADC0_DriverIRQHandler
                0x0000000000000262                CMP0_DriverIRQHandler
                0x0000000000000262                CAN0_DriverIRQHandler
                0x0000000000000262                FTM3_DriverIRQHandler
                0x0000000000000262                UART1_ERR_DriverIRQHandler
                0x0000000000000262                DMA2_DriverIRQHandler
                0x0000000000000262                ENET_Transmit_DriverIRQHandler
                0x0000000000000262                PORTD_DriverIRQHandler
                0x0000000000000262                PORTE_DriverIRQHandler
                0x0000000000000262                FTFE_DriverIRQHandler
                0x0000000000000262                I2C0_DriverIRQHandler
                0x0000000000000262                DMA7_DriverIRQHandler
                0x0000000000000400                . = 0x400
 *fill*         0x0000000000000264      0x19c ff
                0x0000000000000400                PROVIDE (__FLASH_CONFIG_START__, .)
 *(SORT_BY_ALIGNMENT(.FlashConfig))
 .FlashConfig   0x0000000000000400       0x10 ./startup/startup_mk64f12.o
                0x0000000000000400                Flash_Config
                0x0000000000000410                PROVIDE (__FLASH_CONFIG_END__, .)
                0x0000000000000001                ASSERT (! ((__FLASH_CONFIG_START__ == __FLASH_CONFIG_END__)), Linker Flash Config Support Enabled, but no .FlashConfig section provided within application)
 *(SORT_BY_ALIGNMENT(.text*))
 .text.SVC_Handler
                0x0000000000000410       0x28 ./amazon-freertos/FreeRTOS/portable/port.o
                0x0000000000000410                SVC_Handler
 *fill*         0x0000000000000438        0x8 ff
 .text.PendSV_Handler
                0x0000000000000440       0x68 ./amazon-freertos/FreeRTOS/portable/port.o
                0x0000000000000440                PendSV_Handler
 .text.vTeclado
                0x00000000000004a8      0x12c ./source/TP4_SO2.o
                0x00000000000004a8                vTeclado
 .text.vSensor  0x00000000000005d4       0x7c ./source/TP4_SO2.o
                0x00000000000005d4                vSensor
 .text.vConsumidor
                0x0000000000000650       0x58 ./source/TP4_SO2.o
                0x0000000000000650                vConsumidor
 .text.main     0x00000000000006a8       0x8c ./source/TP4_SO2.o
                0x00000000000006a8                main
 .text.UART0_DriverIRQHandler
                0x0000000000000734       0x28 ./drivers/fsl_uart.o
                0x0000000000000734                UART0_DriverIRQHandler
 .text.UART1_DriverIRQHandler
                0x000000000000075c       0x28 ./drivers/fsl_uart.o
                0x000000000000075c                UART1_DriverIRQHandler
 .text.UART2_DriverIRQHandler
                0x0000000000000784       0x28 ./drivers/fsl_uart.o
                0x0000000000000784                UART2_DriverIRQHandler
 .text.UART3_DriverIRQHandler
                0x00000000000007ac       0x28 ./drivers/fsl_uart.o
                0x00000000000007ac                UART3_DriverIRQHandler
 .text.UART4_DriverIRQHandler
                0x00000000000007d4       0x28 ./drivers/fsl_uart.o
                0x00000000000007d4                UART4_DriverIRQHandler
 .text.UART5_DriverIRQHandler
                0x00000000000007fc       0x28 ./drivers/fsl_uart.o
                0x00000000000007fc                UART5_DriverIRQHandler
 .text.vPortSetupTimerInterrupt
                0x0000000000000824       0x48 ./amazon-freertos/portable/fsl_tickless_systick.o
                0x0000000000000824                vPortSetupTimerInterrupt
 .text.pvPortMalloc
                0x000000000000086c      0x1a4 ./amazon-freertos/portable/heap_4.o
                0x000000000000086c                pvPortMalloc
 .text.vPortFree
                0x0000000000000a10       0xc0 ./amazon-freertos/portable/heap_4.o
                0x0000000000000a10                vPortFree
 .text.prvHeapInit
                0x0000000000000ad0       0xc4 ./amazon-freertos/portable/heap_4.o
 .text.prvInsertBlockIntoFreeList
                0x0000000000000b94       0xb4 ./amazon-freertos/portable/heap_4.o
 .text.vTraceInitObjectPropertyTable
                0x0000000000000c48      0x19c ./amazon-freertos/TraceRecorder/trcKernelPort.o
                0x0000000000000c48                vTraceInitObjectPropertyTable
 .text.vTraceInitObjectHandleStack
                0x0000000000000de4       0xc8 ./amazon-freertos/TraceRecorder/trcKernelPort.o
                0x0000000000000de4                vTraceInitObjectHandleStack
 .text.pszTraceGetErrorNotEnoughHandles
                0x0000000000000eac       0x98 ./amazon-freertos/TraceRecorder/trcKernelPort.o
                0x0000000000000eac                pszTraceGetErrorNotEnoughHandles
 .text.vTraceEnable
                0x0000000000000f44       0x44 ./amazon-freertos/TraceRecorder/trcSnapshotRecorder.o
                0x0000000000000f44                vTraceEnable
 .text.uiTraceStart
                0x0000000000000f88       0xdc ./amazon-freertos/TraceRecorder/trcSnapshotRecorder.o
                0x0000000000000f88                uiTraceStart
 .text.vTraceStop
                0x0000000000001064       0x30 ./amazon-freertos/TraceRecorder/trcSnapshotRecorder.o
                0x0000000000001064                vTraceStop
 .text.prvTraceStoreTaskReady
                0x0000000000001094       0xc8 ./amazon-freertos/TraceRecorder/trcSnapshotRecorder.o
                0x0000000000001094                prvTraceStoreTaskReady
 .text.vTraceStoreMemMangEvent
                0x000000000000115c      0x118 ./amazon-freertos/TraceRecorder/trcSnapshotRecorder.o
                0x000000000000115c                vTraceStoreMemMangEvent
 .text.prvTraceStoreKernelCall
                0x0000000000001274       0xf8 ./amazon-freertos/TraceRecorder/trcSnapshotRecorder.o
                0x0000000000001274                prvTraceStoreKernelCall
 .text.prvTraceStoreKernelCallWithParam
                0x000000000000136c      0x110 ./amazon-freertos/TraceRecorder/trcSnapshotRecorder.o
                0x000000000000136c                prvTraceStoreKernelCallWithParam
 .text.prvTraceGetParam
                0x000000000000147c       0x78 ./amazon-freertos/TraceRecorder/trcSnapshotRecorder.o
 .text.prvTraceStoreKernelCallWithNumericParamOnly
                0x00000000000014f4       0xc8 ./amazon-freertos/TraceRecorder/trcSnapshotRecorder.o
                0x00000000000014f4                prvTraceStoreKernelCallWithNumericParamOnly
 .text.prvTraceStoreTaskswitch
                0x00000000000015bc       0xe0 ./amazon-freertos/TraceRecorder/trcSnapshotRecorder.o
                0x00000000000015bc                prvTraceStoreTaskswitch
 .text.prvTraceSetPriorityProperty
                0x000000000000169c       0x78 ./amazon-freertos/TraceRecorder/trcSnapshotRecorder.o
                0x000000000000169c                prvTraceSetPriorityProperty
 .text.prvTraceGetPriorityProperty
                0x0000000000001714       0x7c ./amazon-freertos/TraceRecorder/trcSnapshotRecorder.o
                0x0000000000001714                prvTraceGetPriorityProperty
 .text.prvTraceSetObjectState
                0x0000000000001790       0x78 ./amazon-freertos/TraceRecorder/trcSnapshotRecorder.o
                0x0000000000001790                prvTraceSetObjectState
 .text.prvTraceGetObjectState
                0x0000000000001808       0x78 ./amazon-freertos/TraceRecorder/trcSnapshotRecorder.o
 .text.prvTraceSetTaskInstanceFinished
                0x0000000000001880       0x54 ./amazon-freertos/TraceRecorder/trcSnapshotRecorder.o
                0x0000000000001880                prvTraceSetTaskInstanceFinished
 .text.prvTraceInitTraceData
                0x00000000000018d4      0x22c ./amazon-freertos/TraceRecorder/trcSnapshotRecorder.o
 .text.prvTraceNextFreeEventBufferSlot
                0x0000000000001b00       0x48 ./amazon-freertos/TraceRecorder/trcSnapshotRecorder.o
 .text.uiIndexOfObject
                0x0000000000001b48       0xb0 ./amazon-freertos/TraceRecorder/trcSnapshotRecorder.o
                0x0000000000001b48                uiIndexOfObject
 .text.prvTraceGetObjectHandle
                0x0000000000001bf8      0x158 ./amazon-freertos/TraceRecorder/trcSnapshotRecorder.o
                0x0000000000001bf8                prvTraceGetObjectHandle
 .text.prvMarkObjectAsUsed
                0x0000000000001d50       0x3c ./amazon-freertos/TraceRecorder/trcSnapshotRecorder.o
                0x0000000000001d50                prvMarkObjectAsUsed
 .text.prvTraceSetObjectName
                0x0000000000001d8c       0xbc ./amazon-freertos/TraceRecorder/trcSnapshotRecorder.o
                0x0000000000001d8c                prvTraceSetObjectName
 .text.prvTraceError
                0x0000000000001e48       0x58 ./amazon-freertos/TraceRecorder/trcSnapshotRecorder.o
                0x0000000000001e48                prvTraceError
 .text.prvCheckDataToBeOverwrittenForMultiEntryEvents
                0x0000000000001ea0      0x114 ./amazon-freertos/TraceRecorder/trcSnapshotRecorder.o
 .text.prvTraceUpdateCounters
                0x0000000000001fb4       0x50 ./amazon-freertos/TraceRecorder/trcSnapshotRecorder.o
 .text.prvTraceGetDTS
                0x0000000000002004      0x1b0 ./amazon-freertos/TraceRecorder/trcSnapshotRecorder.o
 .text.prvTraceInitCortexM
                0x00000000000021b4       0x6c ./amazon-freertos/TraceRecorder/trcSnapshotRecorder.o
                0x00000000000021b4                prvTraceInitCortexM
 .text.prvTracePortGetTimeStamp
                0x0000000000002220       0x94 ./amazon-freertos/TraceRecorder/trcSnapshotRecorder.o
                0x0000000000002220                prvTracePortGetTimeStamp
 .text.pxPortInitialiseStack
                0x00000000000022b4       0x68 ./amazon-freertos/FreeRTOS/portable/port.o
                0x00000000000022b4                pxPortInitialiseStack
 .text.prvTaskExitError
                0x000000000000231c       0x54 ./amazon-freertos/FreeRTOS/portable/port.o
 .text.prvPortStartFirstTask
                0x0000000000002370       0x28 ./amazon-freertos/FreeRTOS/portable/port.o
 .text.xPortStartScheduler
                0x0000000000002398      0x15c ./amazon-freertos/FreeRTOS/portable/port.o
                0x0000000000002398                xPortStartScheduler
 .text.vPortEnterCritical
                0x00000000000024f4       0x5c ./amazon-freertos/FreeRTOS/portable/port.o
                0x00000000000024f4                vPortEnterCritical
 .text.vPortExitCritical
                0x0000000000002550       0x50 ./amazon-freertos/FreeRTOS/portable/port.o
                0x0000000000002550                vPortExitCritical
 .text.SysTick_Handler
                0x00000000000025a0       0x40 ./amazon-freertos/FreeRTOS/portable/port.o
                0x00000000000025a0                SysTick_Handler
 .text.vPortEnableVFP
                0x00000000000025e0       0x14 ./amazon-freertos/FreeRTOS/portable/port.o
 .text.vPortValidateInterruptPriority
                0x00000000000025f4       0x7c ./amazon-freertos/FreeRTOS/portable/port.o
                0x00000000000025f4                vPortValidateInterruptPriority
 .text.xQueueGenericReset
                0x0000000000002670       0xd0 ./amazon-freertos/FreeRTOS/queue.o
                0x0000000000002670                xQueueGenericReset
 .text.xQueueGenericCreate
                0x0000000000002740       0xac ./amazon-freertos/FreeRTOS/queue.o
                0x0000000000002740                xQueueGenericCreate
 .text.prvInitialiseNewQueue
                0x00000000000027ec      0x128 ./amazon-freertos/FreeRTOS/queue.o
 .text.xQueueGenericSend
                0x0000000000002914      0x414 ./amazon-freertos/FreeRTOS/queue.o
                0x0000000000002914                xQueueGenericSend
 .text.xQueueGenericSendFromISR
                0x0000000000002d28      0x208 ./amazon-freertos/FreeRTOS/queue.o
                0x0000000000002d28                xQueueGenericSendFromISR
 .text.xQueueReceive
                0x0000000000002f30      0x404 ./amazon-freertos/FreeRTOS/queue.o
                0x0000000000002f30                xQueueReceive
 .text.vQueueAddToRegistry
                0x0000000000003334       0x74 ./amazon-freertos/FreeRTOS/queue.o
                0x0000000000003334                vQueueAddToRegistry
 .text.prvAddNewTaskToReadyList
                0x00000000000033a8      0x1a4 ./amazon-freertos/FreeRTOS/tasks.o
 .text.vTaskDelay
                0x000000000000354c       0xd8 ./amazon-freertos/FreeRTOS/tasks.o
                0x000000000000354c                vTaskDelay
 .text.vTaskStartScheduler
                0x0000000000003624       0x98 ./amazon-freertos/FreeRTOS/tasks.o
                0x0000000000003624                vTaskStartScheduler
 .text.vTaskSuspendAll
                0x00000000000036bc       0x1c ./amazon-freertos/FreeRTOS/tasks.o
                0x00000000000036bc                vTaskSuspendAll
 .text.xTaskResumeAll
                0x00000000000036d8      0x160 ./amazon-freertos/FreeRTOS/tasks.o
                0x00000000000036d8                xTaskResumeAll
 .text.xTaskGetTickCount
                0x0000000000003838       0x20 ./amazon-freertos/FreeRTOS/tasks.o
                0x0000000000003838                xTaskGetTickCount
 .text.xTaskIncrementTick
                0x0000000000003858      0x1c0 ./amazon-freertos/FreeRTOS/tasks.o
                0x0000000000003858                xTaskIncrementTick
 .text.vTaskSwitchContext
                0x0000000000003a18       0xe8 ./amazon-freertos/FreeRTOS/tasks.o
                0x0000000000003a18                vTaskSwitchContext
 .text.vTaskPlaceOnEventList
                0x0000000000003b00       0x48 ./amazon-freertos/FreeRTOS/tasks.o
                0x0000000000003b00                vTaskPlaceOnEventList
 .text.vTaskPlaceOnEventListRestricted
                0x0000000000003b48       0xcc ./amazon-freertos/FreeRTOS/tasks.o
                0x0000000000003b48                vTaskPlaceOnEventListRestricted
 .text.xTaskRemoveFromEventList
                0x0000000000003c14       0xec ./amazon-freertos/FreeRTOS/tasks.o
                0x0000000000003c14                xTaskRemoveFromEventList
 .text.vTaskInternalSetTimeOutState
                0x0000000000003d00       0x2c ./amazon-freertos/FreeRTOS/tasks.o
                0x0000000000003d00                vTaskInternalSetTimeOutState
 .text.xTaskCheckForTimeOut
                0x0000000000003d2c       0xc0 ./amazon-freertos/FreeRTOS/tasks.o
                0x0000000000003d2c                xTaskCheckForTimeOut
 .text.vTaskMissedYield
                0x0000000000003dec       0x18 ./amazon-freertos/FreeRTOS/tasks.o
                0x0000000000003dec                vTaskMissedYield
 .text.prvIdleTask
                0x0000000000003e04       0x30 ./amazon-freertos/FreeRTOS/tasks.o
 .text.prvInitialiseTaskLists
                0x0000000000003e34       0x80 ./amazon-freertos/FreeRTOS/tasks.o
 .text.prvCheckTasksWaitingTermination
                0x0000000000003eb4       0x58 ./amazon-freertos/FreeRTOS/tasks.o
 .text.prvResetNextTaskUnblockTime
                0x0000000000003f0c       0x4c ./amazon-freertos/FreeRTOS/tasks.o
 .text.xTaskGetCurrentTaskHandle
                0x0000000000003f58       0x20 ./amazon-freertos/FreeRTOS/tasks.o
                0x0000000000003f58                xTaskGetCurrentTaskHandle
 .text.xTaskGetSchedulerState
                0x0000000000003f78       0x3c ./amazon-freertos/FreeRTOS/tasks.o
                0x0000000000003f78                xTaskGetSchedulerState
 .text.xTaskPriorityDisinherit
                0x0000000000003fb4      0x18c ./amazon-freertos/FreeRTOS/tasks.o
                0x0000000000003fb4                xTaskPriorityDisinherit
 .text.prvAddCurrentTaskToDelayedList
                0x0000000000004140       0xcc ./amazon-freertos/FreeRTOS/tasks.o
 .text.xTimerCreateTimerTask
                0x000000000000420c       0x60 ./amazon-freertos/FreeRTOS/timers.o
                0x000000000000420c                xTimerCreateTimerTask
 .text.xTimerGenericCommand
                0x000000000000426c       0x98 ./amazon-freertos/FreeRTOS/timers.o
                0x000000000000426c                xTimerGenericCommand
 .text.prvProcessExpiredTimer
                0x0000000000004304       0x80 ./amazon-freertos/FreeRTOS/timers.o
 .text.prvProcessTimerOrBlockTask
                0x0000000000004384       0x9c ./amazon-freertos/FreeRTOS/timers.o
 .text.prvGetNextExpireTime
                0x0000000000004420       0x48 ./amazon-freertos/FreeRTOS/timers.o
 .text.prvSampleTimeNow
                0x0000000000004468       0x40 ./amazon-freertos/FreeRTOS/timers.o
 .text.prvInsertTimerInActiveList
                0x00000000000044a8       0x84 ./amazon-freertos/FreeRTOS/timers.o
 .text.prvProcessReceivedCommands
                0x000000000000452c      0x154 ./amazon-freertos/FreeRTOS/timers.o
 .text.prvSwitchTimerLists
                0x0000000000004680       0xc0 ./amazon-freertos/FreeRTOS/timers.o
 .text.prvCheckForValidListAndQueue
                0x0000000000004740       0x6c ./amazon-freertos/FreeRTOS/timers.o
 .text.SystemInit
                0x00000000000047ac       0x3c ./CMSIS/system_MK64F12.o
                0x00000000000047ac                SystemInit
 .text.SystemCoreClockUpdate
                0x00000000000047e8      0x278 ./CMSIS/system_MK64F12.o
                0x00000000000047e8                SystemCoreClockUpdate
 .text.__sys_appexit
                0x0000000000004a60        0xc /usr/local/mcuxpresso-ide/ide/tools/bin/../lib/gcc/arm-none-eabi/7.2.1/../../../../arm-none-eabi/lib/thumb/v7e-m/fpv4-sp/hard/libcr_semihost_nf.a(__sys_appexit.o)
                0x0000000000004a60                __exit
                0x0000000000004a60                __sys_appexit
 .text._Cwritebuf
                0x0000000000004a6c       0x6c /usr/local/mcuxpresso-ide/ide/tools/bin/../lib/gcc/arm-none-eabi/7.2.1/../../../../arm-none-eabi/lib/thumb/v7e-m/fpv4-sp/hard/libcr_c.a(_writebuf.o)
                0x0000000000004a6c                _Cwritebuf
 .text.malloc   0x0000000000004ad8       0xc8 /usr/local/mcuxpresso-ide/ide/tools/bin/../lib/gcc/arm-none-eabi/7.2.1/../../../../arm-none-eabi/lib/thumb/v7e-m/fpv4-sp/hard/libcr_c.a(alloc.o)
                0x0000000000004ad8                malloc
 .text._Csys_alloc
                0x0000000000004ba0       0x20 /usr/local/mcuxpresso-ide/ide/tools/bin/../lib/gcc/arm-none-eabi/7.2.1/../../../../arm-none-eabi/lib/thumb/v7e-m/fpv4-sp/hard/libcr_c.a(alloc.o)
                0x0000000000004ba0                _Csys_alloc
 .text.fseek    0x0000000000004bc0      0x100 /usr/local/mcuxpresso-ide/ide/tools/bin/../lib/gcc/arm-none-eabi/7.2.1/../../../../arm-none-eabi/lib/thumb/v7e-m/fpv4-sp/hard/libcr_c.a(fseek.o)
                0x0000000000004bc0                fseek
 .text.ftell    0x0000000000004cc0       0x44 /usr/local/mcuxpresso-ide/ide/tools/bin/../lib/gcc/arm-none-eabi/7.2.1/../../../../arm-none-eabi/lib/thumb/v7e-m/fpv4-sp/hard/libcr_c.a(ftell.o)
                0x0000000000004cc0                ftell
 .text._initio  0x0000000000004d04       0x78 /usr/local/mcuxpresso-ide/ide/tools/bin/../lib/gcc/arm-none-eabi/7.2.1/../../../../arm-none-eabi/lib/thumb/v7e-m/fpv4-sp/hard/libcr_c.a(initio.o)
                0x0000000000004d04                _initio
 .text.__vfprintf
                0x0000000000004d7c      0xb98 /usr/local/mcuxpresso-ide/ide/tools/bin/../lib/gcc/arm-none-eabi/7.2.1/../../../../arm-none-eabi/lib/thumb/v7e-m/fpv4-sp/hard/libcr_c.a(printf.o)
                0x0000000000004d7c                __vfprintf
 .text._vsnprintf
                0x0000000000005914       0x5c /usr/local/mcuxpresso-ide/ide/tools/bin/../lib/gcc/arm-none-eabi/7.2.1/../../../../arm-none-eabi/lib/thumb/v7e-m/fpv4-sp/hard/libcr_c.a(printf.o)
                0x0000000000005914                _vsnprintf
 .text._printf  0x0000000000005970       0x54 /usr/local/mcuxpresso-ide/ide/tools/bin/../lib/gcc/arm-none-eabi/7.2.1/../../../../arm-none-eabi/lib/thumb/v7e-m/fpv4-sp/hard/libcr_c.a(printf.o)
                0x0000000000005970                _printf
 .text.setvbuf  0x00000000000059c4       0x40 /usr/local/mcuxpresso-ide/ide/tools/bin/../lib/gcc/arm-none-eabi/7.2.1/../../../../arm-none-eabi/lib/thumb/v7e-m/fpv4-sp/hard/libcr_c.a(setvbuf.o)
                0x00000000000059c4                setvbuf
 .text.rand     0x0000000000005a04       0x3c /usr/local/mcuxpresso-ide/ide/tools/bin/../lib/gcc/arm-none-eabi/7.2.1/../../../../arm-none-eabi/lib/thumb/v7e-m/fpv4-sp/hard/libcr_c.a(stdlib.o)
                0x0000000000005a04                rand
 .text._sbrk    0x0000000000005a40       0x3c /usr/local/mcuxpresso-ide/ide/tools/bin/../lib/gcc/arm-none-eabi/7.2.1/../../../../arm-none-eabi/lib/thumb/v7e-m/fpv4-sp/hard/libcr_c.a(_cr_sbrk.o)
                0x0000000000005a40                _sbrk
 .text.fflush   0x0000000000005a7c       0x44 /usr/local/mcuxpresso-ide/ide/tools/bin/../lib/gcc/arm-none-eabi/7.2.1/../../../../arm-none-eabi/lib/thumb/v7e-m/fpv4-sp/hard/libcr_c.a(fflush.o)
                0x0000000000005a7c                fflush
 .text.__check_heap_overflow
                0x0000000000005ac0       0x18 /usr/local/mcuxpresso-ide/ide/tools/bin/../lib/gcc/arm-none-eabi/7.2.1/../../../../arm-none-eabi/lib/thumb/v7e-m/fpv4-sp/hard/libcr_c.a(_cr_check_heap.o)
                0x0000000000005ac0                __check_heap_overflow
 .text.DMA0_IRQHandler
                0x0000000000005ad8        0x8 ./startup/startup_mk64f12.o
                0x0000000000005ad8                DMA0_IRQHandler
 .text.DMA1_IRQHandler
                0x0000000000005ae0        0x8 ./startup/startup_mk64f12.o
                0x0000000000005ae0                DMA1_IRQHandler
 .text.DMA2_IRQHandler
                0x0000000000005ae8        0x8 ./startup/startup_mk64f12.o
                0x0000000000005ae8                DMA2_IRQHandler
 .text.DMA3_IRQHandler
                0x0000000000005af0        0x8 ./startup/startup_mk64f12.o
                0x0000000000005af0                DMA3_IRQHandler
 .text.DMA4_IRQHandler
                0x0000000000005af8        0x8 ./startup/startup_mk64f12.o
                0x0000000000005af8                DMA4_IRQHandler
 .text.DMA5_IRQHandler
                0x0000000000005b00        0x8 ./startup/startup_mk64f12.o
                0x0000000000005b00                DMA5_IRQHandler
 .text.DMA6_IRQHandler
                0x0000000000005b08        0x8 ./startup/startup_mk64f12.o
                0x0000000000005b08                DMA6_IRQHandler
 .text.DMA7_IRQHandler
                0x0000000000005b10        0x8 ./startup/startup_mk64f12.o
                0x0000000000005b10                DMA7_IRQHandler
 .text.DMA8_IRQHandler
                0x0000000000005b18        0x8 ./startup/startup_mk64f12.o
                0x0000000000005b18                DMA8_IRQHandler
 .text.DMA9_IRQHandler
                0x0000000000005b20        0x8 ./startup/startup_mk64f12.o
                0x0000000000005b20                DMA9_IRQHandler
 .text.DMA10_IRQHandler
                0x0000000000005b28        0x8 ./startup/startup_mk64f12.o
                0x0000000000005b28                DMA10_IRQHandler
 .text.DMA11_IRQHandler
                0x0000000000005b30        0x8 ./startup/startup_mk64f12.o
                0x0000000000005b30                DMA11_IRQHandler
 .text.DMA12_IRQHandler
                0x0000000000005b38        0x8 ./startup/startup_mk64f12.o
                0x0000000000005b38                DMA12_IRQHandler
 .text.DMA13_IRQHandler
                0x0000000000005b40        0x8 ./startup/startup_mk64f12.o
                0x0000000000005b40                DMA13_IRQHandler
 .text.DMA14_IRQHandler
                0x0000000000005b48        0x8 ./startup/startup_mk64f12.o
                0x0000000000005b48                DMA14_IRQHandler
 .text.DMA15_IRQHandler
                0x0000000000005b50        0x8 ./startup/startup_mk64f12.o
                0x0000000000005b50                DMA15_IRQHandler
 .text.DMA_Error_IRQHandler
                0x0000000000005b58        0x8 ./startup/startup_mk64f12.o
                0x0000000000005b58                DMA_Error_IRQHandler
 .text.MCM_IRQHandler
                0x0000000000005b60        0x8 ./startup/startup_mk64f12.o
                0x0000000000005b60                MCM_IRQHandler
 .text.FTFE_IRQHandler
                0x0000000000005b68        0x8 ./startup/startup_mk64f12.o
                0x0000000000005b68                FTFE_IRQHandler
 .text.Read_Collision_IRQHandler
                0x0000000000005b70        0x8 ./startup/startup_mk64f12.o
                0x0000000000005b70                Read_Collision_IRQHandler
 .text.LVD_LVW_IRQHandler
                0x0000000000005b78        0x8 ./startup/startup_mk64f12.o
                0x0000000000005b78                LVD_LVW_IRQHandler
 .text.LLWU_IRQHandler
                0x0000000000005b80        0x8 ./startup/startup_mk64f12.o
                0x0000000000005b80                LLWU_IRQHandler
 .text.WDOG_EWM_IRQHandler
                0x0000000000005b88        0x8 ./startup/startup_mk64f12.o
                0x0000000000005b88                WDOG_EWM_IRQHandler
 .text.RNG_IRQHandler
                0x0000000000005b90        0x8 ./startup/startup_mk64f12.o
                0x0000000000005b90                RNG_IRQHandler
 .text.I2C0_IRQHandler
                0x0000000000005b98        0x8 ./startup/startup_mk64f12.o
                0x0000000000005b98                I2C0_IRQHandler
 .text.I2C1_IRQHandler
                0x0000000000005ba0        0x8 ./startup/startup_mk64f12.o
                0x0000000000005ba0                I2C1_IRQHandler
 .text.SPI0_IRQHandler
                0x0000000000005ba8        0x8 ./startup/startup_mk64f12.o
                0x0000000000005ba8                SPI0_IRQHandler
 .text.SPI1_IRQHandler
                0x0000000000005bb0        0x8 ./startup/startup_mk64f12.o
                0x0000000000005bb0                SPI1_IRQHandler
 .text.I2S0_Tx_IRQHandler
                0x0000000000005bb8        0x8 ./startup/startup_mk64f12.o
                0x0000000000005bb8                I2S0_Tx_IRQHandler
 .text.I2S0_Rx_IRQHandler
                0x0000000000005bc0        0x8 ./startup/startup_mk64f12.o
                0x0000000000005bc0                I2S0_Rx_IRQHandler
 .text.UART0_LON_IRQHandler
                0x0000000000005bc8        0x8 ./startup/startup_mk64f12.o
                0x0000000000005bc8                UART0_LON_IRQHandler
 .text.UART0_RX_TX_IRQHandler
                0x0000000000005bd0        0x8 ./startup/startup_mk64f12.o
                0x0000000000005bd0                UART0_RX_TX_IRQHandler
 .text.UART0_ERR_IRQHandler
                0x0000000000005bd8        0x8 ./startup/startup_mk64f12.o
                0x0000000000005bd8                UART0_ERR_IRQHandler
 .text.UART1_RX_TX_IRQHandler
                0x0000000000005be0        0x8 ./startup/startup_mk64f12.o
                0x0000000000005be0                UART1_RX_TX_IRQHandler
 .text.UART1_ERR_IRQHandler
                0x0000000000005be8        0x8 ./startup/startup_mk64f12.o
                0x0000000000005be8                UART1_ERR_IRQHandler
 .text.UART2_RX_TX_IRQHandler
                0x0000000000005bf0        0x8 ./startup/startup_mk64f12.o
                0x0000000000005bf0                UART2_RX_TX_IRQHandler
 .text.UART2_ERR_IRQHandler
                0x0000000000005bf8        0x8 ./startup/startup_mk64f12.o
                0x0000000000005bf8                UART2_ERR_IRQHandler
 .text.UART3_RX_TX_IRQHandler
                0x0000000000005c00        0x8 ./startup/startup_mk64f12.o
                0x0000000000005c00                UART3_RX_TX_IRQHandler
 .text.UART3_ERR_IRQHandler
                0x0000000000005c08        0x8 ./startup/startup_mk64f12.o
                0x0000000000005c08                UART3_ERR_IRQHandler
 .text.ADC0_IRQHandler
                0x0000000000005c10        0x8 ./startup/startup_mk64f12.o
                0x0000000000005c10                ADC0_IRQHandler
 .text.CMP0_IRQHandler
                0x0000000000005c18        0x8 ./startup/startup_mk64f12.o
                0x0000000000005c18                CMP0_IRQHandler
 .text.CMP1_IRQHandler
                0x0000000000005c20        0x8 ./startup/startup_mk64f12.o
                0x0000000000005c20                CMP1_IRQHandler
 .text.FTM0_IRQHandler
                0x0000000000005c28        0x8 ./startup/startup_mk64f12.o
                0x0000000000005c28                FTM0_IRQHandler
 .text.FTM1_IRQHandler
                0x0000000000005c30        0x8 ./startup/startup_mk64f12.o
                0x0000000000005c30                FTM1_IRQHandler
 .text.FTM2_IRQHandler
                0x0000000000005c38        0x8 ./startup/startup_mk64f12.o
                0x0000000000005c38                FTM2_IRQHandler
 .text.CMT_IRQHandler
                0x0000000000005c40        0x8 ./startup/startup_mk64f12.o
                0x0000000000005c40                CMT_IRQHandler
 .text.RTC_IRQHandler
                0x0000000000005c48        0x8 ./startup/startup_mk64f12.o
                0x0000000000005c48                RTC_IRQHandler
 .text.RTC_Seconds_IRQHandler
                0x0000000000005c50        0x8 ./startup/startup_mk64f12.o
                0x0000000000005c50                RTC_Seconds_IRQHandler
 .text.PIT0_IRQHandler
                0x0000000000005c58        0x8 ./startup/startup_mk64f12.o
                0x0000000000005c58                PIT0_IRQHandler
 .text.PIT1_IRQHandler
                0x0000000000005c60        0x8 ./startup/startup_mk64f12.o
                0x0000000000005c60                PIT1_IRQHandler
 .text.PIT2_IRQHandler
                0x0000000000005c68        0x8 ./startup/startup_mk64f12.o
                0x0000000000005c68                PIT2_IRQHandler
 .text.PIT3_IRQHandler
                0x0000000000005c70        0x8 ./startup/startup_mk64f12.o
                0x0000000000005c70                PIT3_IRQHandler
 .text.PDB0_IRQHandler
                0x0000000000005c78        0x8 ./startup/startup_mk64f12.o
                0x0000000000005c78                PDB0_IRQHandler
 .text.USB0_IRQHandler
                0x0000000000005c80        0x8 ./startup/startup_mk64f12.o
                0x0000000000005c80                USB0_IRQHandler
 .text.USBDCD_IRQHandler
                0x0000000000005c88        0x8 ./startup/startup_mk64f12.o
                0x0000000000005c88                USBDCD_IRQHandler
 .text.Reserved71_IRQHandler
                0x0000000000005c90        0x8 ./startup/startup_mk64f12.o
                0x0000000000005c90                Reserved71_IRQHandler
 .text.DAC0_IRQHandler
                0x0000000000005c98        0x8 ./startup/startup_mk64f12.o
                0x0000000000005c98                DAC0_IRQHandler
 .text.MCG_IRQHandler
                0x0000000000005ca0        0x8 ./startup/startup_mk64f12.o
                0x0000000000005ca0                MCG_IRQHandler
 .text.LPTMR0_IRQHandler
                0x0000000000005ca8        0x8 ./startup/startup_mk64f12.o
                0x0000000000005ca8                LPTMR0_IRQHandler
 .text.PORTA_IRQHandler
                0x0000000000005cb0        0x8 ./startup/startup_mk64f12.o
                0x0000000000005cb0                PORTA_IRQHandler
 .text.PORTB_IRQHandler
                0x0000000000005cb8        0x8 ./startup/startup_mk64f12.o
                0x0000000000005cb8                PORTB_IRQHandler
 .text.PORTC_IRQHandler
                0x0000000000005cc0        0x8 ./startup/startup_mk64f12.o
                0x0000000000005cc0                PORTC_IRQHandler
 .text.PORTD_IRQHandler
                0x0000000000005cc8        0x8 ./startup/startup_mk64f12.o
                0x0000000000005cc8                PORTD_IRQHandler
 .text.PORTE_IRQHandler
                0x0000000000005cd0        0x8 ./startup/startup_mk64f12.o
                0x0000000000005cd0                PORTE_IRQHandler
 .text.SWI_IRQHandler
                0x0000000000005cd8        0x8 ./startup/startup_mk64f12.o
                0x0000000000005cd8                SWI_IRQHandler
 .text.SPI2_IRQHandler
                0x0000000000005ce0        0x8 ./startup/startup_mk64f12.o
                0x0000000000005ce0                SPI2_IRQHandler
 .text.UART4_RX_TX_IRQHandler
                0x0000000000005ce8        0x8 ./startup/startup_mk64f12.o
                0x0000000000005ce8                UART4_RX_TX_IRQHandler
 .text.UART4_ERR_IRQHandler
                0x0000000000005cf0        0x8 ./startup/startup_mk64f12.o
                0x0000000000005cf0                UART4_ERR_IRQHandler
 .text.UART5_RX_TX_IRQHandler
                0x0000000000005cf8        0x8 ./startup/startup_mk64f12.o
                0x0000000000005cf8                UART5_RX_TX_IRQHandler
 .text.UART5_ERR_IRQHandler
                0x0000000000005d00        0x8 ./startup/startup_mk64f12.o
                0x0000000000005d00                UART5_ERR_IRQHandler
 .text.CMP2_IRQHandler
                0x0000000000005d08        0x8 ./startup/startup_mk64f12.o
                0x0000000000005d08                CMP2_IRQHandler
 .text.FTM3_IRQHandler
                0x0000000000005d10        0x8 ./startup/startup_mk64f12.o
                0x0000000000005d10                FTM3_IRQHandler
 .text.DAC1_IRQHandler
                0x0000000000005d18        0x8 ./startup/startup_mk64f12.o
                0x0000000000005d18                DAC1_IRQHandler
 .text.ADC1_IRQHandler
                0x0000000000005d20        0x8 ./startup/startup_mk64f12.o
                0x0000000000005d20                ADC1_IRQHandler
 .text.I2C2_IRQHandler
                0x0000000000005d28        0x8 ./startup/startup_mk64f12.o
                0x0000000000005d28                I2C2_IRQHandler
 .text.CAN0_ORed_Message_buffer_IRQHandler
                0x0000000000005d30        0x8 ./startup/startup_mk64f12.o
                0x0000000000005d30                CAN0_ORed_Message_buffer_IRQHandler
 .text.CAN0_Bus_Off_IRQHandler
                0x0000000000005d38        0x8 ./startup/startup_mk64f12.o
                0x0000000000005d38                CAN0_Bus_Off_IRQHandler
 .text.CAN0_Error_IRQHandler
                0x0000000000005d40        0x8 ./startup/startup_mk64f12.o
                0x0000000000005d40                CAN0_Error_IRQHandler
 .text.CAN0_Tx_Warning_IRQHandler
                0x0000000000005d48        0x8 ./startup/startup_mk64f12.o
                0x0000000000005d48                CAN0_Tx_Warning_IRQHandler
 .text.CAN0_Rx_Warning_IRQHandler
                0x0000000000005d50        0x8 ./startup/startup_mk64f12.o
                0x0000000000005d50                CAN0_Rx_Warning_IRQHandler
 .text.CAN0_Wake_Up_IRQHandler
                0x0000000000005d58        0x8 ./startup/startup_mk64f12.o
                0x0000000000005d58                CAN0_Wake_Up_IRQHandler
 .text.SDHC_IRQHandler
                0x0000000000005d60        0x8 ./startup/startup_mk64f12.o
                0x0000000000005d60                SDHC_IRQHandler
 .text.ENET_1588_Timer_IRQHandler
                0x0000000000005d68        0x8 ./startup/startup_mk64f12.o
                0x0000000000005d68                ENET_1588_Timer_IRQHandler
 .text.ENET_Transmit_IRQHandler
                0x0000000000005d70        0x8 ./startup/startup_mk64f12.o
                0x0000000000005d70                ENET_Transmit_IRQHandler
 .text.ENET_Receive_IRQHandler
                0x0000000000005d78        0x8 ./startup/startup_mk64f12.o
                0x0000000000005d78                ENET_Receive_IRQHandler
 .text.ENET_Error_IRQHandler
                0x0000000000005d80        0x8 ./startup/startup_mk64f12.o
                0x0000000000005d80                ENET_Error_IRQHandler
 .text.HardFault_Handler
                0x0000000000005d88       0x2c ./source/semihost_hardfault.o
                0x0000000000005d88                HardFault_Handler
 .text.UART0_RX_TX_DriverIRQHandler
                0x0000000000005db4       0x10 ./drivers/fsl_uart.o
                0x0000000000005db4                UART0_RX_TX_DriverIRQHandler
 .text.UART1_RX_TX_DriverIRQHandler
                0x0000000000005dc4       0x10 ./drivers/fsl_uart.o
                0x0000000000005dc4                UART1_RX_TX_DriverIRQHandler
 .text.UART2_RX_TX_DriverIRQHandler
                0x0000000000005dd4       0x10 ./drivers/fsl_uart.o
                0x0000000000005dd4                UART2_RX_TX_DriverIRQHandler
 .text.UART3_RX_TX_DriverIRQHandler
                0x0000000000005de4       0x10 ./drivers/fsl_uart.o
                0x0000000000005de4                UART3_RX_TX_DriverIRQHandler
 .text.UART4_RX_TX_DriverIRQHandler
                0x0000000000005df4       0x10 ./drivers/fsl_uart.o
                0x0000000000005df4                UART4_RX_TX_DriverIRQHandler
 .text.UART5_RX_TX_DriverIRQHandler
                0x0000000000005e04       0x10 ./drivers/fsl_uart.o
                0x0000000000005e04                UART5_RX_TX_DriverIRQHandler
 .text.BOARD_InitBootClocks
                0x0000000000005e14        0xc ./board/clock_config.o
                0x0000000000005e14                BOARD_InitBootClocks
 .text.BOARD_InitBootPeripherals
                0x0000000000005e20        0xe ./board/peripherals.o
                0x0000000000005e20                BOARD_InitBootPeripherals
 .text.BOARD_InitBootPins
                0x0000000000005e2e        0xe ./board/pin_mux.o
                0x0000000000005e2e                BOARD_InitBootPins
 .text.prvTraceGetQueueNumber
                0x0000000000005e3c       0x18 ./amazon-freertos/TraceRecorder/trcKernelPort.o
                0x0000000000005e3c                prvTraceGetQueueNumber
 .text.prvTraceGetQueueType
                0x0000000000005e54       0x18 ./amazon-freertos/TraceRecorder/trcKernelPort.o
                0x0000000000005e54                prvTraceGetQueueType
 .text.prvTraceGetTaskNumberLow16
                0x0000000000005e6c       0x1a ./amazon-freertos/TraceRecorder/trcKernelPort.o
                0x0000000000005e6c                prvTraceGetTaskNumberLow16
 .text.prvTraceGetTaskNumberHigh16
                0x0000000000005e86       0x1c ./amazon-freertos/TraceRecorder/trcKernelPort.o
                0x0000000000005e86                prvTraceGetTaskNumberHigh16
 .text.prvTraceSetTaskNumberLow16
                0x0000000000005ea2       0x2c ./amazon-freertos/TraceRecorder/trcKernelPort.o
                0x0000000000005ea2                prvTraceSetTaskNumberLow16
 .text.prvTraceSetTaskNumberHigh16
                0x0000000000005ece       0x2c ./amazon-freertos/TraceRecorder/trcKernelPort.o
                0x0000000000005ece                prvTraceSetTaskNumberHigh16
 .text.prvTraceGetQueueNumberLow16
                0x0000000000005efa       0x1a ./amazon-freertos/TraceRecorder/trcKernelPort.o
                0x0000000000005efa                prvTraceGetQueueNumberLow16
 .text.prvTraceGetQueueNumberHigh16
                0x0000000000005f14       0x1c ./amazon-freertos/TraceRecorder/trcKernelPort.o
                0x0000000000005f14                prvTraceGetQueueNumberHigh16
 .text.prvTraceSetQueueNumberLow16
                0x0000000000005f30       0x2c ./amazon-freertos/TraceRecorder/trcKernelPort.o
                0x0000000000005f30                prvTraceSetQueueNumberLow16
 .text.prvTraceSetQueueNumberHigh16
                0x0000000000005f5c       0x2c ./amazon-freertos/TraceRecorder/trcKernelPort.o
                0x0000000000005f5c                prvTraceSetQueueNumberHigh16
 .text.prvTraceGetCurrentTaskHandle
                0x0000000000005f88        0xe ./amazon-freertos/TraceRecorder/trcKernelPort.o
                0x0000000000005f88                prvTraceGetCurrentTaskHandle
 .text.vTraceStart
                0x0000000000005f96        0xc ./amazon-freertos/TraceRecorder/trcSnapshotRecorder.o
                0x0000000000005f96                vTraceStart
 .text.prvStrncpy
                0x0000000000005fa2       0x4c ./amazon-freertos/TraceRecorder/trcSnapshotRecorder.o
 .text.vListInitialise
                0x0000000000005fee       0x40 ./amazon-freertos/FreeRTOS/list.o
                0x0000000000005fee                vListInitialise
 .text.vListInitialiseItem
                0x000000000000602e       0x1a ./amazon-freertos/FreeRTOS/list.o
                0x000000000000602e                vListInitialiseItem
 .text.vListInsertEnd
                0x0000000000006048       0x48 ./amazon-freertos/FreeRTOS/list.o
                0x0000000000006048                vListInsertEnd
 .text.vListInsert
                0x0000000000006090       0x72 ./amazon-freertos/FreeRTOS/list.o
                0x0000000000006090                vListInsert
 .text.uxListRemove
                0x0000000000006102       0x54 ./amazon-freertos/FreeRTOS/list.o
                0x0000000000006102                uxListRemove
 .text.uxQueueGetQueueNumber
                0x0000000000006156       0x18 ./amazon-freertos/FreeRTOS/queue.o
                0x0000000000006156                uxQueueGetQueueNumber
 .text.vQueueSetQueueNumber
                0x000000000000616e       0x1c ./amazon-freertos/FreeRTOS/queue.o
                0x000000000000616e                vQueueSetQueueNumber
 .text.ucQueueGetQueueType
                0x000000000000618a       0x1a ./amazon-freertos/FreeRTOS/queue.o
                0x000000000000618a                ucQueueGetQueueType
 .text.prvCopyDataToQueue
                0x00000000000061a4       0xd4 ./amazon-freertos/FreeRTOS/queue.o
 .text.prvCopyDataFromQueue
                0x0000000000006278       0x4c ./amazon-freertos/FreeRTOS/queue.o
 .text.prvUnlockQueue
                0x00000000000062c4       0xa4 ./amazon-freertos/FreeRTOS/queue.o
 .text.prvIsQueueEmpty
                0x0000000000006368       0x2c ./amazon-freertos/FreeRTOS/queue.o
 .text.prvIsQueueFull
                0x0000000000006394       0x30 ./amazon-freertos/FreeRTOS/queue.o
 .text.vQueueWaitForMessageRestricted
                0x00000000000063c4       0x68 ./amazon-freertos/FreeRTOS/queue.o
                0x00000000000063c4                vQueueWaitForMessageRestricted
 .text.xTaskCreate
                0x000000000000642c       0x82 ./amazon-freertos/FreeRTOS/tasks.o
                0x000000000000642c                xTaskCreate
 .text.prvInitialiseNewTask
                0x00000000000064ae      0x12a ./amazon-freertos/FreeRTOS/tasks.o
 .text.uxTaskGetTaskNumber
                0x00000000000065d8       0x2c ./amazon-freertos/FreeRTOS/tasks.o
                0x00000000000065d8                uxTaskGetTaskNumber
 .text.vTaskSetTaskNumber
                0x0000000000006604       0x26 ./amazon-freertos/FreeRTOS/tasks.o
                0x0000000000006604                vTaskSetTaskNumber
 .text.prvDeleteTCB
                0x000000000000662a       0x20 ./amazon-freertos/FreeRTOS/tasks.o
 .text.prvTimerTask
                0x000000000000664a       0x24 ./amazon-freertos/FreeRTOS/timers.o
 .text.SystemInitHook
                0x000000000000666e        0xe ./CMSIS/system_MK64F12.o
                0x000000000000666e                SystemInitHook
 .text.__main   0x000000000000667c        0xe /usr/local/mcuxpresso-ide/ide/tools/bin/../lib/gcc/arm-none-eabi/7.2.1/../../../../arm-none-eabi/lib/thumb/v7e-m/fpv4-sp/hard/libcr_semihost_nf.a(_cr__main.o)
                0x000000000000667c                __main
                0x000000000000667c                __CR_SEMIHOST
 .text.memcpy   0x000000000000668a        0x4 /usr/local/mcuxpresso-ide/ide/tools/bin/../lib/gcc/arm-none-eabi/7.2.1/../../../../arm-none-eabi/lib/thumb/v7e-m/fpv4-sp/hard/libcr_c.a(memcpy.o)
                0x000000000000668a                memcpy
 .text.memset   0x000000000000668e        0x4 /usr/local/mcuxpresso-ide/ide/tools/bin/../lib/gcc/arm-none-eabi/7.2.1/../../../../arm-none-eabi/lib/thumb/v7e-m/fpv4-sp/hard/libcr_c.a(memset.o)
                0x000000000000668e                memset
 .text._deferredlazyseek
                0x0000000000006692       0x40 /usr/local/mcuxpresso-ide/ide/tools/bin/../lib/gcc/arm-none-eabi/7.2.1/../../../../arm-none-eabi/lib/thumb/v7e-m/fpv4-sp/hard/libcr_c.a(_deferredlazyseek.o)
                0x0000000000006692                _deferredlazyseek
 .text.__flsbuf
                0x00000000000066d2      0x140 /usr/local/mcuxpresso-ide/ide/tools/bin/../lib/gcc/arm-none-eabi/7.2.1/../../../../arm-none-eabi/lib/thumb/v7e-m/fpv4-sp/hard/libcr_c.a(_deferredlazyseek.o)
                0x00000000000066d2                __flsbuf
 .text._fflush  0x0000000000006812       0x52 /usr/local/mcuxpresso-ide/ide/tools/bin/../lib/gcc/arm-none-eabi/7.2.1/../../../../arm-none-eabi/lib/thumb/v7e-m/fpv4-sp/hard/libcr_c.a(_fflush.o)
                0x0000000000006812                _fflush
 .text.free     0x0000000000006864       0x30 /usr/local/mcuxpresso-ide/ide/tools/bin/../lib/gcc/arm-none-eabi/7.2.1/../../../../arm-none-eabi/lib/thumb/v7e-m/fpv4-sp/hard/libcr_c.a(alloc.o)
                0x0000000000006864                free
 .text.no_fp_display
                0x0000000000006894        0x4 /usr/local/mcuxpresso-ide/ide/tools/bin/../lib/gcc/arm-none-eabi/7.2.1/../../../../arm-none-eabi/lib/thumb/v7e-m/fpv4-sp/hard/libcr_c.a(printf.o)
 .text.strlen   0x0000000000006898       0x4a /usr/local/mcuxpresso-ide/ide/tools/bin/../lib/gcc/arm-none-eabi/7.2.1/../../../../arm-none-eabi/lib/thumb/v7e-m/fpv4-sp/hard/libcr_c.a(strlen.o)
                0x0000000000006898                strlen
 .text._fdopen  0x00000000000068e2       0x68 /usr/local/mcuxpresso-ide/ide/tools/bin/../lib/gcc/arm-none-eabi/7.2.1/../../../../arm-none-eabi/lib/thumb/v7e-m/fpv4-sp/hard/libcr_c.a(_fdopen.o)
                0x00000000000068e2                _fdopen
 .text.fclose   0x000000000000694a       0x58 /usr/local/mcuxpresso-ide/ide/tools/bin/../lib/gcc/arm-none-eabi/7.2.1/../../../../arm-none-eabi/lib/thumb/v7e-m/fpv4-sp/hard/libcr_c.a(fclose.o)
                0x000000000000694a                fclose
 .text.remove   0x00000000000069a2       0x14 /usr/local/mcuxpresso-ide/ide/tools/bin/../lib/gcc/arm-none-eabi/7.2.1/../../../../arm-none-eabi/lib/thumb/v7e-m/fpv4-sp/hard/libcr_c.a(remove.o)
                0x00000000000069a2                remove
 .text._do_fflush
                0x00000000000069b6       0x40 /usr/local/mcuxpresso-ide/ide/tools/bin/../lib/gcc/arm-none-eabi/7.2.1/../../../../arm-none-eabi/lib/thumb/v7e-m/fpv4-sp/hard/libcr_c.a(_do_fflush.o)
                0x00000000000069b6                _do_fflush
 .text.__aeabi_memcpy
                0x00000000000069f6       0x34 /usr/local/mcuxpresso-ide/ide/tools/bin/../lib/gcc/arm-none-eabi/7.2.1/thumb/v7e-m/fpv4-sp/hard/libcr_eabihelpers.a(memcpy.o)
                0x00000000000069f6                __aeabi_memcpy
                0x0000000000006a00                __aeabi_memcpy4
                0x0000000000006a00                __aeabi_memcpy8
 .text.__aeabi_memset_lowlevel
                0x0000000000006a2a       0x32 /usr/local/mcuxpresso-ide/ide/tools/bin/../lib/gcc/arm-none-eabi/7.2.1/thumb/v7e-m/fpv4-sp/hard/libcr_eabihelpers.a(memcpy.o)
                0x0000000000006a2a                __aeabi_lowlevel_memset
 .text.__sys_close
                0x0000000000006a5c        0xc /usr/local/mcuxpresso-ide/ide/tools/bin/../lib/gcc/arm-none-eabi/7.2.1/../../../../arm-none-eabi/lib/thumb/v7e-m/fpv4-sp/hard/libcr_semihost_nf.a(__sys_close.o)
                0x0000000000006a5c                __sys_close
 .text.__sys_flen
                0x0000000000006a68        0xc /usr/local/mcuxpresso-ide/ide/tools/bin/../lib/gcc/arm-none-eabi/7.2.1/../../../../arm-none-eabi/lib/thumb/v7e-m/fpv4-sp/hard/libcr_semihost_nf.a(__sys_flen.o)
                0x0000000000006a68                __sys_flen
 .text.__sys_istty
                0x0000000000006a74        0xc /usr/local/mcuxpresso-ide/ide/tools/bin/../lib/gcc/arm-none-eabi/7.2.1/../../../../arm-none-eabi/lib/thumb/v7e-m/fpv4-sp/hard/libcr_semihost_nf.a(__sys_istty.o)
                0x0000000000006a74                __sys_istty
 .text.__sys_remove
                0x0000000000006a80        0xc /usr/local/mcuxpresso-ide/ide/tools/bin/../lib/gcc/arm-none-eabi/7.2.1/../../../../arm-none-eabi/lib/thumb/v7e-m/fpv4-sp/hard/libcr_semihost_nf.a(__sys_remove.o)
                0x0000000000006a80                __sys_remove
 .text.__sys_seek
                0x0000000000006a8c        0xc /usr/local/mcuxpresso-ide/ide/tools/bin/../lib/gcc/arm-none-eabi/7.2.1/../../../../arm-none-eabi/lib/thumb/v7e-m/fpv4-sp/hard/libcr_semihost_nf.a(__sys_seek.o)
                0x0000000000006a8c                __sys_seek
 .text.__sys_tmpnam
                0x0000000000006a98        0xc /usr/local/mcuxpresso-ide/ide/tools/bin/../lib/gcc/arm-none-eabi/7.2.1/../../../../arm-none-eabi/lib/thumb/v7e-m/fpv4-sp/hard/libcr_semihost_nf.a(__sys_tmpnam.o)
                0x0000000000006a98                __sys_tmpnam
 .text.__sys_write
                0x0000000000006aa4        0xc /usr/local/mcuxpresso-ide/ide/tools/bin/../lib/gcc/arm-none-eabi/7.2.1/../../../../arm-none-eabi/lib/thumb/v7e-m/fpv4-sp/hard/libcr_semihost_nf.a(__sys_write.o)
                0x0000000000006aa4                __sys_write
 *(SORT_BY_ALIGNMENT(.rodata) SORT_BY_ALIGNMENT(.rodata.*) SORT_BY_ALIGNMENT(.constdata) SORT_BY_ALIGNMENT(.constdata.*))
 .rodata        0x0000000000006ab0      0x113 ./source/TP4_SO2.o
 *fill*         0x0000000000006bc3        0x1 ff
 .rodata        0x0000000000006bc4      0x2fe ./amazon-freertos/TraceRecorder/trcKernelPort.o
 *fill*         0x0000000000006ec2        0x2 ff
 .rodata        0x0000000000006ec4     0x1150 ./amazon-freertos/TraceRecorder/trcSnapshotRecorder.o
 .rodata        0x0000000000008014        0x5 ./amazon-freertos/FreeRTOS/tasks.o
 *fill*         0x0000000000008019        0x3 ff
 .rodata        0x000000000000801c        0xd ./amazon-freertos/FreeRTOS/timers.o
 *fill*         0x0000000000008029        0x3 ff
 .rodata.__num_Ciob_streams
                0x000000000000802c        0x4 /usr/local/mcuxpresso-ide/ide/tools/bin/../lib/gcc/arm-none-eabi/7.2.1/../../../../arm-none-eabi/lib/thumb/v7e-m/fpv4-sp/hard/libcr_semihost_nf.a(__ciob.o)
                0x000000000000802c                __num_Ciob_streams
 .rodata._Csys_alloc.str1.1
                0x0000000000008030       0x18 /usr/local/mcuxpresso-ide/ide/tools/bin/../lib/gcc/arm-none-eabi/7.2.1/../../../../arm-none-eabi/lib/thumb/v7e-m/fpv4-sp/hard/libcr_c.a(alloc.o)
 .rodata._initio.str1.1
                0x0000000000008048        0x4 /usr/local/mcuxpresso-ide/ide/tools/bin/../lib/gcc/arm-none-eabi/7.2.1/../../../../arm-none-eabi/lib/thumb/v7e-m/fpv4-sp/hard/libcr_c.a(initio.o)
 .rodata.__vfprintf.str1.1
                0x000000000000804c       0x37 /usr/local/mcuxpresso-ide/ide/tools/bin/../lib/gcc/arm-none-eabi/7.2.1/../../../../arm-none-eabi/lib/thumb/v7e-m/fpv4-sp/hard/libcr_c.a(printf.o)
                                         0x38 (size before relaxing)
                0x0000000000008088                . = ALIGN (0x8)
 *fill*         0x0000000000008083        0x5 ff

.glue_7         0x0000000000008088        0x0
 .glue_7        0x0000000000008088        0x0 linker stubs

.glue_7t        0x0000000000008088        0x0
 .glue_7t       0x0000000000008088        0x0 linker stubs

.vfp11_veneer   0x0000000000008088        0x0
 .vfp11_veneer  0x0000000000008088        0x0 linker stubs

.v4_bx          0x0000000000008088        0x0
 .v4_bx         0x0000000000008088        0x0 linker stubs

.iplt           0x0000000000008088        0x0
 .iplt          0x0000000000008088        0x0 ./startup/startup_mk64f12.o

.rel.dyn        0x0000000000008088        0x0
 .rel.iplt      0x0000000000008088        0x0 ./startup/startup_mk64f12.o

.ARM.extab
 *(SORT_BY_ALIGNMENT(.ARM.extab*) SORT_BY_ALIGNMENT(.gnu.linkonce.armextab.*))
                0x0000000000008088                __exidx_start = .

.ARM.exidx
 *(SORT_BY_ALIGNMENT(.ARM.exidx*) SORT_BY_ALIGNMENT(.gnu.linkonce.armexidx.*))
                0x0000000000008088                __exidx_end = .
                0x0000000000008088                _etext = .

.m_usb_data
 *(SORT_BY_ALIGNMENT(m_usb_bdt))

.data_RAM2      0x000000001fff0000        0x0 load address 0x0000000000008088
 FILL mask 0xff
                [!provide]                        PROVIDE (__start_data_RAM2, .)
 *(SORT_BY_ALIGNMENT(.ramfunc.$RAM2))
 *(SORT_BY_ALIGNMENT(.ramfunc.$SRAM_LOWER))
 *(SORT_BY_ALIGNMENT(.data.$RAM2*))
 *(SORT_BY_ALIGNMENT(.data.$SRAM_LOWER*))
                0x000000001fff0000                . = ALIGN (0x8)
                [!provide]                        PROVIDE (__end_data_RAM2, .)

.data_RAM3      0x0000000014000000        0x0 load address 0x0000000000008088
 FILL mask 0xff
                [!provide]                        PROVIDE (__start_data_RAM3, .)
 *(SORT_BY_ALIGNMENT(.ramfunc.$RAM3))
 *(SORT_BY_ALIGNMENT(.ramfunc.$FLEX_RAM))
 *(SORT_BY_ALIGNMENT(.data.$RAM3*))
 *(SORT_BY_ALIGNMENT(.data.$FLEX_RAM*))
                0x0000000014000000                . = ALIGN (0x8)
                [!provide]                        PROVIDE (__end_data_RAM3, .)

.uninit_RESERVED
                0x0000000020000000        0x0
 *(SORT_BY_ALIGNMENT(.bss.$RESERVED*))
                0x0000000020000000                . = ALIGN (0x4)
                0x0000000020000000                _end_uninit_RESERVED = .

.data           0x0000000020000000      0x100 load address 0x0000000000008088
 FILL mask 0xff
                0x0000000020000000                _data = .
 *(SORT_BY_ALIGNMENT(vtable))
 *(SORT_BY_ALIGNMENT(.ramfunc*))
 *(SORT_BY_ALIGNMENT(.data*))
 .data.TraceQueueClassTable
                0x0000000020000000        0x5 ./amazon-freertos/TraceRecorder/trcKernelPort.o
                0x0000000020000000                TraceQueueClassTable
 *fill*         0x0000000020000005        0x3 ff
 .data.readyEventsEnabled
                0x0000000020000008        0x4 ./amazon-freertos/TraceRecorder/trcSnapshotRecorder.o
 .data.uxCriticalNesting
                0x000000002000000c        0x4 ./amazon-freertos/FreeRTOS/portable/port.o
 .data.SystemCoreClock
                0x0000000020000010        0x4 ./CMSIS/system_MK64F12.o
                0x0000000020000010                SystemCoreClock
 .data._random_j
                0x0000000020000014        0x4 /usr/local/mcuxpresso-ide/ide/tools/bin/../lib/gcc/arm-none-eabi/7.2.1/../../../../arm-none-eabi/lib/thumb/v7e-m/fpv4-sp/hard/libcr_c.a(stdlib.o)
 .data._random_k
                0x0000000020000018        0x4 /usr/local/mcuxpresso-ide/ide/tools/bin/../lib/gcc/arm-none-eabi/7.2.1/../../../../arm-none-eabi/lib/thumb/v7e-m/fpv4-sp/hard/libcr_c.a(stdlib.o)
 .data._random_number_seed
                0x000000002000001c       0xdc /usr/local/mcuxpresso-ide/ide/tools/bin/../lib/gcc/arm-none-eabi/7.2.1/../../../../arm-none-eabi/lib/thumb/v7e-m/fpv4-sp/hard/libcr_c.a(stdlib.o)
 .data.CurrentFilterMask
                0x00000000200000f8        0x2 ./amazon-freertos/TraceRecorder/trcSnapshotRecorder.o
                0x00000000200000f8                CurrentFilterMask
 .data.CurrentFilterGroup
                0x00000000200000fa        0x2 ./amazon-freertos/TraceRecorder/trcSnapshotRecorder.o
                0x00000000200000fa                CurrentFilterGroup
                0x0000000020000100                . = ALIGN (0x8)
 *fill*         0x00000000200000fc        0x4 ff
                0x0000000020000100                _edata = .

.igot.plt       0x0000000020000100        0x0 load address 0x0000000000008188
 .igot.plt      0x0000000020000100        0x0 ./startup/startup_mk64f12.o

.bss_RAM2       0x000000001fff0000        0x0
                [!provide]                        PROVIDE (__start_bss_RAM2, .)
 *(SORT_BY_ALIGNMENT(.bss.$RAM2*))
 *(SORT_BY_ALIGNMENT(.bss.$SRAM_LOWER*))
                0x000000001fff0000                . = ALIGN ((. != 0x0)?0x8:0x1)
                [!provide]                        PROVIDE (__end_bss_RAM2, .)

.bss_RAM3       0x0000000014000000        0x0
                [!provide]                        PROVIDE (__start_bss_RAM3, .)
 *(SORT_BY_ALIGNMENT(.bss.$RAM3*))
 *(SORT_BY_ALIGNMENT(.bss.$FLEX_RAM*))
                0x0000000014000000                . = ALIGN ((. != 0x0)?0x8:0x1)
                [!provide]                        PROVIDE (__end_bss_RAM3, .)

.bss            0x0000000020000100    0x1bb68
                0x0000000020000100                _bss = .
 *(SORT_BY_ALIGNMENT(.bss*))
 .bss.i.8124    0x0000000020000100        0x4 ./source/TP4_SO2.o
 .bss.s_uartHandle
                0x0000000020000104       0x18 ./drivers/fsl_uart.o
 .bss.s_uartIsr
                0x000000002000011c        0x4 ./drivers/fsl_uart.o
 .bss.ucHeap    0x0000000020000120     0x2800 ./amazon-freertos/portable/heap_4.o
 .bss.xStart    0x0000000020002920        0x8 ./amazon-freertos/portable/heap_4.o
 .bss.pxEnd     0x0000000020002928        0x4 ./amazon-freertos/portable/heap_4.o
 .bss.xFreeBytesRemaining
                0x000000002000292c        0x4 ./amazon-freertos/portable/heap_4.o
 .bss.xMinimumEverFreeBytesRemaining
                0x0000000020002930        0x4 ./amazon-freertos/portable/heap_4.o
 .bss.xBlockAllocatedBit
                0x0000000020002934        0x4 ./amazon-freertos/portable/heap_4.o
 .bss.isPendingContextSwitch
                0x0000000020002938        0x4 ./amazon-freertos/TraceRecorder/trcSnapshotRecorder.o
                0x0000000020002938                isPendingContextSwitch
 .bss.uiTraceTickCount
                0x000000002000293c        0x4 ./amazon-freertos/TraceRecorder/trcSnapshotRecorder.o
                0x000000002000293c                uiTraceTickCount
 .bss.trace_disable_timestamp
                0x0000000020002940        0x4 ./amazon-freertos/TraceRecorder/trcSnapshotRecorder.o
                0x0000000020002940                trace_disable_timestamp
 .bss.last_timestamp
                0x0000000020002944        0x4 ./amazon-freertos/TraceRecorder/trcSnapshotRecorder.o
 .bss.recorder_busy
                0x0000000020002948        0x4 ./amazon-freertos/TraceRecorder/trcSnapshotRecorder.o
                0x0000000020002948                recorder_busy
 .bss.timestampFrequency
                0x000000002000294c        0x4 ./amazon-freertos/TraceRecorder/trcSnapshotRecorder.o
                0x000000002000294c                timestampFrequency
 .bss.traceErrorMessage
                0x0000000020002950        0x4 ./amazon-freertos/TraceRecorder/trcSnapshotRecorder.o
                0x0000000020002950                traceErrorMessage
 .bss.vTraceStopHookPtr
                0x0000000020002954        0x4 ./amazon-freertos/TraceRecorder/trcSnapshotRecorder.o
                0x0000000020002954                vTraceStopHookPtr
 .bss.heapMemUsage
                0x0000000020002958        0x4 ./amazon-freertos/TraceRecorder/trcSnapshotRecorder.o
 .bss.objectHandleStacks
                0x000000002000295c       0x8e ./amazon-freertos/TraceRecorder/trcSnapshotRecorder.o
                0x000000002000295c                objectHandleStacks
 *fill*         0x00000000200029ea        0x2 
 .bss.init_hwtc_count
                0x00000000200029ec        0x4 ./amazon-freertos/TraceRecorder/trcSnapshotRecorder.o
                0x00000000200029ec                init_hwtc_count
 .bss.RecorderData
                0x00000000200029f0    0x19018 ./amazon-freertos/TraceRecorder/trcSnapshotRecorder.o
                0x00000000200029f0                RecorderData
 .bss.RecorderDataPtr
                0x000000002001ba08        0x4 ./amazon-freertos/TraceRecorder/trcSnapshotRecorder.o
                0x000000002001ba08                RecorderDataPtr
 .bss.indexOfHandle.7763
                0x000000002001ba0c        0x4 ./amazon-freertos/TraceRecorder/trcSnapshotRecorder.o
 .bss.old_timestamp.7826
                0x000000002001ba10        0x4 ./amazon-freertos/TraceRecorder/trcSnapshotRecorder.o
 .bss.last_hwtc_count.7864
                0x000000002001ba14        0x4 ./amazon-freertos/TraceRecorder/trcSnapshotRecorder.o
 .bss.last_hwtc_rest.7866
                0x000000002001ba18        0x4 ./amazon-freertos/TraceRecorder/trcSnapshotRecorder.o
 .bss.ulMaxPRIGROUPValue
                0x000000002001ba1c        0x4 ./amazon-freertos/FreeRTOS/portable/port.o
 .bss.xQueueRegistry
                0x000000002001ba20       0x40 ./amazon-freertos/FreeRTOS/queue.o
                0x000000002001ba20                xQueueRegistry
 .bss.pxCurrentTCB
                0x000000002001ba60        0x4 ./amazon-freertos/FreeRTOS/tasks.o
                0x000000002001ba60                pxCurrentTCB
 .bss.pxReadyTasksLists
                0x000000002001ba64       0x64 ./amazon-freertos/FreeRTOS/tasks.o
 .bss.xDelayedTaskList1
                0x000000002001bac8       0x14 ./amazon-freertos/FreeRTOS/tasks.o
 .bss.xDelayedTaskList2
                0x000000002001badc       0x14 ./amazon-freertos/FreeRTOS/tasks.o
 .bss.pxDelayedTaskList
                0x000000002001baf0        0x4 ./amazon-freertos/FreeRTOS/tasks.o
 .bss.pxOverflowDelayedTaskList
                0x000000002001baf4        0x4 ./amazon-freertos/FreeRTOS/tasks.o
 .bss.xPendingReadyList
                0x000000002001baf8       0x14 ./amazon-freertos/FreeRTOS/tasks.o
 .bss.xTasksWaitingTermination
                0x000000002001bb0c       0x14 ./amazon-freertos/FreeRTOS/tasks.o
 .bss.uxDeletedTasksWaitingCleanUp
                0x000000002001bb20        0x4 ./amazon-freertos/FreeRTOS/tasks.o
 .bss.xSuspendedTaskList
                0x000000002001bb24       0x14 ./amazon-freertos/FreeRTOS/tasks.o
 .bss.uxCurrentNumberOfTasks
                0x000000002001bb38        0x4 ./amazon-freertos/FreeRTOS/tasks.o
 .bss.xTickCount
                0x000000002001bb3c        0x4 ./amazon-freertos/FreeRTOS/tasks.o
 .bss.uxTopReadyPriority
                0x000000002001bb40        0x4 ./amazon-freertos/FreeRTOS/tasks.o
 .bss.xSchedulerRunning
                0x000000002001bb44        0x4 ./amazon-freertos/FreeRTOS/tasks.o
 .bss.uxPendedTicks
                0x000000002001bb48        0x4 ./amazon-freertos/FreeRTOS/tasks.o
 .bss.xYieldPending
                0x000000002001bb4c        0x4 ./amazon-freertos/FreeRTOS/tasks.o
 .bss.xNumOfOverflows
                0x000000002001bb50        0x4 ./amazon-freertos/FreeRTOS/tasks.o
 .bss.uxTaskNumber
                0x000000002001bb54        0x4 ./amazon-freertos/FreeRTOS/tasks.o
 .bss.xNextTaskUnblockTime
                0x000000002001bb58        0x4 ./amazon-freertos/FreeRTOS/tasks.o
 .bss.xIdleTaskHandle
                0x000000002001bb5c        0x4 ./amazon-freertos/FreeRTOS/tasks.o
 .bss.uxSchedulerSuspended
                0x000000002001bb60        0x4 ./amazon-freertos/FreeRTOS/tasks.o
 .bss.xActiveTimerList1
                0x000000002001bb64       0x14 ./amazon-freertos/FreeRTOS/timers.o
 .bss.xActiveTimerList2
                0x000000002001bb78       0x14 ./amazon-freertos/FreeRTOS/timers.o
 .bss.pxCurrentTimerList
                0x000000002001bb8c        0x4 ./amazon-freertos/FreeRTOS/timers.o
 .bss.pxOverflowTimerList
                0x000000002001bb90        0x4 ./amazon-freertos/FreeRTOS/timers.o
 .bss.xTimerQueue
                0x000000002001bb94        0x4 ./amazon-freertos/FreeRTOS/timers.o
 .bss.xTimerTaskHandle
                0x000000002001bb98        0x4 ./amazon-freertos/FreeRTOS/timers.o
 .bss.xLastTime.8001
                0x000000002001bb9c        0x4 ./amazon-freertos/FreeRTOS/timers.o
 .bss.__Ciob    0x000000002001bba0       0xb4 /usr/local/mcuxpresso-ide/ide/tools/bin/../lib/gcc/arm-none-eabi/7.2.1/../../../../arm-none-eabi/lib/thumb/v7e-m/fpv4-sp/hard/libcr_semihost_nf.a(__ciob.o)
                0x000000002001bba0                __Ciob
 .bss.__end_of_heap
                0x000000002001bc54        0x4 /usr/local/mcuxpresso-ide/ide/tools/bin/../lib/gcc/arm-none-eabi/7.2.1/../../../../arm-none-eabi/lib/thumb/v7e-m/fpv4-sp/hard/libcr_c.a(__init_alloc.o)
                0x000000002001bc54                __end_of_heap
 .bss.__heaps   0x000000002001bc58        0x4 /usr/local/mcuxpresso-ide/ide/tools/bin/../lib/gcc/arm-none-eabi/7.2.1/../../../../arm-none-eabi/lib/thumb/v7e-m/fpv4-sp/hard/libcr_c.a(__init_alloc.o)
                0x000000002001bc58                __heaps
 .bss.errno     0x000000002001bc5c        0x4 /usr/local/mcuxpresso-ide/ide/tools/bin/../lib/gcc/arm-none-eabi/7.2.1/../../../../arm-none-eabi/lib/thumb/v7e-m/fpv4-sp/hard/libcr_c.a(errno.o)
                0x000000002001bc5c                errno
 .bss.idx.7790  0x000000002001bc60        0x2 ./amazon-freertos/TraceRecorder/trcSnapshotRecorder.o
 .bss.handle_of_last_logged_task
                0x000000002001bc62        0x1 ./amazon-freertos/TraceRecorder/trcSnapshotRecorder.o
                0x000000002001bc62                handle_of_last_logged_task
 .bss.ucMaxSysCallPriority
                0x000000002001bc63        0x1 ./amazon-freertos/FreeRTOS/portable/port.o
 *(SORT_BY_ALIGNMENT(COMMON))
                0x000000002001bc68                . = ALIGN (0x8)
 *fill*         0x000000002001bc64        0x4 
                0x000000002001bc68                _ebss = .
                [!provide]                        PROVIDE (end, .)

.noinit_RAM2    0x000000001fff0000        0x0
 *(SORT_BY_ALIGNMENT(.noinit.$RAM2*))
 *(SORT_BY_ALIGNMENT(.noinit.$SRAM_LOWER*))
                0x000000001fff0000                . = ALIGN (0x8)

.noinit_RAM3    0x0000000014000000        0x0
 *(SORT_BY_ALIGNMENT(.noinit.$RAM3*))
 *(SORT_BY_ALIGNMENT(.noinit.$FLEX_RAM*))
                0x0000000014000000                . = ALIGN (0x8)

.noinit         0x000000002001bc68        0x0
                0x000000002001bc68                _noinit = .
 *(SORT_BY_ALIGNMENT(.noinit*))
                0x000000002001bc68                . = ALIGN (0x8)
                0x000000002001bc68                _end_noinit = .
                0x0000000000001000                _HeapSize = 0x1000

.heap           0x000000002001bc68     0x1000
                0x000000002001bc68                _pvHeapStart = .
                0x000000002001cc68                . = (. + _HeapSize)
 *fill*         0x000000002001bc68     0x1000 
                0x000000002001cc68                . = ALIGN (0x8)
                0x000000002001cc68                _pvHeapLimit = .
                0x0000000000001000                _StackSize = 0x1000

.heap2stackfill
                0x000000002001cc68     0x1000
                0x000000002001dc68                . = (. + _StackSize)
 *fill*         0x000000002001cc68     0x1000 

.stack          0x000000002002f000        0x0
                0x000000002002f000                _vStackBase = .
                0x000000002002f000                . = ALIGN (0x8)
                0x0000000020030000                _vStackTop = (. + _StackSize)
                0x0000000000000000                _image_start = LOADADDR (.text)
                0x0000000000008188                _image_end = (LOADADDR (.data) + SIZEOF (.data))
                0x0000000000008188                _image_size = (_image_end - _image_start)
OUTPUT(TP4_SO2.axf elf32-littlearm)

.debug_info     0x0000000000000000     0xd875
 .debug_info    0x0000000000000000      0x8b0 ./startup/startup_mk64f12.o
 .debug_info    0x00000000000008b0      0x962 ./source/TP4_SO2.o
 .debug_info    0x0000000000001212       0x3b ./source/semihost_hardfault.o
 .debug_info    0x000000000000124d     0x19df ./drivers/fsl_uart.o
 .debug_info    0x0000000000002c2c       0xe8 ./board/clock_config.o
 .debug_info    0x0000000000002d14       0x3b ./board/peripherals.o
 .debug_info    0x0000000000002d4f       0x3b ./board/pin_mux.o
 .debug_info    0x0000000000002d8a      0x667 ./amazon-freertos/portable/fsl_tickless_systick.o
 .debug_info    0x00000000000033f1      0x96c ./amazon-freertos/portable/heap_4.o
 .debug_info    0x0000000000003d5d      0x94c ./amazon-freertos/TraceRecorder/trcKernelPort.o
 .debug_info    0x00000000000046a9     0x22a7 ./amazon-freertos/TraceRecorder/trcSnapshotRecorder.o
 .debug_info    0x0000000000006950      0xac2 ./amazon-freertos/FreeRTOS/portable/port.o
 .debug_info    0x0000000000007412      0x85d ./amazon-freertos/FreeRTOS/list.o
 .debug_info    0x0000000000007c6f     0x1d17 ./amazon-freertos/FreeRTOS/queue.o
 .debug_info    0x0000000000009986     0x2597 ./amazon-freertos/FreeRTOS/tasks.o
 .debug_info    0x000000000000bf1d     0x1327 ./amazon-freertos/FreeRTOS/timers.o
 .debug_info    0x000000000000d244      0x631 ./CMSIS/system_MK64F12.o

.debug_abbrev   0x0000000000000000     0x1f41
 .debug_abbrev  0x0000000000000000      0x15c ./startup/startup_mk64f12.o
 .debug_abbrev  0x000000000000015c      0x19d ./source/TP4_SO2.o
 .debug_abbrev  0x00000000000002f9       0x2f ./source/semihost_hardfault.o
 .debug_abbrev  0x0000000000000328      0x303 ./drivers/fsl_uart.o
 .debug_abbrev  0x000000000000062b       0x99 ./board/clock_config.o
 .debug_abbrev  0x00000000000006c4       0x2f ./board/peripherals.o
 .debug_abbrev  0x00000000000006f3       0x2f ./board/pin_mux.o
 .debug_abbrev  0x0000000000000722      0x115 ./amazon-freertos/portable/fsl_tickless_systick.o
 .debug_abbrev  0x0000000000000837      0x262 ./amazon-freertos/portable/heap_4.o
 .debug_abbrev  0x0000000000000a99      0x1ee ./amazon-freertos/TraceRecorder/trcKernelPort.o
 .debug_abbrev  0x0000000000000c87      0x37f ./amazon-freertos/TraceRecorder/trcSnapshotRecorder.o
 .debug_abbrev  0x0000000000001006      0x2c8 ./amazon-freertos/FreeRTOS/portable/port.o
 .debug_abbrev  0x00000000000012ce      0x195 ./amazon-freertos/FreeRTOS/list.o
 .debug_abbrev  0x0000000000001463      0x356 ./amazon-freertos/FreeRTOS/queue.o
 .debug_abbrev  0x00000000000017b9      0x362 ./amazon-freertos/FreeRTOS/tasks.o
 .debug_abbrev  0x0000000000001b1b      0x2d2 ./amazon-freertos/FreeRTOS/timers.o
 .debug_abbrev  0x0000000000001ded      0x154 ./CMSIS/system_MK64F12.o

.debug_aranges  0x0000000000000000      0xd78
 .debug_aranges
                0x0000000000000000      0x330 ./startup/startup_mk64f12.o
 .debug_aranges
                0x0000000000000330       0x48 ./source/TP4_SO2.o
 .debug_aranges
                0x0000000000000378       0x20 ./source/semihost_hardfault.o
 .debug_aranges
                0x0000000000000398      0x170 ./drivers/fsl_uart.o
 .debug_aranges
                0x0000000000000508       0x20 ./board/clock_config.o
 .debug_aranges
                0x0000000000000528       0x20 ./board/peripherals.o
 .debug_aranges
                0x0000000000000548       0x20 ./board/pin_mux.o
 .debug_aranges
                0x0000000000000568       0x20 ./amazon-freertos/portable/fsl_tickless_systick.o
 .debug_aranges
                0x0000000000000588       0x50 ./amazon-freertos/portable/heap_4.o
 .debug_aranges
                0x00000000000005d8       0xa8 ./amazon-freertos/TraceRecorder/trcKernelPort.o
 .debug_aranges
                0x0000000000000680      0x208 ./amazon-freertos/TraceRecorder/trcSnapshotRecorder.o
 .debug_aranges
                0x0000000000000888       0x78 ./amazon-freertos/FreeRTOS/portable/port.o
 .debug_aranges
                0x0000000000000900       0x40 ./amazon-freertos/FreeRTOS/list.o
 .debug_aranges
                0x0000000000000940      0x138 ./amazon-freertos/FreeRTOS/queue.o
 .debug_aranges
                0x0000000000000a78      0x1f8 ./amazon-freertos/FreeRTOS/tasks.o
 .debug_aranges
                0x0000000000000c70       0xd8 ./amazon-freertos/FreeRTOS/timers.o
 .debug_aranges
                0x0000000000000d48       0x30 ./CMSIS/system_MK64F12.o

.debug_ranges   0x0000000000000000      0xc68
 .debug_ranges  0x0000000000000000      0x320 ./startup/startup_mk64f12.o
 .debug_ranges  0x0000000000000320       0x38 ./source/TP4_SO2.o
 .debug_ranges  0x0000000000000358       0x10 ./source/semihost_hardfault.o
 .debug_ranges  0x0000000000000368      0x160 ./drivers/fsl_uart.o
 .debug_ranges  0x00000000000004c8       0x10 ./board/clock_config.o
 .debug_ranges  0x00000000000004d8       0x10 ./board/peripherals.o
 .debug_ranges  0x00000000000004e8       0x10 ./board/pin_mux.o
 .debug_ranges  0x00000000000004f8       0x10 ./amazon-freertos/portable/fsl_tickless_systick.o
 .debug_ranges  0x0000000000000508       0x40 ./amazon-freertos/portable/heap_4.o
 .debug_ranges  0x0000000000000548       0x98 ./amazon-freertos/TraceRecorder/trcKernelPort.o
 .debug_ranges  0x00000000000005e0      0x1f8 ./amazon-freertos/TraceRecorder/trcSnapshotRecorder.o
 .debug_ranges  0x00000000000007d8       0x68 ./amazon-freertos/FreeRTOS/portable/port.o
 .debug_ranges  0x0000000000000840       0x30 ./amazon-freertos/FreeRTOS/list.o
 .debug_ranges  0x0000000000000870      0x128 ./amazon-freertos/FreeRTOS/queue.o
 .debug_ranges  0x0000000000000998      0x1e8 ./amazon-freertos/FreeRTOS/tasks.o
 .debug_ranges  0x0000000000000b80       0xc8 ./amazon-freertos/FreeRTOS/timers.o
 .debug_ranges  0x0000000000000c48       0x20 ./CMSIS/system_MK64F12.o

.debug_macro    0x0000000000000000    0x12e16
 .debug_macro   0x0000000000000000       0x29 ./startup/startup_mk64f12.o
 .debug_macro   0x0000000000000029      0xa9c ./startup/startup_mk64f12.o
 .debug_macro   0x0000000000000ac5      0x1c0 ./source/TP4_SO2.o
 .debug_macro   0x0000000000000c85       0x10 ./source/TP4_SO2.o
 .debug_macro   0x0000000000000c95      0x12d ./source/TP4_SO2.o
 .debug_macro   0x0000000000000dc2       0xd8 ./source/TP4_SO2.o
 .debug_macro   0x0000000000000e9a       0x10 ./source/TP4_SO2.o
 .debug_macro   0x0000000000000eaa       0x5c ./source/TP4_SO2.o
 .debug_macro   0x0000000000000f06      0x5b2 ./source/TP4_SO2.o
 .debug_macro   0x00000000000014b8       0x1c ./source/TP4_SO2.o
 .debug_macro   0x00000000000014d4       0x22 ./source/TP4_SO2.o
 .debug_macro   0x00000000000014f6       0xdf ./source/TP4_SO2.o
 .debug_macro   0x00000000000015d5      0xecf ./source/TP4_SO2.o
 .debug_macro   0x00000000000024a4       0x48 ./source/TP4_SO2.o
 .debug_macro   0x00000000000024ec     0xe07b ./source/TP4_SO2.o
 .debug_macro   0x0000000000010567       0x22 ./source/TP4_SO2.o
 .debug_macro   0x0000000000010589      0x189 ./source/TP4_SO2.o
 .debug_macro   0x0000000000010712      0x13f ./source/TP4_SO2.o
 .debug_macro   0x0000000000010851       0x6a ./source/TP4_SO2.o
 .debug_macro   0x00000000000108bb       0xdd ./source/TP4_SO2.o
 .debug_macro   0x0000000000010998       0x88 ./source/TP4_SO2.o
 .debug_macro   0x0000000000010a20      0x98d ./source/TP4_SO2.o
 .debug_macro   0x00000000000113ad      0x1f0 ./source/TP4_SO2.o
 .debug_macro   0x000000000001159d      0x15a ./source/TP4_SO2.o
 .debug_macro   0x00000000000116f7       0xdd ./source/TP4_SO2.o
 .debug_macro   0x00000000000117d4       0x10 ./source/TP4_SO2.o
 .debug_macro   0x00000000000117e4       0x1f ./source/TP4_SO2.o
 .debug_macro   0x0000000000011803      0x2ce ./source/TP4_SO2.o
 .debug_macro   0x0000000000011ad1       0xb5 ./source/TP4_SO2.o
 .debug_macro   0x0000000000011b86       0x8c ./source/TP4_SO2.o
 .debug_macro   0x0000000000011c12       0x86 ./source/TP4_SO2.o
 .debug_macro   0x0000000000011c98       0x11 ./source/semihost_hardfault.o
 .debug_macro   0x0000000000011ca9      0x10f ./drivers/fsl_uart.o
 .debug_macro   0x0000000000011db8       0x90 ./board/clock_config.o
 .debug_macro   0x0000000000011e48       0x1b ./board/peripherals.o
 .debug_macro   0x0000000000011e63       0x1b ./board/pin_mux.o
 .debug_macro   0x0000000000011e7e      0x158 ./amazon-freertos/portable/fsl_tickless_systick.o
 .debug_macro   0x0000000000011fd6       0x7c ./amazon-freertos/portable/fsl_tickless_systick.o
 .debug_macro   0x0000000000012052      0x17b ./amazon-freertos/portable/heap_4.o
 .debug_macro   0x00000000000121cd       0x28 ./amazon-freertos/portable/heap_4.o
 .debug_macro   0x00000000000121f5      0x158 ./amazon-freertos/TraceRecorder/trcKernelPort.o
 .debug_macro   0x000000000001234d      0x162 ./amazon-freertos/TraceRecorder/trcSnapshotRecorder.o
 .debug_macro   0x00000000000124af       0x1c ./amazon-freertos/TraceRecorder/trcSnapshotRecorder.o
 .debug_macro   0x00000000000124cb      0x1d0 ./amazon-freertos/FreeRTOS/portable/port.o
 .debug_macro   0x000000000001269b      0x154 ./amazon-freertos/FreeRTOS/list.o
 .debug_macro   0x00000000000127ef      0x1bd ./amazon-freertos/FreeRTOS/queue.o
 .debug_macro   0x00000000000129ac      0x22b ./amazon-freertos/FreeRTOS/tasks.o
 .debug_macro   0x0000000000012bd7       0x10 ./amazon-freertos/FreeRTOS/tasks.o
 .debug_macro   0x0000000000012be7      0x197 ./amazon-freertos/FreeRTOS/timers.o
 .debug_macro   0x0000000000012d7e       0x98 ./CMSIS/system_MK64F12.o

.debug_line     0x0000000000000000     0x6678
 .debug_line    0x0000000000000000      0x6d4 ./startup/startup_mk64f12.o
 .debug_line    0x00000000000006d4      0x445 ./source/TP4_SO2.o
 .debug_line    0x0000000000000b19       0x54 ./source/semihost_hardfault.o
 .debug_line    0x0000000000000b6d      0x9f6 ./drivers/fsl_uart.o
 .debug_line    0x0000000000001563      0x175 ./board/clock_config.o
 .debug_line    0x00000000000016d8       0x58 ./board/peripherals.o
 .debug_line    0x0000000000001730       0x50 ./board/pin_mux.o
 .debug_line    0x0000000000001780      0x347 ./amazon-freertos/portable/fsl_tickless_systick.o
 .debug_line    0x0000000000001ac7      0x46f ./amazon-freertos/portable/heap_4.o
 .debug_line    0x0000000000001f36      0x4a4 ./amazon-freertos/TraceRecorder/trcKernelPort.o
 .debug_line    0x00000000000023da      0xecb ./amazon-freertos/TraceRecorder/trcSnapshotRecorder.o
 .debug_line    0x00000000000032a5      0x53e ./amazon-freertos/FreeRTOS/portable/port.o
 .debug_line    0x00000000000037e3      0x38c ./amazon-freertos/FreeRTOS/list.o
 .debug_line    0x0000000000003b6f      0xf88 ./amazon-freertos/FreeRTOS/queue.o
 .debug_line    0x0000000000004af7     0x127d ./amazon-freertos/FreeRTOS/tasks.o
 .debug_line    0x0000000000005d74      0x6ff ./amazon-freertos/FreeRTOS/timers.o
 .debug_line    0x0000000000006473      0x205 ./CMSIS/system_MK64F12.o

.debug_str      0x0000000000000000    0x8e1d9
 .debug_str     0x0000000000000000     0x35d1 ./startup/startup_mk64f12.o
                                       0x3654 (size before relaxing)
 .debug_str     0x00000000000035d1    0x7ca92 ./source/TP4_SO2.o
                                      0x7f96d (size before relaxing)
 .debug_str     0x0000000000080063       0x1f ./source/semihost_hardfault.o
                                       0x2de5 (size before relaxing)
 .debug_str     0x0000000000080082     0x9620 ./drivers/fsl_uart.o
                                      0x7a88b (size before relaxing)
 .debug_str     0x00000000000896a2       0x2d ./board/clock_config.o
                                      0x7116a (size before relaxing)
 .debug_str     0x00000000000896cf       0x31 ./board/peripherals.o
                                       0x2df6 (size before relaxing)
 .debug_str     0x0000000000089700       0x26 ./board/pin_mux.o
                                       0x2de7 (size before relaxing)
 .debug_str     0x0000000000089726      0x3dd ./amazon-freertos/portable/fsl_tickless_systick.o
                                      0x7f105 (size before relaxing)
 .debug_str     0x0000000000089b03      0x2ad ./amazon-freertos/portable/heap_4.o
                                      0x7f051 (size before relaxing)
 .debug_str     0x0000000000089db0      0x228 ./amazon-freertos/TraceRecorder/trcKernelPort.o
                                      0x7f687 (size before relaxing)
 .debug_str     0x0000000000089fd8     0x1087 ./amazon-freertos/TraceRecorder/trcSnapshotRecorder.o
                                      0x7f110 (size before relaxing)
 .debug_str     0x000000000008b05f      0x58a ./amazon-freertos/FreeRTOS/portable/port.o
                                      0x7f6ad (size before relaxing)
 .debug_str     0x000000000008b5e9      0x12e ./amazon-freertos/FreeRTOS/list.o
                                      0x7e951 (size before relaxing)
 .debug_str     0x000000000008b717      0x829 ./amazon-freertos/FreeRTOS/queue.o
                                      0x7feea (size before relaxing)
 .debug_str     0x000000000008bf40     0x1bcc ./amazon-freertos/FreeRTOS/tasks.o
                                      0x80cdc (size before relaxing)
 .debug_str     0x000000000008db0c      0x501 ./amazon-freertos/FreeRTOS/timers.o
                                      0x80373 (size before relaxing)
 .debug_str     0x000000000008e00d      0x1cc ./CMSIS/system_MK64F12.o
                                      0x77e2a (size before relaxing)

.comment        0x0000000000000000       0x7e
 .comment       0x0000000000000000       0x7e ./startup/startup_mk64f12.o
                                         0x7f (size before relaxing)
 .comment       0x000000000000007e       0x7f ./source/TP4_SO2.o
 .comment       0x000000000000007e       0x7f ./source/semihost_hardfault.o
 .comment       0x000000000000007e       0x7f ./drivers/fsl_uart.o
 .comment       0x000000000000007e       0x7f ./board/clock_config.o
 .comment       0x000000000000007e       0x7f ./board/peripherals.o
 .comment       0x000000000000007e       0x7f ./board/pin_mux.o
 .comment       0x000000000000007e       0x7f ./amazon-freertos/portable/fsl_tickless_systick.o
 .comment       0x000000000000007e       0x7f ./amazon-freertos/portable/heap_4.o
 .comment       0x000000000000007e       0x7f ./amazon-freertos/TraceRecorder/trcKernelPort.o
 .comment       0x000000000000007e       0x7f ./amazon-freertos/TraceRecorder/trcSnapshotRecorder.o
 .comment       0x000000000000007e       0x7f ./amazon-freertos/FreeRTOS/portable/port.o
 .comment       0x000000000000007e       0x7f ./amazon-freertos/FreeRTOS/list.o
 .comment       0x000000000000007e       0x7f ./amazon-freertos/FreeRTOS/queue.o
 .comment       0x000000000000007e       0x7f ./amazon-freertos/FreeRTOS/tasks.o
 .comment       0x000000000000007e       0x7f ./amazon-freertos/FreeRTOS/timers.o
 .comment       0x000000000000007e       0x7f ./CMSIS/system_MK64F12.o
 .comment       0x000000000000007e       0x7f /usr/local/mcuxpresso-ide/ide/tools/bin/../lib/gcc/arm-none-eabi/7.2.1/../../../../arm-none-eabi/lib/thumb/v7e-m/fpv4-sp/hard/libcr_semihost_nf.a(_cr__main.o)
 .comment       0x000000000000007e       0x7f /usr/local/mcuxpresso-ide/ide/tools/bin/../lib/gcc/arm-none-eabi/7.2.1/../../../../arm-none-eabi/lib/thumb/v7e-m/fpv4-sp/hard/libcr_semihost_nf.a(__ciob.o)
 .comment       0x000000000000007e       0x7f /usr/local/mcuxpresso-ide/ide/tools/bin/../lib/gcc/arm-none-eabi/7.2.1/../../../../arm-none-eabi/lib/thumb/v7e-m/fpv4-sp/hard/libcr_c.a(memcpy.o)
 .comment       0x000000000000007e       0x7f /usr/local/mcuxpresso-ide/ide/tools/bin/../lib/gcc/arm-none-eabi/7.2.1/../../../../arm-none-eabi/lib/thumb/v7e-m/fpv4-sp/hard/libcr_c.a(memset.o)
 .comment       0x000000000000007e       0x7f /usr/local/mcuxpresso-ide/ide/tools/bin/../lib/gcc/arm-none-eabi/7.2.1/../../../../arm-none-eabi/lib/thumb/v7e-m/fpv4-sp/hard/libcr_c.a(_deferredlazyseek.o)
 .comment       0x000000000000007e       0x7f /usr/local/mcuxpresso-ide/ide/tools/bin/../lib/gcc/arm-none-eabi/7.2.1/../../../../arm-none-eabi/lib/thumb/v7e-m/fpv4-sp/hard/libcr_c.a(_fflush.o)
 .comment       0x000000000000007e       0x7f /usr/local/mcuxpresso-ide/ide/tools/bin/../lib/gcc/arm-none-eabi/7.2.1/../../../../arm-none-eabi/lib/thumb/v7e-m/fpv4-sp/hard/libcr_c.a(_writebuf.o)
 .comment       0x000000000000007e       0x7f /usr/local/mcuxpresso-ide/ide/tools/bin/../lib/gcc/arm-none-eabi/7.2.1/../../../../arm-none-eabi/lib/thumb/v7e-m/fpv4-sp/hard/libcr_c.a(alloc.o)