16:26:03 **** Incremental Build of configuration Debug for project TP4_SO2 ****
make -r -j4 all 
Building file: ../source/TP4_SO2.c
make: Warning: File 'CMSIS/system_MK64F12.d' has modification time 2589677 s in the future
Invoking: MCU C Compiler
arm-none-eabi-gcc -D__REDLIB__ -DFSL_RTOS_BM -DSDK_OS_BAREMETAL -DSDK_DEBUGCONSOLE=0 -DCR_INTEGER_PRINTF -DPRINTF_FLOAT_ENABLE=0 -DSDK_OS_FREE_RTOS -DFSL_RTOS_FREE_RTOS -DCPU_MK64FN1M0VDC12_cm4 -DCPU_MK64FN1M0VDC12 -D__MCUXPRESSO -D__USE_CMSIS -DDEBUG -I../drivers -I../CMSIS -I../amazon-freertos/FreeRTOS/portable -I../amazon-freertos/portable -I../amazon-freertos/include -I../source -I../drivers/freertos -I../board -I../ -I../startup -O0 -fno-common -g3 -Wall -c -ffunction-sections -fdata-sections -ffreestanding -fno-builtin -mcpu=cortex-m4 -mfpu=fpv4-sp-d16 -mfloat-abi=hard -mthumb -D__REDLIB__ -specs=redlib.specs -MMD -MP -MF"source/TP4_SO2.d" -MT"source/TP4_SO2.o" -MT"source/TP4_SO2.d" -o "source/TP4_SO2.o" "../source/TP4_SO2.c"
Finished building: ../source/TP4_SO2.c
 
Building target: TP4_SO2.axf
Invoking: MCU Linker
arm-none-eabi-gcc -nostdlib -Xlinker -Map="TP4_SO2.map" -Xlinker --gc-sections -Xlinker -print-memory-usage -Xlinker --sort-section=alignment -mcpu=cortex-m4 -mfpu=fpv4-sp-d16 -mfloat-abi=hard -mthumb -T TP4_SO2_Debug.ld -o "TP4_SO2.axf"  ./startup/startup_mk64f12.o  ./source/TP4_SO2.o ./source/semihost_hardfault.o  ./drivers/freertos/fsl_uart_freertos.o  ./drivers/fsl_clock.o ./drivers/fsl_common.o ./drivers/fsl_uart.o  ./board/board.o ./board/clock_config.o ./board/peripherals.o ./board/pin_mux.o  ./amazon-freertos/portable/fsl_tickless_systick.o ./amazon-freertos/portable/heap_4.o  ./amazon-freertos/TraceRecorder/streamports/Jlink_RTT/SEGGER_RTT.o ./amazon-freertos/TraceRecorder/streamports/Jlink_RTT/trcStreamingPort.o  ./amazon-freertos/TraceRecorder/streamports/File/trcStreamingPort.o  ./amazon-freertos/TraceRecorder/streamports/ARM_ITM/trcStreamingPort.o  ./amazon-freertos/TraceRecorder/trcKernelPort.o ./amazon-freertos/TraceRecorder/trcSnapshotRecorder.o ./amazon-freertos/TraceRecorder/trcStreamingRecorder.o  ./amazon-freertos/FreeRTOS/portable/port.o  ./amazon-freertos/FreeRTOS/event_groups.o ./amazon-freertos/FreeRTOS/list.o ./amazon-freertos/FreeRTOS/queue.o ./amazon-freertos/FreeRTOS/stream_buffer.o ./amazon-freertos/FreeRTOS/tasks.o ./amazon-freertos/FreeRTOS/timers.o  ./CMSIS/system_MK64F12.o   
Memory region         Used Size  Region Size  %age Used
   PROGRAM_FLASH:       32064 B         1 MB      3.06%
      SRAM_UPPER:       25728 B       192 KB     13.09%
      SRAM_LOWER:          0 GB        64 KB      0.00%
        FLEX_RAM:          0 GB         4 KB      0.00%
Finished building target: TP4_SO2.axf
 
make --no-print-directory post-build
make[1]: Warning: File 'CMSIS/system_MK64F12.d' has modification time 2589677 s in the future
Performing post-build steps
arm-none-eabi-size "TP4_SO2.axf"; # arm-none-eabi-objcopy -v -O binary "TP4_SO2.axf" "TP4_SO2.bin" ; # checksum -p MK64FN1M0xxx12 -d "TP4_SO2.bin";
   text	   data	    bss	    dec	    hex	filename
  32040	     24	  25704	  57768	   e1a8	TP4_SO2.axf
 
make[1]: warning:  Clock skew detected.  Your build may be incomplete.
make: warning:  Clock skew detected.  Your build may be incomplete.

16:26:03 Build Finished (took 492ms)

