20:27:26 **** Build of configuration Debug for project TP4_SO2 ****
make -r -j4 all 
Building file: ../startup/startup_mk64f12.c
Building file: ../source/TP4_SO2.c
Building file: ../source/semihost_hardfault.c
Invoking: MCU C Compiler
arm-none-eabi-gcc -D__REDLIB__ -DFSL_RTOS_BM -DSDK_OS_BAREMETAL -DSDK_DEBUGCONSOLE=0 -DCR_INTEGER_PRINTF -DPRINTF_FLOAT_ENABLE=0 -DSDK_OS_FREE_RTOS -DFSL_RTOS_FREE_RTOS -DCPU_MK64FN1M0VDC12_cm4 -DCPU_MK64FN1M0VDC12 -D__MCUXPRESSO -D__USE_CMSIS -DDEBUG -I../drivers -I../CMSIS -I../amazon-freertos/FreeRTOS/portable -I../amazon-freertos/portable -I../amazon-freertos/include -I../source -I../drivers/freertos -I../board -I../ -I../startup -O0 -fno-common -g3 -Wall -c -ffunction-sections -fdata-sections -ffreestanding -fno-builtin -mcpu=cortex-m4 -mfpu=fpv4-sp-d16 -mfloat-abi=hard -mthumb -D__REDLIB__ -specs=redlib.specs -MMD -MP -MF"startup/startup_mk64f12.d" -MT"startup/startup_mk64f12.o" -MT"startup/startup_mk64f12.d" -o "startup/startup_mk64f12.o" "../startup/startup_mk64f12.c"
Invoking: MCU C Compiler
Invoking: MCU C Compiler
arm-none-eabi-gcc -D__REDLIB__ -DFSL_RTOS_BM -DSDK_OS_BAREMETAL -DSDK_DEBUGCONSOLE=0 -DCR_INTEGER_PRINTF -DPRINTF_FLOAT_ENABLE=0 -DSDK_OS_FREE_RTOS -DFSL_RTOS_FREE_RTOS -DCPU_MK64FN1M0VDC12_cm4 -DCPU_MK64FN1M0VDC12 -D__MCUXPRESSO -D__USE_CMSIS -DDEBUG -I../drivers -I../CMSIS -I../amazon-freertos/FreeRTOS/portable -I../amazon-freertos/portable -I../amazon-freertos/include -I../source -I../drivers/freertos -I../board -I../ -I../startup -O0 -fno-common -g3 -Wall -c -ffunction-sections -fdata-sections -ffreestanding -fno-builtin -mcpu=cortex-m4 -mfpu=fpv4-sp-d16 -mfloat-abi=hard -mthumb -D__REDLIB__ -specs=redlib.specs -MMD -MP -MF"source/TP4_SO2.d" -MT"source/TP4_SO2.o" -MT"source/TP4_SO2.d" -o "source/TP4_SO2.o" "../source/TP4_SO2.c"
arm-none-eabi-gcc -D__REDLIB__ -DFSL_RTOS_BM -DSDK_OS_BAREMETAL -DSDK_DEBUGCONSOLE=0 -DCR_INTEGER_PRINTF -DPRINTF_FLOAT_ENABLE=0 -DSDK_OS_FREE_RTOS -DFSL_RTOS_FREE_RTOS -DCPU_MK64FN1M0VDC12_cm4 -DCPU_MK64FN1M0VDC12 -D__MCUXPRESSO -D__USE_CMSIS -DDEBUG -I../drivers -I../CMSIS -I../amazon-freertos/FreeRTOS/portable -I../amazon-freertos/portable -I../amazon-freertos/include -I../source -I../drivers/freertos -I../board -I../ -I../startup -O0 -fno-common -g3 -Wall -c -ffunction-sections -fdata-sections -ffreestanding -fno-builtin -mcpu=cortex-m4 -mfpu=fpv4-sp-d16 -mfloat-abi=hard -mthumb -D__REDLIB__ -specs=redlib.specs -MMD -MP -MF"source/semihost_hardfault.d" -MT"source/semihost_hardfault.o" -MT"source/semihost_hardfault.d" -o "source/semihost_hardfault.o" "../source/semihost_hardfault.c"
Building file: ../drivers/freertos/fsl_uart_freertos.c
Invoking: MCU C Compiler
arm-none-eabi-gcc -D__REDLIB__ -DFSL_RTOS_BM -DSDK_OS_BAREMETAL -DSDK_DEBUGCONSOLE=0 -DCR_INTEGER_PRINTF -DPRINTF_FLOAT_ENABLE=0 -DSDK_OS_FREE_RTOS -DFSL_RTOS_FREE_RTOS -DCPU_MK64FN1M0VDC12_cm4 -DCPU_MK64FN1M0VDC12 -D__MCUXPRESSO -D__USE_CMSIS -DDEBUG -I../drivers -I../CMSIS -I../amazon-freertos/FreeRTOS/portable -I../amazon-freertos/portable -I../amazon-freertos/include -I../source -I../drivers/freertos -I../board -I../ -I../startup -O0 -fno-common -g3 -Wall -c -ffunction-sections -fdata-sections -ffreestanding -fno-builtin -mcpu=cortex-m4 -mfpu=fpv4-sp-d16 -mfloat-abi=hard -mthumb -D__REDLIB__ -specs=redlib.specs -MMD -MP -MF"drivers/freertos/fsl_uart_freertos.d" -MT"drivers/freertos/fsl_uart_freertos.o" -MT"drivers/freertos/fsl_uart_freertos.d" -o "drivers/freertos/fsl_uart_freertos.o" "../drivers/freertos/fsl_uart_freertos.c"
Finished building: ../source/semihost_hardfault.c
 
Building file: ../drivers/fsl_clock.c
Invoking: MCU C Compiler
arm-none-eabi-gcc -D__REDLIB__ -DFSL_RTOS_BM -DSDK_OS_BAREMETAL -DSDK_DEBUGCONSOLE=0 -DCR_INTEGER_PRINTF -DPRINTF_FLOAT_ENABLE=0 -DSDK_OS_FREE_RTOS -DFSL_RTOS_FREE_RTOS -DCPU_MK64FN1M0VDC12_cm4 -DCPU_MK64FN1M0VDC12 -D__MCUXPRESSO -D__USE_CMSIS -DDEBUG -I../drivers -I../CMSIS -I../amazon-freertos/FreeRTOS/portable -I../amazon-freertos/portable -I../amazon-freertos/include -I../source -I../drivers/freertos -I../board -I../ -I../startup -O0 -fno-common -g3 -Wall -c -ffunction-sections -fdata-sections -ffreestanding -fno-builtin -mcpu=cortex-m4 -mfpu=fpv4-sp-d16 -mfloat-abi=hard -mthumb -D__REDLIB__ -specs=redlib.specs -MMD -MP -MF"drivers/fsl_clock.d" -MT"drivers/fsl_clock.o" -MT"drivers/fsl_clock.d" -o "drivers/fsl_clock.o" "../drivers/fsl_clock.c"
Finished building: ../startup/startup_mk64f12.c
 
Building file: ../drivers/fsl_common.c
Invoking: MCU C Compiler
arm-none-eabi-gcc -D__REDLIB__ -DFSL_RTOS_BM -DSDK_OS_BAREMETAL -DSDK_DEBUGCONSOLE=0 -DCR_INTEGER_PRINTF -DPRINTF_FLOAT_ENABLE=0 -DSDK_OS_FREE_RTOS -DFSL_RTOS_FREE_RTOS -DCPU_MK64FN1M0VDC12_cm4 -DCPU_MK64FN1M0VDC12 -D__MCUXPRESSO -D__USE_CMSIS -DDEBUG -I../drivers -I../CMSIS -I../amazon-freertos/FreeRTOS/portable -I../amazon-freertos/portable -I../amazon-freertos/include -I../source -I../drivers/freertos -I../board -I../ -I../startup -O0 -fno-common -g3 -Wall -c -ffunction-sections -fdata-sections -ffreestanding -fno-builtin -mcpu=cortex-m4 -mfpu=fpv4-sp-d16 -mfloat-abi=hard -mthumb -D__REDLIB__ -specs=redlib.specs -MMD -MP -MF"drivers/fsl_common.d" -MT"drivers/fsl_common.o" -MT"drivers/fsl_common.d" -o "drivers/fsl_common.o" "../drivers/fsl_common.c"
Finished building: ../source/TP4_SO2.c
 
Building file: ../drivers/fsl_uart.c
Invoking: MCU C Compiler
arm-none-eabi-gcc -D__REDLIB__ -DFSL_RTOS_BM -DSDK_OS_BAREMETAL -DSDK_DEBUGCONSOLE=0 -DCR_INTEGER_PRINTF -DPRINTF_FLOAT_ENABLE=0 -DSDK_OS_FREE_RTOS -DFSL_RTOS_FREE_RTOS -DCPU_MK64FN1M0VDC12_cm4 -DCPU_MK64FN1M0VDC12 -D__MCUXPRESSO -D__USE_CMSIS -DDEBUG -I../drivers -I../CMSIS -I../amazon-freertos/FreeRTOS/portable -I../amazon-freertos/portable -I../amazon-freertos/include -I../source -I../drivers/freertos -I../board -I../ -I../startup -O0 -fno-common -g3 -Wall -c -ffunction-sections -fdata-sections -ffreestanding -fno-builtin -mcpu=cortex-m4 -mfpu=fpv4-sp-d16 -mfloat-abi=hard -mthumb -D__REDLIB__ -specs=redlib.specs -MMD -MP -MF"drivers/fsl_uart.d" -MT"drivers/fsl_uart.o" -MT"drivers/fsl_uart.d" -o "drivers/fsl_uart.o" "../drivers/fsl_uart.c"
Finished building: ../drivers/freertos/fsl_uart_freertos.c
 
Building file: ../board/board.c
Invoking: MCU C Compiler
arm-none-eabi-gcc -D__REDLIB__ -DFSL_RTOS_BM -DSDK_OS_BAREMETAL -DSDK_DEBUGCONSOLE=0 -DCR_INTEGER_PRINTF -DPRINTF_FLOAT_ENABLE=0 -DSDK_OS_FREE_RTOS -DFSL_RTOS_FREE_RTOS -DCPU_MK64FN1M0VDC12_cm4 -DCPU_MK64FN1M0VDC12 -D__MCUXPRESSO -D__USE_CMSIS -DDEBUG -I../drivers -I../CMSIS -I../amazon-freertos/FreeRTOS/portable -I../amazon-freertos/portable -I../amazon-freertos/include -I../source -I../drivers/freertos -I../board -I../ -I../startup -O0 -fno-common -g3 -Wall -c -ffunction-sections -fdata-sections -ffreestanding -fno-builtin -mcpu=cortex-m4 -mfpu=fpv4-sp-d16 -mfloat-abi=hard -mthumb -D__REDLIB__ -specs=redlib.specs -MMD -MP -MF"board/board.d" -MT"board/board.o" -MT"board/board.d" -o "board/board.o" "../board/board.c"
Finished building: ../drivers/fsl_common.c
 
Building file: ../board/clock_config.c
Invoking: MCU C Compiler
arm-none-eabi-gcc -D__REDLIB__ -DFSL_RTOS_BM -DSDK_OS_BAREMETAL -DSDK_DEBUGCONSOLE=0 -DCR_INTEGER_PRINTF -DPRINTF_FLOAT_ENABLE=0 -DSDK_OS_FREE_RTOS -DFSL_RTOS_FREE_RTOS -DCPU_MK64FN1M0VDC12_cm4 -DCPU_MK64FN1M0VDC12 -D__MCUXPRESSO -D__USE_CMSIS -DDEBUG -I../drivers -I../CMSIS -I../amazon-freertos/FreeRTOS/portable -I../amazon-freertos/portable -I../amazon-freertos/include -I../source -I../drivers/freertos -I../board -I../ -I../startup -O0 -fno-common -g3 -Wall -c -ffunction-sections -fdata-sections -ffreestanding -fno-builtin -mcpu=cortex-m4 -mfpu=fpv4-sp-d16 -mfloat-abi=hard -mthumb -D__REDLIB__ -specs=redlib.specs -MMD -MP -MF"board/clock_config.d" -MT"board/clock_config.o" -MT"board/clock_config.d" -o "board/clock_config.o" "../board/clock_config.c"
Finished building: ../board/board.c
 
Building file: ../board/peripherals.c
Invoking: MCU C Compiler
arm-none-eabi-gcc -D__REDLIB__ -DFSL_RTOS_BM -DSDK_OS_BAREMETAL -DSDK_DEBUGCONSOLE=0 -DCR_INTEGER_PRINTF -DPRINTF_FLOAT_ENABLE=0 -DSDK_OS_FREE_RTOS -DFSL_RTOS_FREE_RTOS -DCPU_MK64FN1M0VDC12_cm4 -DCPU_MK64FN1M0VDC12 -D__MCUXPRESSO -D__USE_CMSIS -DDEBUG -I../drivers -I../CMSIS -I../amazon-freertos/FreeRTOS/portable -I../amazon-freertos/portable -I../amazon-freertos/include -I../source -I../drivers/freertos -I../board -I../ -I../startup -O0 -fno-common -g3 -Wall -c -ffunction-sections -fdata-sections -ffreestanding -fno-builtin -mcpu=cortex-m4 -mfpu=fpv4-sp-d16 -mfloat-abi=hard -mthumb -D__REDLIB__ -specs=redlib.specs -MMD -MP -MF"board/peripherals.d" -MT"board/peripherals.o" -MT"board/peripherals.d" -o "board/peripherals.o" "../board/peripherals.c"
Finished building: ../drivers/fsl_clock.c
 
Building file: ../board/pin_mux.c
Invoking: MCU C Compiler
arm-none-eabi-gcc -D__REDLIB__ -DFSL_RTOS_BM -DSDK_OS_BAREMETAL -DSDK_DEBUGCONSOLE=0 -DCR_INTEGER_PRINTF -DPRINTF_FLOAT_ENABLE=0 -DSDK_OS_FREE_RTOS -DFSL_RTOS_FREE_RTOS -DCPU_MK64FN1M0VDC12_cm4 -DCPU_MK64FN1M0VDC12 -D__MCUXPRESSO -D__USE_CMSIS -DDEBUG -I../drivers -I../CMSIS -I../amazon-freertos/FreeRTOS/portable -I../amazon-freertos/portable -I../amazon-freertos/include -I../source -I../drivers/freertos -I../board -I../ -I../startup -O0 -fno-common -g3 -Wall -c -ffunction-sections -fdata-sections -ffreestanding -fno-builtin -mcpu=cortex-m4 -mfpu=fpv4-sp-d16 -mfloat-abi=hard -mthumb -D__REDLIB__ -specs=redlib.specs -MMD -MP -MF"board/pin_mux.d" -MT"board/pin_mux.o" -MT"board/pin_mux.d" -o "board/pin_mux.o" "../board/pin_mux.c"
Finished building: ../board/peripherals.c
 
Building file: ../amazon-freertos/portable/fsl_tickless_systick.c
Invoking: MCU C Compiler
arm-none-eabi-gcc -D__REDLIB__ -DFSL_RTOS_BM -DSDK_OS_BAREMETAL -DSDK_DEBUGCONSOLE=0 -DCR_INTEGER_PRINTF -DPRINTF_FLOAT_ENABLE=0 -DSDK_OS_FREE_RTOS -DFSL_RTOS_FREE_RTOS -DCPU_MK64FN1M0VDC12_cm4 -DCPU_MK64FN1M0VDC12 -D__MCUXPRESSO -D__USE_CMSIS -DDEBUG -I../drivers -I../CMSIS -I../amazon-freertos/FreeRTOS/portable -I../amazon-freertos/portable -I../amazon-freertos/include -I../source -I../drivers/freertos -I../board -I../ -I../startup -O0 -fno-common -g3 -Wall -c -ffunction-sections -fdata-sections -ffreestanding -fno-builtin -mcpu=cortex-m4 -mfpu=fpv4-sp-d16 -mfloat-abi=hard -mthumb -D__REDLIB__ -specs=redlib.specs -MMD -MP -MF"amazon-freertos/portable/fsl_tickless_systick.d" -MT"amazon-freertos/portable/fsl_tickless_systick.o" -MT"amazon-freertos/portable/fsl_tickless_systick.d" -o "amazon-freertos/portable/fsl_tickless_systick.o" "../amazon-freertos/portable/fsl_tickless_systick.c"
Finished building: ../board/pin_mux.c
 
Building file: ../amazon-freertos/portable/heap_4.c
Invoking: MCU C Compiler
arm-none-eabi-gcc -D__REDLIB__ -DFSL_RTOS_BM -DSDK_OS_BAREMETAL -DSDK_DEBUGCONSOLE=0 -DCR_INTEGER_PRINTF -DPRINTF_FLOAT_ENABLE=0 -DSDK_OS_FREE_RTOS -DFSL_RTOS_FREE_RTOS -DCPU_MK64FN1M0VDC12_cm4 -DCPU_MK64FN1M0VDC12 -D__MCUXPRESSO -D__USE_CMSIS -DDEBUG -I../drivers -I../CMSIS -I../amazon-freertos/FreeRTOS/portable -I../amazon-freertos/portable -I../amazon-freertos/include -I../source -I../drivers/freertos -I../board -I../ -I../startup -O0 -fno-common -g3 -Wall -c -ffunction-sections -fdata-sections -ffreestanding -fno-builtin -mcpu=cortex-m4 -mfpu=fpv4-sp-d16 -mfloat-abi=hard -mthumb -D__REDLIB__ -specs=redlib.specs -MMD -MP -MF"amazon-freertos/portable/heap_4.d" -MT"amazon-freertos/portable/heap_4.o" -MT"amazon-freertos/portable/heap_4.d" -o "amazon-freertos/portable/heap_4.o" "../amazon-freertos/portable/heap_4.c"
Finished building: ../board/clock_config.c
 
Building file: ../amazon-freertos/TraceRecorder/streamports/Jlink_RTT/SEGGER_RTT.c
Invoking: MCU C Compiler
arm-none-eabi-gcc -D__REDLIB__ -DFSL_RTOS_BM -DSDK_OS_BAREMETAL -DSDK_DEBUGCONSOLE=0 -DCR_INTEGER_PRINTF -DPRINTF_FLOAT_ENABLE=0 -DSDK_OS_FREE_RTOS -DFSL_RTOS_FREE_RTOS -DCPU_MK64FN1M0VDC12_cm4 -DCPU_MK64FN1M0VDC12 -D__MCUXPRESSO -D__USE_CMSIS -DDEBUG -I../drivers -I../CMSIS -I../amazon-freertos/FreeRTOS/portable -I../amazon-freertos/portable -I../amazon-freertos/include -I../source -I../drivers/freertos -I../board -I../ -I../startup -O0 -fno-common -g3 -Wall -c -ffunction-sections -fdata-sections -ffreestanding -fno-builtin -mcpu=cortex-m4 -mfpu=fpv4-sp-d16 -mfloat-abi=hard -mthumb -D__REDLIB__ -specs=redlib.specs -MMD -MP -MF"amazon-freertos/TraceRecorder/streamports/Jlink_RTT/SEGGER_RTT.d" -MT"amazon-freertos/TraceRecorder/streamports/Jlink_RTT/SEGGER_RTT.o" -MT"amazon-freertos/TraceRecorder/streamports/Jlink_RTT/SEGGER_RTT.d" -o "amazon-freertos/TraceRecorder/streamports/Jlink_RTT/SEGGER_RTT.o" "../amazon-freertos/TraceRecorder/streamports/Jlink_RTT/SEGGER_RTT.c"
Finished building: ../drivers/fsl_uart.c
 
Building file: ../amazon-freertos/TraceRecorder/streamports/Jlink_RTT/trcStreamingPort.c
Invoking: MCU C Compiler
arm-none-eabi-gcc -D__REDLIB__ -DFSL_RTOS_BM -DSDK_OS_BAREMETAL -DSDK_DEBUGCONSOLE=0 -DCR_INTEGER_PRINTF -DPRINTF_FLOAT_ENABLE=0 -DSDK_OS_FREE_RTOS -DFSL_RTOS_FREE_RTOS -DCPU_MK64FN1M0VDC12_cm4 -DCPU_MK64FN1M0VDC12 -D__MCUXPRESSO -D__USE_CMSIS -DDEBUG -I../drivers -I../CMSIS -I../amazon-freertos/FreeRTOS/portable -I../amazon-freertos/portable -I../amazon-freertos/include -I../source -I../drivers/freertos -I../board -I../ -I../startup -O0 -fno-common -g3 -Wall -c -ffunction-sections -fdata-sections -ffreestanding -fno-builtin -mcpu=cortex-m4 -mfpu=fpv4-sp-d16 -mfloat-abi=hard -mthumb -D__REDLIB__ -specs=redlib.specs -MMD -MP -MF"amazon-freertos/TraceRecorder/streamports/Jlink_RTT/trcStreamingPort.d" -MT"amazon-freertos/TraceRecorder/streamports/Jlink_RTT/trcStreamingPort.o" -MT"amazon-freertos/TraceRecorder/streamports/Jlink_RTT/trcStreamingPort.d" -o "amazon-freertos/TraceRecorder/streamports/Jlink_RTT/trcStreamingPort.o" "../amazon-freertos/TraceRecorder/streamports/Jlink_RTT/trcStreamingPort.c"
Finished building: ../amazon-freertos/TraceRecorder/streamports/Jlink_RTT/SEGGER_RTT.c
 
Building file: ../amazon-freertos/TraceRecorder/streamports/File/trcStreamingPort.c
Invoking: MCU C Compiler
arm-none-eabi-gcc -D__REDLIB__ -DFSL_RTOS_BM -DSDK_OS_BAREMETAL -DSDK_DEBUGCONSOLE=0 -DCR_INTEGER_PRINTF -DPRINTF_FLOAT_ENABLE=0 -DSDK_OS_FREE_RTOS -DFSL_RTOS_FREE_RTOS -DCPU_MK64FN1M0VDC12_cm4 -DCPU_MK64FN1M0VDC12 -D__MCUXPRESSO -D__USE_CMSIS -DDEBUG -I../drivers -I../CMSIS -I../amazon-freertos/FreeRTOS/portable -I../amazon-freertos/portable -I../amazon-freertos/include -I../source -I../drivers/freertos -I../board -I../ -I../startup -O0 -fno-common -g3 -Wall -c -ffunction-sections -fdata-sections -ffreestanding -fno-builtin -mcpu=cortex-m4 -mfpu=fpv4-sp-d16 -mfloat-abi=hard -mthumb -D__REDLIB__ -specs=redlib.specs -MMD -MP -MF"amazon-freertos/TraceRecorder/streamports/File/trcStreamingPort.d" -MT"amazon-freertos/TraceRecorder/streamports/File/trcStreamingPort.o" -MT"amazon-freertos/TraceRecorder/streamports/File/trcStreamingPort.d" -o "amazon-freertos/TraceRecorder/streamports/File/trcStreamingPort.o" "../amazon-freertos/TraceRecorder/streamports/File/trcStreamingPort.c"
Finished building: ../amazon-freertos/portable/fsl_tickless_systick.c
 
Building file: ../amazon-freertos/TraceRecorder/streamports/ARM_ITM/trcStreamingPort.c
Invoking: MCU C Compiler
arm-none-eabi-gcc -D__REDLIB__ -DFSL_RTOS_BM -DSDK_OS_BAREMETAL -DSDK_DEBUGCONSOLE=0 -DCR_INTEGER_PRINTF -DPRINTF_FLOAT_ENABLE=0 -DSDK_OS_FREE_RTOS -DFSL_RTOS_FREE_RTOS -DCPU_MK64FN1M0VDC12_cm4 -DCPU_MK64FN1M0VDC12 -D__MCUXPRESSO -D__USE_CMSIS -DDEBUG -I../drivers -I../CMSIS -I../amazon-freertos/FreeRTOS/portable -I../amazon-freertos/portable -I../amazon-freertos/include -I../source -I../drivers/freertos -I../board -I../ -I../startup -O0 -fno-common -g3 -Wall -c -ffunction-sections -fdata-sections -ffreestanding -fno-builtin -mcpu=cortex-m4 -mfpu=fpv4-sp-d16 -mfloat-abi=hard -mthumb -D__REDLIB__ -specs=redlib.specs -MMD -MP -MF"amazon-freertos/TraceRecorder/streamports/ARM_ITM/trcStreamingPort.d" -MT"amazon-freertos/TraceRecorder/streamports/ARM_ITM/trcStreamingPort.o" -MT"amazon-freertos/TraceRecorder/streamports/ARM_ITM/trcStreamingPort.d" -o "amazon-freertos/TraceRecorder/streamports/ARM_ITM/trcStreamingPort.o" "../amazon-freertos/TraceRecorder/streamports/ARM_ITM/trcStreamingPort.c"
Finished building: ../amazon-freertos/portable/heap_4.c
 
Building file: ../amazon-freertos/TraceRecorder/trcKernelPort.c
Invoking: MCU C Compiler
arm-none-eabi-gcc -D__REDLIB__ -DFSL_RTOS_BM -DSDK_OS_BAREMETAL -DSDK_DEBUGCONSOLE=0 -DCR_INTEGER_PRINTF -DPRINTF_FLOAT_ENABLE=0 -DSDK_OS_FREE_RTOS -DFSL_RTOS_FREE_RTOS -DCPU_MK64FN1M0VDC12_cm4 -DCPU_MK64FN1M0VDC12 -D__MCUXPRESSO -D__USE_CMSIS -DDEBUG -I../drivers -I../CMSIS -I../amazon-freertos/FreeRTOS/portable -I../amazon-freertos/portable -I../amazon-freertos/include -I../source -I../drivers/freertos -I../board -I../ -I../startup -O0 -fno-common -g3 -Wall -c -ffunction-sections -fdata-sections -ffreestanding -fno-builtin -mcpu=cortex-m4 -mfpu=fpv4-sp-d16 -mfloat-abi=hard -mthumb -D__REDLIB__ -specs=redlib.specs -MMD -MP -MF"amazon-freertos/TraceRecorder/trcKernelPort.d" -MT"amazon-freertos/TraceRecorder/trcKernelPort.o" -MT"amazon-freertos/TraceRecorder/trcKernelPort.d" -o "amazon-freertos/TraceRecorder/trcKernelPort.o" "../amazon-freertos/TraceRecorder/trcKernelPort.c"
Finished building: ../amazon-freertos/TraceRecorder/streamports/Jlink_RTT/trcStreamingPort.c
 
Building file: ../amazon-freertos/TraceRecorder/trcSnapshotRecorder.c
Invoking: MCU C Compiler
arm-none-eabi-gcc -D__REDLIB__ -DFSL_RTOS_BM -DSDK_OS_BAREMETAL -DSDK_DEBUGCONSOLE=0 -DCR_INTEGER_PRINTF -DPRINTF_FLOAT_ENABLE=0 -DSDK_OS_FREE_RTOS -DFSL_RTOS_FREE_RTOS -DCPU_MK64FN1M0VDC12_cm4 -DCPU_MK64FN1M0VDC12 -D__MCUXPRESSO -D__USE_CMSIS -DDEBUG -I../drivers -I../CMSIS -I../amazon-freertos/FreeRTOS/portable -I../amazon-freertos/portable -I../amazon-freertos/include -I../source -I../drivers/freertos -I../board -I../ -I../startup -O0 -fno-common -g3 -Wall -c -ffunction-sections -fdata-sections -ffreestanding -fno-builtin -mcpu=cortex-m4 -mfpu=fpv4-sp-d16 -mfloat-abi=hard -mthumb -D__REDLIB__ -specs=redlib.specs -MMD -MP -MF"amazon-freertos/TraceRecorder/trcSnapshotRecorder.d" -MT"amazon-freertos/TraceRecorder/trcSnapshotRecorder.o" -MT"amazon-freertos/TraceRecorder/trcSnapshotRecorder.d" -o "amazon-freertos/TraceRecorder/trcSnapshotRecorder.o" "../amazon-freertos/TraceRecorder/trcSnapshotRecorder.c"
Finished building: ../amazon-freertos/TraceRecorder/streamports/ARM_ITM/trcStreamingPort.c
 
Building file: ../amazon-freertos/TraceRecorder/trcStreamingRecorder.c
Invoking: MCU C Compiler
arm-none-eabi-gcc -D__REDLIB__ -DFSL_RTOS_BM -DSDK_OS_BAREMETAL -DSDK_DEBUGCONSOLE=0 -DCR_INTEGER_PRINTF -DPRINTF_FLOAT_ENABLE=0 -DSDK_OS_FREE_RTOS -DFSL_RTOS_FREE_RTOS -DCPU_MK64FN1M0VDC12_cm4 -DCPU_MK64FN1M0VDC12 -D__MCUXPRESSO -D__USE_CMSIS -DDEBUG -I../drivers -I../CMSIS -I../amazon-freertos/FreeRTOS/portable -I../amazon-freertos/portable -I../amazon-freertos/include -I../source -I../drivers/freertos -I../board -I../ -I../startup -O0 -fno-common -g3 -Wall -c -ffunction-sections -fdata-sections -ffreestanding -fno-builtin -mcpu=cortex-m4 -mfpu=fpv4-sp-d16 -mfloat-abi=hard -mthumb -D__REDLIB__ -specs=redlib.specs -MMD -MP -MF"amazon-freertos/TraceRecorder/trcStreamingRecorder.d" -MT"amazon-freertos/TraceRecorder/trcStreamingRecorder.o" -MT"amazon-freertos/TraceRecorder/trcStreamingRecorder.d" -o "amazon-freertos/TraceRecorder/trcStreamingRecorder.o" "../amazon-freertos/TraceRecorder/trcStreamingRecorder.c"
Finished building: ../amazon-freertos/TraceRecorder/streamports/File/trcStreamingPort.c
 
Building file: ../amazon-freertos/FreeRTOS/portable/port.c
Invoking: MCU C Compiler
arm-none-eabi-gcc -D__REDLIB__ -DFSL_RTOS_BM -DSDK_OS_BAREMETAL -DSDK_DEBUGCONSOLE=0 -DCR_INTEGER_PRINTF -DPRINTF_FLOAT_ENABLE=0 -DSDK_OS_FREE_RTOS -DFSL_RTOS_FREE_RTOS -DCPU_MK64FN1M0VDC12_cm4 -DCPU_MK64FN1M0VDC12 -D__MCUXPRESSO -D__USE_CMSIS -DDEBUG -I../drivers -I../CMSIS -I../amazon-freertos/FreeRTOS/portable -I../amazon-freertos/portable -I../amazon-freertos/include -I../source -I../drivers/freertos -I../board -I../ -I../startup -O0 -fno-common -g3 -Wall -c -ffunction-sections -fdata-sections -ffreestanding -fno-builtin -mcpu=cortex-m4 -mfpu=fpv4-sp-d16 -mfloat-abi=hard -mthumb -D__REDLIB__ -specs=redlib.specs -MMD -MP -MF"amazon-freertos/FreeRTOS/portable/port.d" -MT"amazon-freertos/FreeRTOS/portable/port.o" -MT"amazon-freertos/FreeRTOS/portable/port.d" -o "amazon-freertos/FreeRTOS/portable/port.o" "../amazon-freertos/FreeRTOS/portable/port.c"
Finished building: ../amazon-freertos/TraceRecorder/trcKernelPort.c
 
Building file: ../amazon-freertos/FreeRTOS/event_groups.c
Invoking: MCU C Compiler
arm-none-eabi-gcc -D__REDLIB__ -DFSL_RTOS_BM -DSDK_OS_BAREMETAL -DSDK_DEBUGCONSOLE=0 -DCR_INTEGER_PRINTF -DPRINTF_FLOAT_ENABLE=0 -DSDK_OS_FREE_RTOS -DFSL_RTOS_FREE_RTOS -DCPU_MK64FN1M0VDC12_cm4 -DCPU_MK64FN1M0VDC12 -D__MCUXPRESSO -D__USE_CMSIS -DDEBUG -I../drivers -I../CMSIS -I../amazon-freertos/FreeRTOS/portable -I../amazon-freertos/portable -I../amazon-freertos/include -I../source -I../drivers/freertos -I../board -I../ -I../startup -O0 -fno-common -g3 -Wall -c -ffunction-sections -fdata-sections -ffreestanding -fno-builtin -mcpu=cortex-m4 -mfpu=fpv4-sp-d16 -mfloat-abi=hard -mthumb -D__REDLIB__ -specs=redlib.specs -MMD -MP -MF"amazon-freertos/FreeRTOS/event_groups.d" -MT"amazon-freertos/FreeRTOS/event_groups.o" -MT"amazon-freertos/FreeRTOS/event_groups.d" -o "amazon-freertos/FreeRTOS/event_groups.o" "../amazon-freertos/FreeRTOS/event_groups.c"
Finished building: ../amazon-freertos/TraceRecorder/trcStreamingRecorder.c
 
Building file: ../amazon-freertos/FreeRTOS/list.c
Invoking: MCU C Compiler
arm-none-eabi-gcc -D__REDLIB__ -DFSL_RTOS_BM -DSDK_OS_BAREMETAL -DSDK_DEBUGCONSOLE=0 -DCR_INTEGER_PRINTF -DPRINTF_FLOAT_ENABLE=0 -DSDK_OS_FREE_RTOS -DFSL_RTOS_FREE_RTOS -DCPU_MK64FN1M0VDC12_cm4 -DCPU_MK64FN1M0VDC12 -D__MCUXPRESSO -D__USE_CMSIS -DDEBUG -I../drivers -I../CMSIS -I../amazon-freertos/FreeRTOS/portable -I../amazon-freertos/portable -I../amazon-freertos/include -I../source -I../drivers/freertos -I../board -I../ -I../startup -O0 -fno-common -g3 -Wall -c -ffunction-sections -fdata-sections -ffreestanding -fno-builtin -mcpu=cortex-m4 -mfpu=fpv4-sp-d16 -mfloat-abi=hard -mthumb -D__REDLIB__ -specs=redlib.specs -MMD -MP -MF"amazon-freertos/FreeRTOS/list.d" -MT"amazon-freertos/FreeRTOS/list.o" -MT"amazon-freertos/FreeRTOS/list.d" -o "amazon-freertos/FreeRTOS/list.o" "../amazon-freertos/FreeRTOS/list.c"
Finished building: ../amazon-freertos/TraceRecorder/trcSnapshotRecorder.c
 
Building file: ../amazon-freertos/FreeRTOS/queue.c
Invoking: MCU C Compiler
arm-none-eabi-gcc -D__REDLIB__ -DFSL_RTOS_BM -DSDK_OS_BAREMETAL -DSDK_DEBUGCONSOLE=0 -DCR_INTEGER_PRINTF -DPRINTF_FLOAT_ENABLE=0 -DSDK_OS_FREE_RTOS -DFSL_RTOS_FREE_RTOS -DCPU_MK64FN1M0VDC12_cm4 -DCPU_MK64FN1M0VDC12 -D__MCUXPRESSO -D__USE_CMSIS -DDEBUG -I../drivers -I../CMSIS -I../amazon-freertos/FreeRTOS/portable -I../amazon-freertos/portable -I../amazon-freertos/include -I../source -I../drivers/freertos -I../board -I../ -I../startup -O0 -fno-common -g3 -Wall -c -ffunction-sections -fdata-sections -ffreestanding -fno-builtin -mcpu=cortex-m4 -mfpu=fpv4-sp-d16 -mfloat-abi=hard -mthumb -D__REDLIB__ -specs=redlib.specs -MMD -MP -MF"amazon-freertos/FreeRTOS/queue.d" -MT"amazon-freertos/FreeRTOS/queue.o" -MT"amazon-freertos/FreeRTOS/queue.d" -o "amazon-freertos/FreeRTOS/queue.o" "../amazon-freertos/FreeRTOS/queue.c"
Finished building: ../amazon-freertos/FreeRTOS/event_groups.c
 
Building file: ../amazon-freertos/FreeRTOS/stream_buffer.c
Finished building: ../amazon-freertos/FreeRTOS/portable/port.c
 
Invoking: MCU C Compiler
Building file: ../amazon-freertos/FreeRTOS/tasks.c
Invoking: MCU C Compiler
arm-none-eabi-gcc -D__REDLIB__ -DFSL_RTOS_BM -DSDK_OS_BAREMETAL -DSDK_DEBUGCONSOLE=0 -DCR_INTEGER_PRINTF -DPRINTF_FLOAT_ENABLE=0 -DSDK_OS_FREE_RTOS -DFSL_RTOS_FREE_RTOS -DCPU_MK64FN1M0VDC12_cm4 -DCPU_MK64FN1M0VDC12 -D__MCUXPRESSO -D__USE_CMSIS -DDEBUG -I../drivers -I../CMSIS -I../amazon-freertos/FreeRTOS/portable -I../amazon-freertos/portable -I../amazon-freertos/include -I../source -I../drivers/freertos -I../board -I../ -I../startup -O0 -fno-common -g3 -Wall -c -ffunction-sections -fdata-sections -ffreestanding -fno-builtin -mcpu=cortex-m4 -mfpu=fpv4-sp-d16 -mfloat-abi=hard -mthumb -D__REDLIB__ -specs=redlib.specs -MMD -MP -MF"amazon-freertos/FreeRTOS/tasks.d" -MT"amazon-freertos/FreeRTOS/tasks.o" -MT"amazon-freertos/FreeRTOS/tasks.d" -o "amazon-freertos/FreeRTOS/tasks.o" "../amazon-freertos/FreeRTOS/tasks.c"
arm-none-eabi-gcc -D__REDLIB__ -DFSL_RTOS_BM -DSDK_OS_BAREMETAL -DSDK_DEBUGCONSOLE=0 -DCR_INTEGER_PRINTF -DPRINTF_FLOAT_ENABLE=0 -DSDK_OS_FREE_RTOS -DFSL_RTOS_FREE_RTOS -DCPU_MK64FN1M0VDC12_cm4 -DCPU_MK64FN1M0VDC12 -D__MCUXPRESSO -D__USE_CMSIS -DDEBUG -I../drivers -I../CMSIS -I../amazon-freertos/FreeRTOS/portable -I../amazon-freertos/portable -I../amazon-freertos/include -I../source -I../drivers/freertos -I../board -I../ -I../startup -O0 -fno-common -g3 -Wall -c -ffunction-sections -fdata-sections -ffreestanding -fno-builtin -mcpu=cortex-m4 -mfpu=fpv4-sp-d16 -mfloat-abi=hard -mthumb -D__REDLIB__ -specs=redlib.specs -MMD -MP -MF"amazon-freertos/FreeRTOS/stream_buffer.d" -MT"amazon-freertos/FreeRTOS/stream_buffer.o" -MT"amazon-freertos/FreeRTOS/stream_buffer.d" -o "amazon-freertos/FreeRTOS/stream_buffer.o" "../amazon-freertos/FreeRTOS/stream_buffer.c"
Finished building: ../amazon-freertos/FreeRTOS/list.c
 
Building file: ../amazon-freertos/FreeRTOS/timers.c
Invoking: MCU C Compiler
arm-none-eabi-gcc -D__REDLIB__ -DFSL_RTOS_BM -DSDK_OS_BAREMETAL -DSDK_DEBUGCONSOLE=0 -DCR_INTEGER_PRINTF -DPRINTF_FLOAT_ENABLE=0 -DSDK_OS_FREE_RTOS -DFSL_RTOS_FREE_RTOS -DCPU_MK64FN1M0VDC12_cm4 -DCPU_MK64FN1M0VDC12 -D__MCUXPRESSO -D__USE_CMSIS -DDEBUG -I../drivers -I../CMSIS -I../amazon-freertos/FreeRTOS/portable -I../amazon-freertos/portable -I../amazon-freertos/include -I../source -I../drivers/freertos -I../board -I../ -I../startup -O0 -fno-common -g3 -Wall -c -ffunction-sections -fdata-sections -ffreestanding -fno-builtin -mcpu=cortex-m4 -mfpu=fpv4-sp-d16 -mfloat-abi=hard -mthumb -D__REDLIB__ -specs=redlib.specs -MMD -MP -MF"amazon-freertos/FreeRTOS/timers.d" -MT"amazon-freertos/FreeRTOS/timers.o" -MT"amazon-freertos/FreeRTOS/timers.d" -o "amazon-freertos/FreeRTOS/timers.o" "../amazon-freertos/FreeRTOS/timers.c"
Finished building: ../amazon-freertos/FreeRTOS/stream_buffer.c
 
Building file: ../CMSIS/system_MK64F12.c
Invoking: MCU C Compiler
arm-none-eabi-gcc -D__REDLIB__ -DFSL_RTOS_BM -DSDK_OS_BAREMETAL -DSDK_DEBUGCONSOLE=0 -DCR_INTEGER_PRINTF -DPRINTF_FLOAT_ENABLE=0 -DSDK_OS_FREE_RTOS -DFSL_RTOS_FREE_RTOS -DCPU_MK64FN1M0VDC12_cm4 -DCPU_MK64FN1M0VDC12 -D__MCUXPRESSO -D__USE_CMSIS -DDEBUG -I../drivers -I../CMSIS -I../amazon-freertos/FreeRTOS/portable -I../amazon-freertos/portable -I../amazon-freertos/include -I../source -I../drivers/freertos -I../board -I../ -I../startup -O0 -fno-common -g3 -Wall -c -ffunction-sections -fdata-sections -ffreestanding -fno-builtin -mcpu=cortex-m4 -mfpu=fpv4-sp-d16 -mfloat-abi=hard -mthumb -D__REDLIB__ -specs=redlib.specs -MMD -MP -MF"CMSIS/system_MK64F12.d" -MT"CMSIS/system_MK64F12.o" -MT"CMSIS/system_MK64F12.d" -o "CMSIS/system_MK64F12.o" "../CMSIS/system_MK64F12.c"
Finished building: ../amazon-freertos/FreeRTOS/queue.c
 
Finished building: ../amazon-freertos/FreeRTOS/timers.c
 
Finished building: ../amazon-freertos/FreeRTOS/tasks.c
 
Finished building: ../CMSIS/system_MK64F12.c
 
Building target: TP4_SO2.axf
Invoking: MCU Linker
arm-none-eabi-gcc -nostdlib -Xlinker -Map="TP4_SO2.map" -Xlinker --gc-sections -Xlinker -print-memory-usage -Xlinker --sort-section=alignment -mcpu=cortex-m4 -mfpu=fpv4-sp-d16 -mfloat-abi=hard -mthumb -T TP4_SO2_Debug.ld -o "TP4_SO2.axf"  ./startup/startup_mk64f12.o  ./source/TP4_SO2.o ./source/semihost_hardfault.o  ./drivers/freertos/fsl_uart_freertos.o  ./drivers/fsl_clock.o ./drivers/fsl_common.o ./drivers/fsl_uart.o  ./board/board.o ./board/clock_config.o ./board/peripherals.o ./board/pin_mux.o  ./amazon-freertos/portable/fsl_tickless_systick.o ./amazon-freertos/portable/heap_4.o  ./amazon-freertos/TraceRecorder/streamports/Jlink_RTT/SEGGER_RTT.o ./amazon-freertos/TraceRecorder/streamports/Jlink_RTT/trcStreamingPort.o  ./amazon-freertos/TraceRecorder/streamports/File/trcStreamingPort.o  ./amazon-freertos/TraceRecorder/streamports/ARM_ITM/trcStreamingPort.o  ./amazon-freertos/TraceRecorder/trcKernelPort.o ./amazon-freertos/TraceRecorder/trcSnapshotRecorder.o ./amazon-freertos/TraceRecorder/trcStreamingRecorder.o  ./amazon-freertos/FreeRTOS/portable/port.o  ./amazon-freertos/FreeRTOS/event_groups.o ./amazon-freertos/FreeRTOS/list.o ./amazon-freertos/FreeRTOS/queue.o ./amazon-freertos/FreeRTOS/stream_buffer.o ./amazon-freertos/FreeRTOS/tasks.o ./amazon-freertos/FreeRTOS/timers.o  ./CMSIS/system_MK64F12.o   
Memory region         Used Size  Region Size  %age Used
   PROGRAM_FLASH:       33200 B         1 MB      3.17%
      SRAM_UPPER:      121960 B       192 KB     62.03%
      SRAM_LOWER:          0 GB        64 KB      0.00%
        FLEX_RAM:          0 GB         4 KB      0.00%
Finished building target: TP4_SO2.axf
 
make --no-print-directory post-build
Performing post-build steps
arm-none-eabi-size "TP4_SO2.axf"; # arm-none-eabi-objcopy -v -O binary "TP4_SO2.axf" "TP4_SO2.bin" ; # checksum -p MK64FN1M0xxx12 -d "TP4_SO2.bin";
   text	   data	    bss	    dec	    hex	filename
  32944	    256	 121704	 154904	  25d18	TP4_SO2.axf
 

20:27:29 Build Finished (took 2s.430ms)

